Archive member included to satisfy reference by file (symbol)

app/libapp.a(main.c.obj)      (--whole-archive)
app/libapp.a(ssd1306.c.obj)   (--whole-archive)
app/libapp.a(gfx.c.obj)       (--whole-archive)
app/libapp.a(event.c.obj)     (--whole-archive)
app/libapp.a(rtc.c.obj)       (--whole-archive)
app/libapp.a(timer.c.obj)     (--whole-archive)
app/libapp.a(input.c.obj)     (--whole-archive)
zephyr/libzephyr.a(validate_libc.c.obj)
                              (--whole-archive)
zephyr/libzephyr.a(heap.c.obj)
                              (--whole-archive)
zephyr/libzephyr.a(boot_banner.c.obj)
                              (--whole-archive)
zephyr/libzephyr.a(cbprintf_packaged.c.obj)
                              (--whole-archive)
zephyr/libzephyr.a(clock.c.obj)
                              (--whole-archive)
zephyr/libzephyr.a(printk.c.obj)
                              (--whole-archive)
zephyr/libzephyr.a(cbprintf_complete.c.obj)
                              (--whole-archive)
zephyr/libzephyr.a(assert.c.obj)
                              (--whole-archive)
zephyr/libzephyr.a(dec.c.obj)
                              (--whole-archive)
zephyr/libzephyr.a(hex.c.obj)
                              (--whole-archive)
zephyr/libzephyr.a(rb.c.obj)  (--whole-archive)
zephyr/libzephyr.a(set.c.obj)
                              (--whole-archive)
zephyr/libzephyr.a(timeutil.c.obj)
                              (--whole-archive)
zephyr/libzephyr.a(bitarray.c.obj)
                              (--whole-archive)
zephyr/libzephyr.a(bitmask.c.obj)
                              (--whole-archive)
zephyr/libzephyr.a(getopt.c.obj)
                              (--whole-archive)
zephyr/libzephyr.a(getopt_common.c.obj)
                              (--whole-archive)
zephyr/libzephyr.a(onoff.c.obj)
                              (--whole-archive)
zephyr/libzephyr.a(notify.c.obj)
                              (--whole-archive)
zephyr/libzephyr.a(ring_buffer.c.obj)
                              (--whole-archive)
zephyr/libzephyr.a(last_section_id.c.obj)
                              (--whole-archive)
zephyr/libzephyr.a(configs.c.obj)
                              (--whole-archive)
zephyr/libzephyr.a(mem_attr.c.obj)
                              (--whole-archive)
zephyr/libzephyr.a(tracing_none.c.obj)
                              (--whole-archive)
zephyr/libzephyr.a(sem.c.obj)
                              (--whole-archive)
zephyr/libzephyr.a(thread_entry.c.obj)
                              (--whole-archive)
zephyr/arch/common/libarch__common.a(sw_isr_common.c.obj)
                              (--whole-archive)
zephyr/arch/common/libarch__common.a(init.c.obj)
                              (--whole-archive)
zephyr/arch/common/libarch__common.a(xip.c.obj)
                              (--whole-archive)
zephyr/arch/common/libarch__common.a(instr_mem.c.obj)
                              (--whole-archive)
zephyr/arch/arch/arm/core/libarch__arm__core.a(fatal.c.obj)
                              (--whole-archive)
zephyr/arch/arch/arm/core/libarch__arm__core.a(nmi.c.obj)
                              (--whole-archive)
zephyr/arch/arch/arm/core/libarch__arm__core.a(nmi_on_reset.S.obj)
                              (--whole-archive)
zephyr/arch/arch/arm/core/libarch__arm__core.a(tls.c.obj)
                              (--whole-archive)
zephyr/arch/arch/arm/core/cortex_m/libarch__arm__core__cortex_m.a(fault.c.obj)
                              (--whole-archive)
zephyr/arch/arch/arm/core/cortex_m/libarch__arm__core__cortex_m.a(fault_s.S.obj)
                              (--whole-archive)
zephyr/arch/arch/arm/core/cortex_m/libarch__arm__core__cortex_m.a(fpu.c.obj)
                              (--whole-archive)
zephyr/arch/arch/arm/core/cortex_m/libarch__arm__core__cortex_m.a(reset.S.obj)
                              (--whole-archive)
zephyr/arch/arch/arm/core/cortex_m/libarch__arm__core__cortex_m.a(scb.c.obj)
                              (--whole-archive)
zephyr/arch/arch/arm/core/cortex_m/libarch__arm__core__cortex_m.a(vector_table.S.obj)
                              (--whole-archive)
zephyr/arch/arch/arm/core/cortex_m/libarch__arm__core__cortex_m.a(svc.S.obj)
                              (--whole-archive)
zephyr/arch/arch/arm/core/cortex_m/libarch__arm__core__cortex_m.a(irq_manage.c.obj)
                              (--whole-archive)
zephyr/arch/arch/arm/core/cortex_m/libarch__arm__core__cortex_m.a(prep_c.c.obj)
                              (--whole-archive)
zephyr/arch/arch/arm/core/cortex_m/libarch__arm__core__cortex_m.a(thread.c.obj)
                              (--whole-archive)
zephyr/arch/arch/arm/core/cortex_m/libarch__arm__core__cortex_m.a(cpu_idle.c.obj)
                              (--whole-archive)
zephyr/arch/arch/arm/core/cortex_m/libarch__arm__core__cortex_m.a(exc_exit.c.obj)
                              (--whole-archive)
zephyr/arch/arch/arm/core/cortex_m/libarch__arm__core__cortex_m.a(thread_abort.c.obj)
[...]
Memory Configuration

Name             Origin             Length             Attributes
FLASH            0x00000000         0x00100000         xr
RAM              0x20000000         0x00040000         xw
IDT_LIST         0xffff7fff         0x00008000         xw
*default*        0x00000000         0xffffffff

Linker script and memory map

                0x00003fe4                        vfprintf = __l_vfprintf
                0x00000000                        vfscanf = __l_vfscanf
LOAD zephyr/CMakeFiles/zephyr_final.dir/misc/empty_file.c.obj
LOAD zephyr/CMakeFiles/zephyr_final.dir/isr_tables.c.obj
LOAD zephyr/CMakeFiles/offsets.dir/./arch/arm/core/offsets/offsets.c.obj
LOAD app/libapp.a
LOAD zephyr/libzephyr.a
LOAD zephyr/arch/common/libarch__common.a
LOAD zephyr/arch/arch/arm/core/libarch__arm__core.a
LOAD zephyr/arch/arch/arm/core/cortex_m/libarch__arm__core__cortex_m.a
LOAD zephyr/arch/arch/arm/core/mpu/libarch__arm__core__mpu.a
LOAD zephyr/lib/libc/picolibc/liblib__libc__picolibc.a
LOAD zephyr/lib/libc/common/liblib__libc__common.a
LOAD zephyr/soc/soc/nrf52840/libsoc__nordic.a
LOAD zephyr/subsys/portability/posix/c_lib_ext/libsubsys__portability__posix__c_lib_ext.a
LOAD zephyr/drivers/clock_control/libdrivers__clock_control.a
LOAD zephyr/drivers/console/libdrivers__console.a
LOAD zephyr/drivers/gpio/libdrivers__gpio.a
LOAD zephyr/drivers/i2c/libdrivers__i2c.a
LOAD zephyr/drivers/pinctrl/libdrivers__pinctrl.a
LOAD zephyr/drivers/serial/libdrivers__serial.a
LOAD zephyr/drivers/timer/libdrivers__timer.a
LOAD modules/hal_nordic/nrfx/libnrfx.a
LOAD zephyr/kernel/libkernel.a
LOAD zephyr/arch/common/libisr_tables.a
LOAD /home/i4why/workspace/zephyrproject/zephyr-sdk-1.0.1/gnu/arm-zephyr-eabi/bin/../lib/gcc/arm-zephyr-eabi/14.3.0/../../../../arm-zephyr-eabi/lib/thumb/v7e-m/nofp/space/libc.a
LOAD /home/i4why/workspace/zephyrproject/zephyr-sdk-1.0.1/gnu/arm-zephyr-eabi/bin/../lib/gcc/arm-zephyr-eabi/14.3.0/thumb/v7e-m/nofp/space/libgcc.a
                0x00000020                        _region_min_align = 0x20

.rel.plt        0x00000000        0x0
 *(SORT_BY_ALIGNMENT(.rel.plt))
                [!provide]                        PROVIDE (__rel_iplt_start = .)
 *(SORT_BY_ALIGNMENT(.rel.iplt))
 .rel.iplt      0x00000000        0x0 zephyr/CMakeFiles/zephyr_final.dir/isr_tables.c.obj
                [!provide]                        PROVIDE (__rel_iplt_end = .)

.rela.plt       0x00000000        0x0
 *(SORT_BY_ALIGNMENT(.rela.plt))
                [!provide]                        PROVIDE (__rela_iplt_start = .)
 *(SORT_BY_ALIGNMENT(.rela.iplt))
                [!provide]                        PROVIDE (__rela_iplt_end = .)

.rel.dyn
 *(SORT_BY_ALIGNMENT(.rel.*))

.rela.dyn
 *(SORT_BY_ALIGNMENT(.rela.*))

/DISCARD/
 *(SORT_BY_ALIGNMENT(.plt))

/DISCARD/
 *(SORT_BY_ALIGNMENT(.iplt))
                0x00000000                        __rom_region_start = 0x0

rom_start       0x00000000      0x100
                0x00000000                        __rom_start_address = .
 FILL mask 0x00
                0x00000000                        . = (. + (0x0 - (. - __rom_start_address)))
                0x00000000                        . = ALIGN (0x4)
                0x00000000                        . = ALIGN (0x80)
                0x00000000                        . = ALIGN (0x100)
                0x00000000                        _vector_start = .
 *(SORT_BY_ALIGNMENT(.exc_vector_table))
 *(SORT_BY_ALIGNMENT(.exc_vector_table.*))
 .exc_vector_table._vector_table_section
                0x00000000       0x40 zephyr/arch/arch/arm/core/cortex_m/libarch__arm__core__cortex_m.a(vector_table.S.obj)
                0x00000000                _vector_table
 *(SORT_BY_ALIGNMENT(.vectors))
                0x00000100                        _vector_end = .
                0x00000040                        . = ALIGN (0x4)
 *(SORT_BY_ALIGNMENT(.gnu.linkonce.irq_vector_table*))
 .gnu.linkonce.irq_vector_table
                0x00000040       0xc0 zephyr/CMakeFiles/zephyr_final.dir/isr_tables.c.obj
                0x00000040                _irq_vector_table
                0x00000100                        _vector_end = .

text            0x00000100     0x5d00
                0x00000100                        __text_region_start = .
 *(SORT_BY_ALIGNMENT(.text))
 *(SORT_BY_ALIGNMENT(.text.*))
 .text.main     0x00000100       0xac app/libapp.a(main.c.obj)
                0x00000100                main
 .text.i2c_write_dt.constprop.0.isra.0
                0x000001ac       0x30 app/libapp.a(ssd1306.c.obj)
 .text.ssd1306_init
                0x000001dc        0xc app/libapp.a(ssd1306.c.obj)
                0x000001dc                ssd1306_init
 .text.gfx_draw_font
                0x000001e8       0x5c app/libapp.a(gfx.c.obj)
                0x000001e8                gfx_draw_font
 .text.RTC2_IRQHandler
                0x00000244       0x78 app/libapp.a(rtc.c.obj)
 .text.rtc_init
                0x000002bc       0x40 app/libapp.a(rtc.c.obj)
                0x000002bc                rtc_init
 .text.rtc_fps_set
                0x000002fc       0x40 app/libapp.a(rtc.c.obj)
                0x000002fc                rtc_fps_set
 .text.btn3_handler
                0x0000033c       0x2c app/libapp.a(input.c.obj)
 .text.btn0_handler
                0x00000368       0x2c app/libapp.a(input.c.obj)
 .text.btn1_handler
                0x00000394       0x2c app/libapp.a(input.c.obj)
 .text.btn2_handler
                0x000003c0       0x2c app/libapp.a(input.c.obj)
 .text.buttons_init
                0x000003ec       0xe4 app/libapp.a(input.c.obj)
                0x000003ec                buttons_init
 .text.boot_banner
                0x000004d0       0x10 zephyr/libzephyr.a(boot_banner.c.obj)
 .text.char_out
                0x000004e0        0xc zephyr/libzephyr.a(printk.c.obj)
 .text.__printk_hook_install
                0x000004ec        0xc zephyr/libzephyr.a(printk.c.obj)
                0x000004ec                __printk_hook_install
 .text.vprintk  0x000004f8       0x30 zephyr/libzephyr.a(printk.c.obj)
                0x000004f8                vprintk
 .text.process_event
                0x00000528      0x1e8 zephyr/libzephyr.a(onoff.c.obj)
 .text.mem_attr_get_regions
                0x00000710        0xc zephyr/libzephyr.a(mem_attr.c.obj)
                0x00000710                mem_attr_get_regions
 .text.z_thread_entry
                0x0000071c       0x34 zephyr/libzephyr.a(thread_entry.c.obj)
                0x0000071c                z_thread_entry
 .text.arch_bss_zero
                0x00000750       0x18 zephyr/arch/common/libarch__common.a(init.c.obj)
                0x00000750                arch_bss_zero
 .text.arch_data_copy
                0x00000768       0x38 zephyr/arch/common/libarch__common.a(xip.c.obj)
                0x00000768                arch_data_copy
 .text.z_arm_fatal_error
                0x000007a0       0x60 zephyr/arch/arch/arm/core/libarch__arm__core.a(fatal.c.obj)
                0x000007a0                z_arm_fatal_error
 .text.z_SysNmiOnReset
                0x00000800        0x8 zephyr/arch/arch/arm/core/libarch__arm__core.a(nmi_on_reset.S.obj)
                0x00000800                z_SysNmiOnReset
 .text.arch_tls_stack_setup
                0x00000808       0x40 zephyr/arch/arch/arm/core/libarch__arm__core.a(tls.c.obj)
                0x00000808                arch_tls_stack_setup
 .text.mem_manage_fault
                0x00000848       0xf0 zephyr/arch/arch/arm/core/cortex_m/libarch__arm__core__cortex_m.a(fault.c.obj)
 .text.usage_fault.isra.0
                0x00000938       0x98 zephyr/arch/arch/arm/core/cortex_m/libarch__arm__core__cortex_m.a(fault.c.obj)
 .text.bus_fault.isra.0
                0x000009d0       0xb8 zephyr/arch/arch/arm/core/cortex_m/libarch__arm__core__cortex_m.a(fault.c.obj)
 .text.z_arm_fault
                0x00000a88      0x1b8 zephyr/arch/arch/arm/core/cortex_m/libarch__arm__core__cortex_m.a(fault.c.obj)
                0x00000a88                z_arm_fault
 .text.z_arm_fault_init
                0x00000c40       0x18 zephyr/arch/arch/arm/core/cortex_m/libarch__arm__core__cortex_m.a(fault.c.obj)
                0x00000c40                z_arm_fault_init
 .text.__fault  0x00000c58       0x14 zephyr/arch/arch/arm/core/cortex_m/libarch__arm__core__cortex_m.a(fault_s.S.obj)
                0x00000c58                z_arm_bus_fault
                0x00000c58                z_arm_usage_fault
                0x00000c58                z_arm_mpu_fault
                0x00000c58                z_arm_exc_spurious
                0x00000c58                z_arm_debug_monitor
                0x00000c58                z_arm_hard_fault
 .text._reset_section
                0x00000c6c       0x38 zephyr/arch/arch/arm/core/cortex_m/libarch__arm__core__cortex_m.a(reset.S.obj)
                0x00000c6c                z_arm_reset
                0x00000c6c                __start
 .text.z_arm_svc
                0x00000ca4       0x24 zephyr/arch/arch/arm/core/cortex_m/libarch__arm__core__cortex_m.a(svc.S.obj)
                0x00000ca4                z_arm_svc
 .text.arm_irq_enable
                0x00000cc8       0x1c zephyr/arch/arch/arm/core/cortex_m/libarch__arm__core__cortex_m.a(irq_manage.c.obj)
                0x00000cc8                arm_irq_enable
 .text.arm_irq_is_enabled
                0x00000ce4       0x1c zephyr/arch/arch/arm/core/cortex_m/libarch__arm__core__cortex_m.a(irq_manage.c.obj)
                0x00000ce4                arm_irq_is_enabled
 .text.arm_irq_priority_set
                0x00000d00       0x30 zephyr/arch/arch/arm/core/cortex_m/libarch__arm__core__cortex_m.a(irq_manage.c.obj)
                0x00000d00                arm_irq_priority_set
 .text.relocate_vector_table
                0x00000d30       0x1c zephyr/arch/arch/arm/core/cortex_m/libarch__arm__core__cortex_m.a(prep_c.c.obj)
                0x00000d30                relocate_vector_table
 .text.z_prep_c
                0x00000d4c       0x38 zephyr/arch/arch/arm/core/cortex_m/libarch__arm__core__cortex_m.a(prep_c.c.obj)
                0x00000d4c                z_prep_c
 .text.arch_new_thread
                0x00000d84       0x38 zephyr/arch/arch/arm/core/cortex_m/libarch__arm__core__cortex_m.a(thread.c.obj)
                0x00000d84                arch_new_thread
 .text.z_check_thread_stack_fail
                0x00000dbc       0x2c zephyr/arch/arch/arm/core/cortex_m/libarch__arm__core__cortex_m.a(thread.c.obj)
                0x00000dbc                z_check_thread_stack_fail
 .text.arch_switch_to_main_thread
                0x00000de8       0x3c zephyr/arch/arch/arm/core/cortex_m/libarch__arm__core__cortex_m.a(thread.c.obj)
                0x00000de8                arch_switch_to_main_thread
 .text.z_arm_cpu_idle_init
                0x00000e24        0xc zephyr/arch/arch/arm/core/cortex_m/libarch__arm__core__cortex_m.a(cpu_idle.c.obj)
                0x00000e24                z_arm_cpu_idle_init
 .text._HandlerModeExit
                0x00000e30       0x20 zephyr/arch/arch/arm/core/cortex_m/libarch__arm__core__cortex_m.a(exc_exit.c.obj)
                0x00000e30                z_arm_exc_exit
                0x00000e30                z_arm_int_exit
 .text.z_impl_k_thread_abort
                0x00000e50       0x2c zephyr/arch/arch/arm/core/cortex_m/libarch__arm__core__cortex_m.a(thread_abort.c.obj)
                0x00000e50                z_impl_k_thread_abort
 .text.z_arm_pendsv
                0x00000e7c       0x64 zephyr/arch/arch/arm/core/cortex_m/libarch__arm__core__cortex_m.a(swap_helper.S.obj)
                0x00000e7c                z_arm_pendsv
 .text.z_arm_interrupt_init
                0x00000ee0       0x18 zephyr/arch/arch/arm/core/cortex_m/libarch__arm__core__cortex_m.a(irq_init.c.obj)
                0x00000ee0                z_arm_interrupt_init
 .text._isr_wrapper
                0x00000ef8       0x24 zephyr/arch/arch/arm/core/cortex_m/libarch__arm__core__cortex_m.a(isr_wrapper.c.obj)
                0x00000ef8                _isr_wrapper
 .text.__aeabi_read_tp
                0x00000f1c        0xc zephyr/arch/arch/arm/core/cortex_m/libarch__arm__core__cortex_m.a(__aeabi_read_tp.S.obj)
                0x00000f1c                __aeabi_read_tp
 .text.z_arm_configure_static_mpu_regions
                0x00000f28       0x18 zephyr/arch/arch/arm/core/mpu/libarch__arm__core__mpu.a(arm_core_mpu.c.obj)
                0x00000f28                z_arm_configure_static_mpu_regions
 .text.z_arm_configure_dynamic_mpu_regions
                0x00000f40       0x20 zephyr/arch/arch/arm/core/mpu/libarch__arm__core__mpu.a(arm_core_mpu.c.obj)
                0x00000f40                z_arm_configure_dynamic_mpu_regions
 .text.region_init
                0x00000f60       0x28 zephyr/arch/arch/arm/core/mpu/libarch__arm__core__mpu.a(arm_mpu.c.obj)
 .text.mpu_configure_regions
                0x00000f88       0x6c zephyr/arch/arch/arm/core/mpu/libarch__arm__core__mpu.a(arm_mpu.c.obj)
 .text.arm_core_mpu_enable
                0x00000ff4       0x18 zephyr/arch/arch/arm/core/mpu/libarch__arm__core__mpu.a(arm_mpu.c.obj)
                0x00000ff4                arm_core_mpu_enable
 .text.arm_core_mpu_disable
                0x0000100c       0x14 zephyr/arch/arch/arm/core/mpu/libarch__arm__core__mpu.a(arm_mpu.c.obj)
                0x0000100c                arm_core_mpu_disable
 .text.arm_core_mpu_configure_static_mpu_regions
                0x00001020       0x14 zephyr/arch/arch/arm/core/mpu/libarch__arm__core__mpu.a(arm_mpu.c.obj)
                0x00001020                arm_core_mpu_configure_static_mpu_regions
 .text.arm_core_mpu_configure_dynamic_mpu_regions
                0x00001034       0x38 zephyr/arch/arch/arm/core/mpu/libarch__arm__core__mpu.a(arm_mpu.c.obj)
                0x00001034                arm_core_mpu_configure_dynamic_mpu_regions
 .text.z_arm_mpu_init
                0x0000106c      0x184 zephyr/arch/arch/arm/core/mpu/libarch__arm__core__mpu.a(arm_mpu.c.obj)
                0x0000106c                z_arm_mpu_init
 .text.z_impl_zephyr_fputc
                0x000011f0       0x10 zephyr/lib/libc/picolibc/liblib__libc__picolibc.a(stdio.c.obj)
                0x000011f0                z_impl_zephyr_fputc
 .text.__stdout_hook_install
                0x00001200       0x18 zephyr/lib/libc/picolibc/liblib__libc__picolibc.a(stdio.c.obj)
                0x00001200                __stdout_hook_install
 .text.malloc_prepare
                0x00001218       0x24 zephyr/lib/libc/common/liblib__libc__common.a(malloc.c.obj)
 .text.soc_early_init_hook
                0x0000123c       0x34 zephyr/soc/soc/nrf52840/libsoc__nordic.a(soc.c.obj)
                0x0000123c                soc_early_init_hook
 .text.arch_busy_wait
                0x00001270       0x24 zephyr/soc/soc/nrf52840/libsoc__nordic.a(soc.c.obj)
                0x00001270                arch_busy_wait
 .text.gppi_init
                0x00001294       0x20 zephyr/soc/soc/nrf52840/libsoc__nordic.a(gppi_init.c.obj)
 .text.onoff_stop
                0x000012b4       0x30 zephyr/drivers/clock_control/libdrivers__clock_control.a(clock_control_nrf.c.obj)
 .text.onoff_start
                0x000012e4       0x44 zephyr/drivers/clock_control/libdrivers__clock_control.a(clock_control_nrf.c.obj)
 .text.clk_init
                0x00001328       0x58 zephyr/drivers/clock_control/libdrivers__clock_control.a(clock_control_nrf.c.obj)
 .text.api_blocking_start
                0x00001380       0x38 zephyr/drivers/clock_control/libdrivers__clock_control.a(clock_control_nrf.c.obj)
 .text.generic_hfclk_stop
                0x000013b8       0x34 zephyr/drivers/clock_control/libdrivers__clock_control.a(clock_control_nrf.c.obj)
 .text.clkstarted_handle.constprop.0
                0x000013ec       0x4c zephyr/drivers/clock_control/libdrivers__clock_control.a(clock_control_nrf.c.obj)
 .text.generic_hfclk_start
                0x00001438       0x78 zephyr/drivers/clock_control/libdrivers__clock_control.a(clock_control_nrf.c.obj)
 .text.clock_event_handler
                0x000014b0       0x1c zephyr/drivers/clock_control/libdrivers__clock_control.a(clock_control_nrf.c.obj)
 .text.z_nrf_clock_control_lf_on
                0x000014cc       0xbc zephyr/drivers/clock_control/libdrivers__clock_control.a(clock_control_nrf.c.obj)
                0x000014cc                z_nrf_clock_control_lf_on
 .text.uart_console_init
                0x00001588       0x28 zephyr/drivers/console/libdrivers__console.a(uart_console.c.obj)
 .text.console_out
                0x000015b0       0x28 zephyr/drivers/console/libdrivers__console.a(uart_console.c.obj)
 .text.gpio_nrfx_pin_configure
                0x000015d8      0x184 zephyr/drivers/gpio/libdrivers__gpio.a(gpio_nrfx.c.obj)
 .text.nrfx_gpio_handler
                0x0000175c       0x4c zephyr/drivers/gpio/libdrivers__gpio.a(gpio_nrfx.c.obj)
 .text.gpio_nrfx_init
                0x000017a8       0x3c zephyr/drivers/gpio/libdrivers__gpio.a(gpio_nrfx.c.obj)
 .text.gpio_nrfx_pin_interrupt_configure
                0x000017e4      0x104 zephyr/drivers/gpio/libdrivers__gpio.a(gpio_nrfx.c.obj)
 .text.nrf_gpio_pin_port_decode
                0x000018e8       0x20 zephyr/drivers/pinctrl/libdrivers__pinctrl.a(pinctrl_nrf.c.obj)
 .text.pinctrl_configure_pins
                0x00001908      0x1a8 zephyr/drivers/pinctrl/libdrivers__pinctrl.a(pinctrl_nrf.c.obj)
                0x00001908                pinctrl_configure_pins
 .text.uarte_nrfx_poll_out
                0x00001ab0       0xb8 zephyr/drivers/serial/libdrivers__serial.a(uart_nrfx_uarte.c.obj)
 .text.compare_int_lock
                0x00001b68       0x4c zephyr/drivers/timer/libdrivers__timer.a(nrf_rtc_timer.c.obj)
 .text.compare_int_unlock
                0x00001bb4       0x5c zephyr/drivers/timer/libdrivers__timer.a(nrf_rtc_timer.c.obj)
 .text.z_nrf_rtc_timer_read
                0x00001c10       0x44 zephyr/drivers/timer/libdrivers__timer.a(nrf_rtc_timer.c.obj)
                0x00001c10                z_nrf_rtc_timer_read
 .text.compare_set
                0x00001c54      0x130 zephyr/drivers/timer/libdrivers__timer.a(nrf_rtc_timer.c.obj)
 .text.sys_clock_driver_init
                0x00001d84       0x90 zephyr/drivers/timer/libdrivers__timer.a(nrf_rtc_timer.c.obj)
 .text.sys_clock_timeout_handler
                0x00001e14       0x68 zephyr/drivers/timer/libdrivers__timer.a(nrf_rtc_timer.c.obj)
 .text.rtc_nrf_isr
                0x00001e7c       0xd0 zephyr/drivers/timer/libdrivers__timer.a(nrf_rtc_timer.c.obj)
                0x00001e7c                rtc_nrf_isr
 .text.sys_clock_set_timeout
                0x00001f4c       0x54 zephyr/drivers/timer/libdrivers__timer.a(nrf_rtc_timer.c.obj)
                0x00001f4c                sys_clock_set_timeout
 .text.sys_clock_elapsed
                0x00001fa0       0x1c zephyr/drivers/timer/libdrivers__timer.a(nrf_rtc_timer.c.obj)
                0x00001fa0                sys_clock_elapsed
 .text.nvmc_wait
                0x00001fbc       0x10 modules/hal_nordic/nrfx/libnrfx.a(system_nrf52840.c.obj)
                0x00001fbc                nvmc_wait
 .text.SystemInit
                0x00001fcc      0x1ac modules/hal_nordic/nrfx/libnrfx.a(system_nrf52840.c.obj)
                0x00001fcc                SystemInit
 .text.nrfx_gppi_init
                0x00002178        0xc modules/hal_nordic/nrfx/libnrfx.a(nrfx_gppi_ppi.c.obj)
                0x00002178                nrfx_gppi_init
 .text.nrfx_gppi_domain_conn_alloc
                0x00002184       0x1c modules/hal_nordic/nrfx/libnrfx.a(nrfx_gppi_ppi.c.obj)
                0x00002184                nrfx_gppi_domain_conn_alloc
 .text.nrfx_gppi_conn_enable
                0x000021a0       0x10 modules/hal_nordic/nrfx/libnrfx.a(nrfx_gppi_ppi.c.obj)
                0x000021a0                nrfx_gppi_conn_enable
 .text.hfclk_event_handler
                0x000021b0        0xc modules/hal_nordic/nrfx/libnrfx.a(nrfx_clock.c.obj)
 .text.lfclk_event_handler
                0x000021bc        0xc modules/hal_nordic/nrfx/libnrfx.a(nrfx_clock.c.obj)
 .text.nrfx_clock_init
                0x000021c8       0x40 modules/hal_nordic/nrfx/libnrfx.a(nrfx_clock.c.obj)
                0x000021c8                nrfx_clock_init
 .text.nrfx_clock_enable
                0x00002208       0x20 modules/hal_nordic/nrfx/libnrfx.a(nrfx_clock.c.obj)
                0x00002208                nrfx_clock_enable
 .text.clock_stop
                0x00002228       0x4c modules/hal_nordic/nrfx/libnrfx.a(nrfx_clock_hfclk.c.obj)
 .text.nrfx_clock_hfclk_init
                0x00002274       0x28 modules/hal_nordic/nrfx/libnrfx.a(nrfx_clock_hfclk.c.obj)
                0x00002274                nrfx_clock_hfclk_init
 .text.nrfx_clock_hfclk_start
                0x0000229c       0x38 modules/hal_nordic/nrfx/libnrfx.a(nrfx_clock_hfclk.c.obj)
                0x0000229c                nrfx_clock_hfclk_start
 .text.nrfx_clock_hfclk_irq_handler
                0x000022d4       0x40 modules/hal_nordic/nrfx/libnrfx.a(nrfx_clock_hfclk.c.obj)
                0x000022d4                nrfx_clock_hfclk_irq_handler
 .text.nrfx_clock_lfclk_init
                0x00002314       0x24 modules/hal_nordic/nrfx/libnrfx.a(nrfx_clock_lfclk.c.obj)
                0x00002314                nrfx_clock_lfclk_init
 .text.nrfx_clock_lfclk_start
                0x00002338       0x80 modules/hal_nordic/nrfx/libnrfx.a(nrfx_clock_lfclk.c.obj)
                0x00002338                nrfx_clock_lfclk_start
 .text.nrfx_clock_lfclk_irq_handler
                0x000023b8       0x70 modules/hal_nordic/nrfx/libnrfx.a(nrfx_clock_lfclk.c.obj)
                0x000023b8                nrfx_clock_lfclk_irq_handler
 .text.nrf_gpio_pin_port_decode
                0x00002428       0x20 modules/hal_nordic/nrfx/libnrfx.a(nrfx_gpiote.c.obj)
 .text.get_pin_idx
                0x00002448       0x14 modules/hal_nordic/nrfx/libnrfx.a(nrfx_gpiote.c.obj)
 .text.latch_pending_read_and_check
                0x0000245c       0x60 modules/hal_nordic/nrfx/libnrfx.a(nrfx_gpiote.c.obj)
 .text.pin_uninit
                0x000024bc       0x78 modules/hal_nordic/nrfx/libnrfx.a(nrfx_gpiote.c.obj)
 .text.nrfx_gpiote_channel_free
                0x00002534        0xc modules/hal_nordic/nrfx/libnrfx.a(nrfx_gpiote.c.obj)
                0x00002534                nrfx_gpiote_channel_free
 .text.nrfx_gpiote_channel_alloc
                0x00002540       0x18 modules/hal_nordic/nrfx/libnrfx.a(nrfx_gpiote.c.obj)
                0x00002540                nrfx_gpiote_channel_alloc
 .text.nrfx_gpiote_irq_handler
                0x00002558      0x1cc modules/hal_nordic/nrfx/libnrfx.a(nrfx_gpiote.c.obj)
                0x00002558                nrfx_gpiote_irq_handler
 .text.twi_tx_start_transfer
                0x00002724       0xec modules/hal_nordic/nrfx/libnrfx.a(nrfx_twi.c.obj)
 .text.twi_rx_start_transfer
                0x00002810       0xcc modules/hal_nordic/nrfx/libnrfx.a(nrfx_twi.c.obj)
 .text.nrfx_twi_init
                0x000028dc       0xbc modules/hal_nordic/nrfx/libnrfx.a(nrfx_twi.c.obj)
                0x000028dc                nrfx_twi_init
 .text.nrfx_twi_disable
                0x00002998       0x2c modules/hal_nordic/nrfx/libnrfx.a(nrfx_twi.c.obj)
                0x00002998                nrfx_twi_disable
 .text.nrfx_twi_xfer
                0x000029c4       0xb0 modules/hal_nordic/nrfx/libnrfx.a(nrfx_twi.c.obj)
                0x000029c4                nrfx_twi_xfer
 .text.nrf_gpio_pin_port_decode
                0x00002a74       0x20 modules/hal_nordic/nrfx/libnrfx.a(nrfx_twi_twim.c.obj)
 .text.nrfx_twi_twim_bus_recover
                0x00002a94       0xdc modules/hal_nordic/nrfx/libnrfx.a(nrfx_twi_twim.c.obj)
                0x00002a94                nrfx_twi_twim_bus_recover
 .text.z_fatal_error
                0x00002b70       0x30 zephyr/kernel/libkernel.a(fatal.c.obj)
                0x00002b70                z_fatal_error
 .text.z_sys_init_run_level
                0x00002ba0       0x30 zephyr/kernel/libkernel.a(init.c.obj)
 .text.bg_thread_main
                0x00002bd0       0xd4 zephyr/kernel/libkernel.a(init.c.obj)
 .text.z_init_cpu
                0x00002ca4       0x70 zephyr/kernel/libkernel.a(init.c.obj)
                0x00002ca4                z_init_cpu
 .text.z_cstart
                0x00002d14       0xe8 zephyr/kernel/libkernel.a(init.c.obj)
                0x00002d14                z_cstart
 .text.put_msg_in_queue
                0x00002dfc       0xd8 zephyr/kernel/libkernel.a(msg_q.c.obj)
 .text.z_impl_k_msgq_get
                0x00002ed4       0xc8 zephyr/kernel/libkernel.a(msg_q.c.obj)
                0x00002ed4                z_impl_k_msgq_get
 .text.z_impl_k_sem_give
                0x00002f9c       0x78 zephyr/kernel/libkernel.a(sem.c.obj)
                0x00002f9c                z_impl_k_sem_give
 .text.z_impl_k_sem_take
                0x00003014       0x4c zephyr/kernel/libkernel.a(sem.c.obj)
                0x00003014                z_impl_k_sem_take
 .text.z_setup_new_thread
                0x00003060       0xa0 zephyr/kernel/libkernel.a(thread.c.obj)
                0x00003060                z_setup_new_thread
 .text.z_dummy_thread_init
                0x00003100       0x18 zephyr/kernel/libkernel.a(thread.c.obj)
                0x00003100                z_dummy_thread_init
 .text.z_impl_k_wakeup
                0x00003118       0x48 zephyr/kernel/libkernel.a(thread.c.obj)
                0x00003118                z_impl_k_wakeup
 .text.z_impl_k_thread_create
                0x00003160       0x58 zephyr/kernel/libkernel.a(thread.c.obj)
                0x00003160                z_impl_k_thread_create
 .text.z_swap_irqlock
                0x000031b8       0x34 zephyr/kernel/libkernel.a(sched.c.obj)
 .text.unready_thread
                0x000031ec       0x54 zephyr/kernel/libkernel.a(sched.c.obj)
 .text.ready_thread
                0x00003240       0x80 zephyr/kernel/libkernel.a(sched.c.obj)
 .text.reschedule.isra.0
                0x000032c0       0x28 zephyr/kernel/libkernel.a(sched.c.obj)
 .text.move_current_to_end_of_prio_q
                0x000032e8       0x6c zephyr/kernel/libkernel.a(sched.c.obj)
                0x000032e8                move_current_to_end_of_prio_q
 .text.z_thread_halt
                0x00003354      0x13c zephyr/kernel/libkernel.a(sched.c.obj)
                0x00003354                z_thread_halt
 .text.z_sched_lock_reschedule
                0x00003490       0x44 zephyr/kernel/libkernel.a(sched.c.obj)
                0x00003490                z_sched_lock_reschedule
 .text.z_sched_yield
                0x000034d4       0x84 zephyr/kernel/libkernel.a(sched.c.obj)
                0x000034d4                z_sched_yield
 .text.z_pend_curr
                0x00003558       0x58 zephyr/kernel/libkernel.a(sched.c.obj)
                0x00003558                z_pend_curr
 .text.z_tick_sleep
                0x000035b0       0x84 zephyr/kernel/libkernel.a(sleep.c.obj)
 .text.z_sched_init
                0x00003634       0x10 zephyr/kernel/libkernel.a(scheduler.c.obj)
                0x00003634                z_sched_init
 .text.k_sched_lock
                0x00003644       0x28 zephyr/kernel/libkernel.a(scheduler.c.obj)
                0x00003644                k_sched_lock
 .text.k_sched_unlock
                0x0000366c       0x20 zephyr/kernel/libkernel.a(scheduler.c.obj)
                0x0000366c                k_sched_unlock
 .text.z_impl_k_sched_current_thread_query
                0x0000368c        0xc zephyr/kernel/libkernel.a(scheduler.c.obj)
                0x0000368c                z_impl_k_sched_current_thread_query
 .text.z_sched_wait
                0x00003698       0x24 zephyr/kernel/libkernel.a(scheduler.c.obj)
                0x00003698                z_sched_wait
 .text.z_time_slice_size
                0x000036bc       0x40 zephyr/kernel/libkernel.a(timeslicing.c.obj)
 .text.slice_timeout
                0x000036fc       0x20 zephyr/kernel/libkernel.a(timeslicing.c.obj)
 .text.slice_reset
                0x0000371c       0x40 zephyr/kernel/libkernel.a(timeslicing.c.obj)
 .text.z_time_slice
                0x0000375c       0x68 zephyr/kernel/libkernel.a(timeslicing.c.obj)
                0x0000375c                z_time_slice
 .text.z_timeout_q_first
                0x000037c4       0x10 zephyr/kernel/libkernel.a(timeout.c.obj)
 .text.next_timeout
                0x000037d4       0x4c zephyr/kernel/libkernel.a(timeout.c.obj)
 .text.elapsed  0x00003820       0x10 zephyr/kernel/libkernel.a(timeout.c.obj)
 .text.z_add_timeout
                0x00003830      0x120 zephyr/kernel/libkernel.a(timeout.c.obj)
                0x00003830                z_add_timeout
 .text.z_try_abort_timeout
                0x00003950       0x84 zephyr/kernel/libkernel.a(timeout.c.obj)
                0x00003950                z_try_abort_timeout
 .text.z_timeout_inflight_superseded
                0x000039d4       0x2c zephyr/kernel/libkernel.a(timeout.c.obj)
                0x000039d4                z_timeout_inflight_superseded
 .text.sys_clock_announce_locked
                0x00003a00       0xe8 zephyr/kernel/libkernel.a(timeout.c.obj)
                0x00003a00                sys_clock_announce_locked
 .text.sys_clock_tick_get
                0x00003ae8       0x30 zephyr/kernel/libkernel.a(timeout.c.obj)
                0x00003ae8                sys_clock_tick_get
 .text.clear_event_registrations
                0x00003b18       0x60 zephyr/kernel/libkernel.a(poll.c.obj)
 .text.z_impl_k_poll
                0x00003b78       0xb0 zephyr/kernel/libkernel.a(poll.c.obj)
                0x00003b78                z_impl_k_poll
 .text.z_impl_k_poll_signal_raise
                0x00003c28       0x4c zephyr/kernel/libkernel.a(poll.c.obj)
                0x00003c28                z_impl_k_poll_signal_raise
 .text.statics_init
                0x00003c74       0x24 zephyr/kernel/libkernel.a(kheap.c.obj)
 .text.sys_work_q_init
                0x00003c98       0x28 zephyr/kernel/libkernel.a(system_work_q.c.obj)
 .text.work_queue_main
                0x00003cc0      0x1ac zephyr/kernel/libkernel.a(work.c.obj)
 .text.submit_to_queue_locked
                0x00003e6c       0xa4 zephyr/kernel/libkernel.a(work.c.obj)
 .text.k_work_queue_start
                0x00003f10       0x80 zephyr/kernel/libkernel.a(work.c.obj)
                0x00003f10                k_work_queue_start
 .text.snprintf
                0x00003f90       0x54 /home/i4why/workspace/zephyrproject/zephyr-sdk-1.0.1/gnu/arm-zephyr-eabi/bin/../lib/gcc/arm-zephyr-eabi/14.3.0/../../../../arm-zephyr-eabi/lib/thumb/v7e-m/nofp/space/libc.a(libc_tinystdio_snprintf.c.o)
                0x00003f90                snprintf
 .text.__l_vfprintf
                0x00003fe4      0x488 /home/i4why/workspace/zephyrproject/zephyr-sdk-1.0.1/gnu/arm-zephyr-eabi/bin/../lib/gcc/arm-zephyr-eabi/14.3.0/../../../../arm-zephyr-eabi/lib/thumb/v7e-m/nofp/space/libc.a(libc_tinystdio_vflprintf.c.o)
                0x00003fe4                __l_vfprintf
 .text._OffsetAbsSyms
                0x0000446c        0x2 zephyr/CMakeFiles/offsets.dir/./arch/arm/core/offsets/offsets.c.obj
                0x0000446c                _OffsetAbsSyms
 .text.ssd1306_cmds.isra.0
                0x0000446e       0x30 app/libapp.a(ssd1306.c.obj)
 .text.ssd1306_cmd.isra.0
                0x0000449e       0x1a app/libapp.a(ssd1306.c.obj)
 .text.ssd1306_flush
                0x000044b8       0x44 app/libapp.a(ssd1306.c.obj)
                0x000044b8                ssd1306_flush
 .text.gfx_draw_pixel
                0x000044fc       0x22 app/libapp.a(gfx.c.obj)
                0x000044fc                gfx_draw_pixel
 .text.gfx_draw_rect
                0x0000451e       0x2a app/libapp.a(gfx.c.obj)
                0x0000451e                gfx_draw_rect
 .text.gfx_clear
                0x00004548        0xa app/libapp.a(gfx.c.obj)
                0x00004548                gfx_clear
 .text.gfx_print
                0x00004552       0x34 app/libapp.a(gfx.c.obj)
                0x00004552                gfx_print
 .text.set_timer
                0x00004586       0x1a app/libapp.a(timer.c.obj)
                0x00004586                set_timer
 .text.timer_add_one_second
                0x000045a0       0x2a app/libapp.a(timer.c.obj)
                0x000045a0                timer_add_one_second
 .text.gpio_add_callback_dt.isra.0
                0x000045ca        0xc app/libapp.a(input.c.obj)
 .text.gpio_pin_configure_dt.constprop.0.isra.0
                0x000045d6       0x28 app/libapp.a(input.c.obj)
 .text.gpio_pin_interrupt_configure_dt.constprop.0.isra.0
                0x000045fe       0x46 app/libapp.a(input.c.obj)
 .text.chunk_size
                0x00004644        0xa zephyr/libzephyr.a(heap.c.obj)
 .text.free_list_add
                0x0000464e       0x4e zephyr/libzephyr.a(heap.c.obj)
 .text.sys_heap_init
                0x0000469c       0x82 zephyr/libzephyr.a(heap.c.obj)
                0x0000469c                sys_heap_init
 .text.arch_printk_char_out
                0x0000471e        0x4 zephyr/libzephyr.a(printk.c.obj)
                0x0000471e                arch_printk_char_out
 .text.printk   0x00004722       0x1a zephyr/libzephyr.a(printk.c.obj)
                0x00004722                printk
 .text.process_recheck
                0x0000473c       0x38 zephyr/libzephyr.a(onoff.c.obj)
 .text.validate_args
                0x00004774       0x20 zephyr/libzephyr.a(onoff.c.obj)
 .text.notify_one
                0x00004794       0x2c zephyr/libzephyr.a(onoff.c.obj)
 .text.transition_complete
                0x000047c0       0x1a zephyr/libzephyr.a(onoff.c.obj)
 .text.onoff_manager_init
                0x000047da       0x26 zephyr/libzephyr.a(onoff.c.obj)
                0x000047da                onoff_manager_init
 .text.onoff_request
                0x00004800       0x96 zephyr/libzephyr.a(onoff.c.obj)
                0x00004800                onoff_request
 .text.sys_notify_validate
                0x00004896       0x28 zephyr/libzephyr.a(notify.c.obj)
                0x00004896                sys_notify_validate
 .text.sys_notify_finalize
                0x000048be       0x32 zephyr/libzephyr.a(notify.c.obj)
                0x000048be                sys_notify_finalize
 .text._ConfigAbsSyms
                0x000048f0        0x2 zephyr/libzephyr.a(configs.c.obj)
                0x000048f0                _ConfigAbsSyms
 .text.arch_early_memset
                0x000048f2        0x4 zephyr/arch/common/libarch__common.a(init.c.obj)
                0x000048f2                arch_early_memset
 .text.arch_early_memcpy
                0x000048f6        0x4 zephyr/arch/common/libarch__common.a(init.c.obj)
                0x000048f6                arch_early_memcpy
 .text.z_do_kernel_oops
                0x000048fa        0x8 zephyr/arch/arch/arm/core/libarch__arm__core.a(fatal.c.obj)
                0x000048fa                z_do_kernel_oops
 .text.z_arm_nmi
                0x00004902        0xe zephyr/arch/arch/arm/core/libarch__arm__core.a(nmi.c.obj)
                0x00004902                z_arm_nmi
 .text.z_irq_spurious
                0x00004910        0x8 zephyr/arch/arch/arm/core/cortex_m/libarch__arm__core__cortex_m.a(irq_manage.c.obj)
                0x00004910                z_irq_spurious
 .text.arch_coprocessors_disable
                0x00004918        0x6 zephyr/arch/arch/arm/core/cortex_m/libarch__arm__core__cortex_m.a(thread.c.obj)
                0x00004918                arch_coprocessors_disable
 .text.arch_irq_unlock_outlined
                0x0000491e        0xe zephyr/arch/arch/arm/core/cortex_m/libarch__arm__core__cortex_m.a(thread.c.obj)
                0x0000491e                arch_irq_unlock_outlined
 .text.arch_cpu_idle
                0x0000492c       0x1a zephyr/arch/arch/arm/core/cortex_m/libarch__arm__core__cortex_m.a(cpu_idle.c.obj)
                0x0000492c                arch_cpu_idle
 .text.size_to_mpu_rasr_size
                0x00004946       0x20 zephyr/arch/arch/arm/core/mpu/libarch__arm__core__mpu.a(arm_mpu.c.obj)
 .text.picolibc_put
                0x00004966        0xa zephyr/lib/libc/picolibc/liblib__libc__picolibc.a(stdio.c.obj)
 .text.get_status
                0x00004970       0x12 zephyr/drivers/clock_control/libdrivers__clock_control.a(clock_control_nrf.c.obj)
 .text.stop     0x00004982       0x50 zephyr/drivers/clock_control/libdrivers__clock_control.a(clock_control_nrf.c.obj)
 .text.api_stop
                0x000049d2        0x6 zephyr/drivers/clock_control/libdrivers__clock_control.a(clock_control_nrf.c.obj)
 .text.async_start
                0x000049d8       0x60 zephyr/drivers/clock_control/libdrivers__clock_control.a(clock_control_nrf.c.obj)
 .text.api_start
                0x00004a38        0xe zephyr/drivers/clock_control/libdrivers__clock_control.a(clock_control_nrf.c.obj)
 .text.onoff_started_callback
                0x00004a46       0x12 zephyr/drivers/clock_control/libdrivers__clock_control.a(clock_control_nrf.c.obj)
 .text.blocking_start_callback
                0x00004a58        0x6 zephyr/drivers/clock_control/libdrivers__clock_control.a(clock_control_nrf.c.obj)
 .text.lfclk_stop
                0x00004a5e        0x4 zephyr/drivers/clock_control/libdrivers__clock_control.a(clock_control_nrf.c.obj)
 .text.lfclk_start
                0x00004a62        0x4 zephyr/drivers/clock_control/libdrivers__clock_control.a(clock_control_nrf.c.obj)
 .text.gpio_nrfx_port_get_raw
                0x00004a66        0xe zephyr/drivers/gpio/libdrivers__gpio.a(gpio_nrfx.c.obj)
 .text.gpio_nrfx_port_set_masked_raw
                0x00004a74       0x18 zephyr/drivers/gpio/libdrivers__gpio.a(gpio_nrfx.c.obj)
 .text.gpio_nrfx_port_set_bits_raw
                0x00004a8c        0xc zephyr/drivers/gpio/libdrivers__gpio.a(gpio_nrfx.c.obj)
 .text.gpio_nrfx_port_clear_bits_raw
                0x00004a98        0xc zephyr/drivers/gpio/libdrivers__gpio.a(gpio_nrfx.c.obj)
 .text.gpio_nrfx_port_toggle_bits
                0x00004aa4       0x1a zephyr/drivers/gpio/libdrivers__gpio.a(gpio_nrfx.c.obj)
 .text.gpio_nrfx_manage_callback
                0x00004abe       0x54 zephyr/drivers/gpio/libdrivers__gpio.a(gpio_nrfx.c.obj)
 .text.gpio_nrfx_gpiote_irq_handler
                0x00004b12        0x4 zephyr/drivers/gpio/libdrivers__gpio.a(gpio_nrfx.c.obj)
                0x00004b12                gpio_nrfx_gpiote_irq_handler
 .text.twi_0_init
                0x00004b16       0x40 zephyr/drivers/i2c/libdrivers__i2c.a(i2c_nrfx_twi.c.obj)
 .text.event_handler
                0x00004b56       0x2a zephyr/drivers/i2c/libdrivers__i2c.a(i2c_nrfx_twi.c.obj)
 .text.i2c_nrfx_twi_transfer
                0x00004b80       0xb4 zephyr/drivers/i2c/libdrivers__i2c.a(i2c_nrfx_twi.c.obj)
 .text.i2c_nrfx_twi_init
                0x00004c34        0xc zephyr/drivers/i2c/libdrivers__i2c.a(i2c_nrfx_twi_common.c.obj)
                0x00004c34                i2c_nrfx_twi_init
 .text.i2c_nrfx_twi_configure
                0x00004c40       0x30 zephyr/drivers/i2c/libdrivers__i2c.a(i2c_nrfx_twi_common.c.obj)
                0x00004c40                i2c_nrfx_twi_configure
 .text.i2c_nrfx_twi_recover_bus
                0x00004c70       0x48 zephyr/drivers/i2c/libdrivers__i2c.a(i2c_nrfx_twi_common.c.obj)
                0x00004c70                i2c_nrfx_twi_recover_bus
 .text.i2c_nrfx_twi_msg_transfer
                0x00004cb8       0x5e zephyr/drivers/i2c/libdrivers__i2c.a(i2c_nrfx_twi_common.c.obj)
                0x00004cb8                i2c_nrfx_twi_msg_transfer
 .text.pinctrl_lookup_state
                0x00004d16       0x26 zephyr/drivers/pinctrl/libdrivers__pinctrl.a(common.c.obj)
                0x00004d16                pinctrl_lookup_state
 .text.uarte_nrfx_err_check
                0x00004d3c        0xe zephyr/drivers/serial/libdrivers__serial.a(uart_nrfx_uarte.c.obj)
 .text.uarte_nrfx_poll_in
                0x00004d4a       0x26 zephyr/drivers/serial/libdrivers__serial.a(uart_nrfx_uarte.c.obj)
 .text.is_tx_ready.isra.0
                0x00004d70       0x20 zephyr/drivers/serial/libdrivers__serial.a(uart_nrfx_uarte.c.obj)
 .text.uarte_nrfx_isr_int
                0x00004d90       0x42 zephyr/drivers/serial/libdrivers__serial.a(uart_nrfx_uarte.c.obj)
 .text.pinctrl_apply_state.isra.0
                0x00004dd2       0x1e zephyr/drivers/serial/libdrivers__serial.a(uart_nrfx_uarte.c.obj)
 .text.uarte_0_init
                0x00004df0       0xd0 zephyr/drivers/serial/libdrivers__serial.a(uart_nrfx_uarte.c.obj)
 .text.event_clear
                0x00004ec0       0x18 zephyr/drivers/timer/libdrivers__timer.a(nrf_rtc_timer.c.obj)
 .text.nrf52_errata_98
                0x00004ed8       0x1a modules/hal_nordic/nrfx/libnrfx.a(system_nrf52840.c.obj)
 .text.nrfx_isr
                0x00004ef2        0x6 modules/hal_nordic/nrfx/libnrfx.a(nrfx_glue.c.obj)
                0x00004ef2                nrfx_isr
 .text.nrfx_busy_wait
                0x00004ef8        0x4 modules/hal_nordic/nrfx/libnrfx.a(nrfx_glue.c.obj)
                0x00004ef8                nrfx_busy_wait
 .text.nrfx_flag32_alloc
                0x00004efc       0x3c modules/hal_nordic/nrfx/libnrfx.a(nrfx_flag32_allocator.c.obj)
                0x00004efc                nrfx_flag32_alloc
 .text.nrfx_flag32_free
                0x00004f38       0x3a modules/hal_nordic/nrfx/libnrfx.a(nrfx_flag32_allocator.c.obj)
                0x00004f38                nrfx_flag32_free
 .text.nrfx_gppi_conn_alloc
                0x00004f72       0x28 modules/hal_nordic/nrfx/libnrfx.a(nrfx_gppi_ppi.c.obj)
                0x00004f72                nrfx_gppi_conn_alloc
 .text.nrfx_clock_start
                0x00004f9a       0x10 modules/hal_nordic/nrfx/libnrfx.a(nrfx_clock.c.obj)
                0x00004f9a                nrfx_clock_start
 .text.nrfx_clock_stop
                0x00004faa       0x10 modules/hal_nordic/nrfx/libnrfx.a(nrfx_clock.c.obj)
                0x00004faa                nrfx_clock_stop
 .text.nrfx_power_clock_irq_handler
                0x00004fba        0xe modules/hal_nordic/nrfx/libnrfx.a(nrfx_clock.c.obj)
                0x00004fba                nrfx_power_clock_irq_handler
 .text.nrf52_errata_201
                0x00004fc8       0x1e modules/hal_nordic/nrfx/libnrfx.a(nrfx_clock_hfclk.c.obj)
 .text.nrfx_clock_hfclk_stop
                0x00004fe6        0x4 modules/hal_nordic/nrfx/libnrfx.a(nrfx_clock_hfclk.c.obj)
                0x00004fe6                nrfx_clock_hfclk_stop
 .text.clock_stop
                0x00004fea       0x32 modules/hal_nordic/nrfx/libnrfx.a(nrfx_clock_lfclk.c.obj)
 .text.nrfx_clock_lfclk_stop
                0x0000501c        0x4 modules/hal_nordic/nrfx/libnrfx.a(nrfx_clock_lfclk.c.obj)
                0x0000501c                nrfx_clock_lfclk_stop
 .text.nrf_gpio_reconfigure
                0x00005020       0x92 modules/hal_nordic/nrfx/libnrfx.a(nrfx_gpiote.c.obj)
 .text.nrf_gpio_cfg_sense_set
                0x000050b2       0x1e modules/hal_nordic/nrfx/libnrfx.a(nrfx_gpiote.c.obj)
 .text.pin_in_use_by_te
                0x000050d0       0x16 modules/hal_nordic/nrfx/libnrfx.a(nrfx_gpiote.c.obj)
 .text.pin_is_output
                0x000050e6       0x16 modules/hal_nordic/nrfx/libnrfx.a(nrfx_gpiote.c.obj)
 .text.pin_te_get
                0x000050fc       0x14 modules/hal_nordic/nrfx/libnrfx.a(nrfx_gpiote.c.obj)
 .text.call_handler
                0x00005110       0x3e modules/hal_nordic/nrfx/libnrfx.a(nrfx_gpiote.c.obj)
 .text.release_handler
                0x0000514e       0x52 modules/hal_nordic/nrfx/libnrfx.a(nrfx_gpiote.c.obj)
 .text.__nrfy_internal_gpiote_events_process
                0x000051a0       0x50 modules/hal_nordic/nrfx/libnrfx.a(nrfx_gpiote.c.obj)
 .text.pin_trigger_disable
                0x000051f0       0x44 modules/hal_nordic/nrfx/libnrfx.a(nrfx_gpiote.c.obj)
 .text.nrfx_gpiote_input_configure
                0x00005234      0x166 modules/hal_nordic/nrfx/libnrfx.a(nrfx_gpiote.c.obj)
                0x00005234                nrfx_gpiote_input_configure
 .text.nrfx_gpiote_output_configure
                0x0000539a       0xea modules/hal_nordic/nrfx/libnrfx.a(nrfx_gpiote.c.obj)
                0x0000539a                nrfx_gpiote_output_configure
 .text.nrfx_gpiote_global_callback_set
                0x00005484        0x6 modules/hal_nordic/nrfx/libnrfx.a(nrfx_gpiote.c.obj)
                0x00005484                nrfx_gpiote_global_callback_set
 .text.nrfx_gpiote_channel_get
                0x0000548a       0x26 modules/hal_nordic/nrfx/libnrfx.a(nrfx_gpiote.c.obj)
                0x0000548a                nrfx_gpiote_channel_get
 .text.nrfx_gpiote_init
                0x000054b0       0x38 modules/hal_nordic/nrfx/libnrfx.a(nrfx_gpiote.c.obj)
                0x000054b0                nrfx_gpiote_init
 .text.nrfx_gpiote_init_check
                0x000054e8        0xc modules/hal_nordic/nrfx/libnrfx.a(nrfx_gpiote.c.obj)
                0x000054e8                nrfx_gpiote_init_check
 .text.nrfx_gpiote_pin_uninit
                0x000054f4        0x4 modules/hal_nordic/nrfx/libnrfx.a(nrfx_gpiote.c.obj)
                0x000054f4                nrfx_gpiote_pin_uninit
 .text.nrfx_gpiote_trigger_enable
                0x000054f8       0xa2 modules/hal_nordic/nrfx/libnrfx.a(nrfx_gpiote.c.obj)
                0x000054f8                nrfx_gpiote_trigger_enable
 .text.nrfx_gpiote_trigger_disable
                0x0000559a        0x4 modules/hal_nordic/nrfx/libnrfx.a(nrfx_gpiote.c.obj)
                0x0000559a                nrfx_gpiote_trigger_disable
 .text.twi_transfer
                0x0000559e      0x130 modules/hal_nordic/nrfx/libnrfx.a(nrfx_twi.c.obj)
 .text.twi_configure
                0x000056ce       0x30 modules/hal_nordic/nrfx/libnrfx.a(nrfx_twi.c.obj)
 .text.nrfx_twi_enable
                0x000056fe       0x10 modules/hal_nordic/nrfx/libnrfx.a(nrfx_twi.c.obj)
                0x000056fe                nrfx_twi_enable
 .text.nrfx_twi_irq_handler
                0x0000570e       0xb6 modules/hal_nordic/nrfx/libnrfx.a(nrfx_twi.c.obj)
                0x0000570e                nrfx_twi_irq_handler
 .text.nrf_gpio_pin_set
                0x000057c4       0x1a modules/hal_nordic/nrfx/libnrfx.a(nrfx_twi_twim.c.obj)
 .text.z_impl_k_busy_wait
                0x000057de        0x8 zephyr/kernel/libkernel.a(busy_wait.c.obj)
                0x000057de                z_impl_k_busy_wait
 .text.do_device_init
                0x000057e6       0x30 zephyr/kernel/libkernel.a(device.c.obj)
                0x000057e6                do_device_init
 .text.z_impl_device_is_ready
                0x00005816       0x16 zephyr/kernel/libkernel.a(device.c.obj)
                0x00005816                z_impl_device_is_ready
 .text.arch_system_halt
                0x0000582c       0x10 zephyr/kernel/libkernel.a(fatal.c.obj)
                0x0000582c                arch_system_halt
 .text.k_sys_fatal_error_handler
                0x0000583c        0x6 zephyr/kernel/libkernel.a(fatal.c.obj)
                0x0000583c                k_sys_fatal_error_handler
 .text.idle     0x00005842       0x16 zephyr/kernel/libkernel.a(idle.c.obj)
                0x00005842                idle
 .text.unpend_thread_no_timeout
                0x00005858       0x1a zephyr/kernel/libkernel.a(msg_q.c.obj)
 .text.z_impl_k_msgq_put
                0x00005872        0xe zephyr/kernel/libkernel.a(msg_q.c.obj)
                0x00005872                z_impl_k_msgq_put
 .text.k_is_in_isr
                0x00005880        0xc zephyr/kernel/libkernel.a(thread.c.obj)
                0x00005880                k_is_in_isr
 .text.z_impl_k_thread_name_set
                0x0000588c        0x6 zephyr/kernel/libkernel.a(thread.c.obj)
                0x0000588c                z_impl_k_thread_name_set
 .text.z_thread_abort
                0x00005892       0x3e zephyr/kernel/libkernel.a(thread.c.obj)
                0x00005892                z_thread_abort
 .text.z_impl_k_yield
                0x000058d0        0x4 zephyr/kernel/libkernel.a(thread.c.obj)
                0x000058d0                z_impl_k_yield
 .text.sys_dlist_remove
                0x000058d4       0x10 zephyr/kernel/libkernel.a(sched.c.obj)
 .text.unpend_thread_no_timeout
                0x000058e4       0x14 zephyr/kernel/libkernel.a(sched.c.obj)
 .text.add_to_waitq_locked
                0x000058f8       0x4c zephyr/kernel/libkernel.a(sched.c.obj)
 .text.z_ready_thread
                0x00005944       0x1e zephyr/kernel/libkernel.a(sched.c.obj)
                0x00005944                z_ready_thread
 .text.z_sched_ready_locked
                0x00005962        0x4 zephyr/kernel/libkernel.a(sched.c.obj)
                0x00005962                z_sched_ready_locked
 .text.z_sched_unready_locked
                0x00005966        0x4 zephyr/kernel/libkernel.a(sched.c.obj)
                0x00005966                z_sched_unready_locked
 .text.z_sched_wake_thread_locked
                0x0000596a       0x28 zephyr/kernel/libkernel.a(sched.c.obj)
                0x0000596a                z_sched_wake_thread_locked
 .text.z_thread_timeout
                0x00005992       0x2a zephyr/kernel/libkernel.a(sched.c.obj)
                0x00005992                z_thread_timeout
 .text.z_unpend_thread
                0x000059bc       0x48 zephyr/kernel/libkernel.a(sched.c.obj)
                0x000059bc                z_unpend_thread
 .text.z_reschedule
                0x00005a04        0x6 zephyr/kernel/libkernel.a(sched.c.obj)
                0x00005a04                z_reschedule
 .text.z_impl_k_sleep
                0x00005a0a       0x32 zephyr/kernel/libkernel.a(sleep.c.obj)
                0x00005a0a                z_impl_k_sleep
 .text.z_time_slice_reset
                0x00005a3c        0xe zephyr/kernel/libkernel.a(timeslicing.c.obj)
                0x00005a3c                z_time_slice_reset
 .text.sys_clock_tick_get_32
                0x00005a4a        0x8 zephyr/kernel/libkernel.a(timeout.c.obj)
                0x00005a4a                sys_clock_tick_get_32
 .text.add_event
                0x00005a52       0x4e zephyr/kernel/libkernel.a(poll.c.obj)
 .text.register_events
                0x00005aa0      0x106 zephyr/kernel/libkernel.a(poll.c.obj)
 .text.signal_poll_event.isra.0
                0x00005ba6       0x8c zephyr/kernel/libkernel.a(poll.c.obj)
 .text.z_handle_obj_poll_events
                0x00005c32       0x3e zephyr/kernel/libkernel.a(poll.c.obj)
                0x00005c32                z_handle_obj_poll_events
 .text.k_heap_init
                0x00005c70       0x10 zephyr/kernel/libkernel.a(kheap.c.obj)
                0x00005c70                k_heap_init
 .text.flag_test_and_clear
                0x00005c80       0x16 zephyr/kernel/libkernel.a(work.c.obj)
 .text.notify_queue_locked.isra.0
                0x00005c96       0x40 zephyr/kernel/libkernel.a(work.c.obj)
 .text.z_work_submit_to_queue
                0x00005cd6       0x26 zephyr/kernel/libkernel.a(work.c.obj)
                0x00005cd6                z_work_submit_to_queue
 .text.memcpy   0x00005cfc       0x1c /home/i4why/workspace/zephyrproject/zephyr-sdk-1.0.1/gnu/arm-zephyr-eabi/bin/../lib/gcc/arm-zephyr-eabi/14.3.0/../../../../arm-zephyr-eabi/lib/thumb/v7e-m/nofp/space/libc.a(memcpy.c.o)
                0x00005cfc                memcpy
                0x00005cfc                __aeabi_memcpy
                0x00005cfc                __aeabi_memcpy4
                0x00005cfc                __aeabi_memcpy8
 .text.memset   0x00005d18       0x10 /home/i4why/workspace/zephyrproject/zephyr-sdk-1.0.1/gnu/arm-zephyr-eabi/bin/../lib/gcc/arm-zephyr-eabi/14.3.0/../../../../arm-zephyr-eabi/lib/thumb/v7e-m/nofp/space/libc.a(memset.c.o)
                0x00005d18                memset
 .text.strnlen  0x00005d28       0x18 /home/i4why/workspace/zephyrproject/zephyr-sdk-1.0.1/gnu/arm-zephyr-eabi/bin/../lib/gcc/arm-zephyr-eabi/14.3.0/../../../../arm-zephyr-eabi/lib/thumb/v7e-m/nofp/space/libc.a(libc_string_strnlen.c.o)
                0x00005d28                strnlen
 .text.__ultoa_invert
                0x00005d40       0xae /home/i4why/workspace/zephyrproject/zephyr-sdk-1.0.1/gnu/arm-zephyr-eabi/bin/../lib/gcc/arm-zephyr-eabi/14.3.0/../../../../arm-zephyr-eabi/lib/thumb/v7e-m/nofp/space/libc.a(libc_tinystdio_vflprintf.c.o)
 .text.__file_str_put
                0x00005dee       0x10 /home/i4why/workspace/zephyrproject/zephyr-sdk-1.0.1/gnu/arm-zephyr-eabi/bin/../lib/gcc/arm-zephyr-eabi/14.3.0/../../../../arm-zephyr-eabi/lib/thumb/v7e-m/nofp/space/libc.a(libc_tinystdio_filestrput.c.o)
                0x00005dee                __file_str_put
 *(SORT_BY_ALIGNMENT(.gnu.linkonce.t.*))
 *(SORT_BY_ALIGNMENT(.glue_7t))
 .glue_7t       0x00005dfe        0x0 linker stubs
 *(SORT_BY_ALIGNMENT(.glue_7))
 .glue_7        0x00005dfe        0x0 linker stubs
 *(SORT_BY_ALIGNMENT(.vfp11_veneer))
 .vfp11_veneer  0x00005dfe        0x0 linker stubs
 *(SORT_BY_ALIGNMENT(.v4_bx))
 .v4_bx         0x00005dfe        0x0 linker stubs
                0x00005e00                        . = ALIGN (0x4)
 *fill*         0x00005dfe        0x2 
                0x00005e00                        __text_region_end = .

.ARM.exidx      0x00005e00        0x0
                0x00005e00                        __exidx_start = .
 *(SORT_BY_ALIGNMENT(.ARM.exidx*) SORT_BY_ALIGNMENT(gnu.linkonce.armexidx.*))
                0x00005e00                        __exidx_end = .
                0x00005e00                        __rodata_region_start = .

initlevel       0x00005e00       0x58
                0x00005e00                        __init_start = .
                0x00005e00                        __init_EARLY_start = .
 *(SORT_BY_NAME(SORT_BY_ALIGNMENT(.z_init_EARLY_P_?_*)))
 .z_init_EARLY_P_0_SUB_0_
                0x00005e00        0x8 zephyr/soc/soc/nrf52840/libsoc__nordic.a(gppi_init.c.obj)
 *(SORT_BY_NAME(SORT_BY_ALIGNMENT(.z_init_EARLY_P_??_*)))
 *(SORT_BY_NAME(SORT_BY_ALIGNMENT(.z_init_EARLY_P_???_*)))
                0x00005e08                        __init_PRE_KERNEL_1_start = .
 *(SORT_BY_NAME(SORT_BY_ALIGNMENT(.z_init_PRE_KERNEL_1_P_?_*)))
 *(SORT_BY_NAME(SORT_BY_ALIGNMENT(.z_init_PRE_KERNEL_1_P_??_*)))
 .z_init_PRE_KERNEL_1_P_30_SUB_00078_
                0x00005e08        0x8 zephyr/drivers/clock_control/libdrivers__clock_control.a(clock_control_nrf.c.obj)
 .z_init_PRE_KERNEL_1_P_30_SUB_0_
                0x00005e10        0x8 zephyr/kernel/libkernel.a(kheap.c.obj)
 .z_init_PRE_KERNEL_1_P_40_SUB_00011_
                0x00005e18        0x8 zephyr/drivers/gpio/libdrivers__gpio.a(gpio_nrfx.c.obj)
 .z_init_PRE_KERNEL_1_P_40_SUB_00107_
                0x00005e20        0x8 zephyr/drivers/gpio/libdrivers__gpio.a(gpio_nrfx.c.obj)
 .z_init_PRE_KERNEL_1_P_50_SUB_00115_
                0x00005e28        0x8 zephyr/drivers/serial/libdrivers__serial.a(uart_nrfx_uarte.c.obj)
 .z_init_PRE_KERNEL_1_P_60_SUB_0_
                0x00005e30        0x8 zephyr/drivers/console/libdrivers__console.a(uart_console.c.obj)
 *(SORT_BY_NAME(SORT_BY_ALIGNMENT(.z_init_PRE_KERNEL_1_P_???_*)))
                0x00005e38                        __init_PRE_KERNEL_2_start = .
 *(SORT_BY_NAME(SORT_BY_ALIGNMENT(.z_init_PRE_KERNEL_2_P_?_*)))
 .z_init_PRE_KERNEL_2_P_0_SUB_0_
                0x00005e38        0x8 zephyr/drivers/timer/libdrivers__timer.a(nrf_rtc_timer.c.obj)
 *(SORT_BY_NAME(SORT_BY_ALIGNMENT(.z_init_PRE_KERNEL_2_P_??_*)))
 *(SORT_BY_NAME(SORT_BY_ALIGNMENT(.z_init_PRE_KERNEL_2_P_???_*)))
                0x00005e40                        __init_POST_KERNEL_start = .
 *(SORT_BY_NAME(SORT_BY_ALIGNMENT(.z_init_POST_KERNEL_P_?_*)))
 *(SORT_BY_NAME(SORT_BY_ALIGNMENT(.z_init_POST_KERNEL_P_??_*)))
 .z_init_POST_KERNEL_P_35_SUB_0_
                0x00005e40        0x8 zephyr/lib/libc/common/liblib__libc__common.a(malloc.c.obj)
 .z_init_POST_KERNEL_P_50_SUB_00127_
                0x00005e48        0x8 zephyr/drivers/i2c/libdrivers__i2c.a(i2c_nrfx_twi.c.obj)
 *(SORT_BY_NAME(SORT_BY_ALIGNMENT(.z_init_POST_KERNEL_P_???_*)))
                0x00005e50                        __init_APPLICATION_start = .
 *(SORT_BY_NAME(SORT_BY_ALIGNMENT(.z_init_APPLICATION_P_?_*)))
 .z_init_APPLICATION_P_0_SUB_0_
                0x00005e50        0x8 zephyr/libzephyr.a(boot_banner.c.obj)
 *(SORT_BY_NAME(SORT_BY_ALIGNMENT(.z_init_APPLICATION_P_??_*)))
 *(SORT_BY_NAME(SORT_BY_ALIGNMENT(.z_init_APPLICATION_P_???_*)))
                0x00005e58                        __init_SMP_start = .
 *(SORT_BY_NAME(SORT_BY_ALIGNMENT(.z_init_SMP_P_?_*)))
 *(SORT_BY_NAME(SORT_BY_ALIGNMENT(.z_init_SMP_P_??_*)))
 *(SORT_BY_NAME(SORT_BY_ALIGNMENT(.z_init_SMP_P_???_*)))
                0x00005e58                        __init_end = .

device_area     0x00005e58       0x8c
                0x00005e58                        _device_list_start = .
 *(SORT_BY_NAME(SORT_BY_ALIGNMENT(._device.static.*_?_*)))
 *(SORT_BY_NAME(SORT_BY_ALIGNMENT(._device.static.*_??_*)))
 ._device.static.1_30_
                0x00005e58       0x1c zephyr/drivers/clock_control/libdrivers__clock_control.a(clock_control_nrf.c.obj)
                0x00005e58                __device_dts_ord_78
 ._device.static.1_40_
                0x00005e74       0x38 zephyr/drivers/gpio/libdrivers__gpio.a(gpio_nrfx.c.obj)
                0x00005e74                __device_dts_ord_107
                0x00005e90                __device_dts_ord_11
 ._device.static.1_50_
                0x00005eac       0x1c zephyr/drivers/serial/libdrivers__serial.a(uart_nrfx_uarte.c.obj)
                0x00005eac                __device_dts_ord_115
 ._device.static.3_50_
                0x00005ec8       0x1c zephyr/drivers/i2c/libdrivers__i2c.a(i2c_nrfx_twi.c.obj)
                0x00005ec8                __device_dts_ord_127
 *(SORT_BY_NAME(SORT_BY_ALIGNMENT(._device.static.*_???_*)))
 *(SORT_BY_NAME(SORT_BY_ALIGNMENT(._device.static.*_????_*)))
 *(SORT_BY_NAME(SORT_BY_ALIGNMENT(._device.static.*_?????_*)))
                0x00005ee4                        _device_list_end = .

sw_isr_table    0x00005ee4      0x180
                0x00005ee4                        . = ALIGN (0x4)
 *(SORT_BY_ALIGNMENT(.gnu.linkonce.sw_isr_table*))
 .gnu.linkonce.sw_isr_table
                0x00005ee4      0x180 zephyr/CMakeFiles/zephyr_final.dir/isr_tables.c.obj
                0x00005ee4                _sw_isr_table

initlevel_error
 *(SORT_BY_NAME(SORT_BY_ALIGNMENT(.z_init_*)))
                0x00000001                        ASSERT ((SIZEOF (initlevel_error) == 0x0), Undefined initialization levels used.)

app_shmem_regions
                0x00006064        0x0
                0x00006064                        __app_shmem_regions_start = .
 *(SORT_BY_NAME(SORT_BY_ALIGNMENT(.app_regions.*)))
                0x00006064                        __app_shmem_regions_end = .

k_p4wq_initparam_area
                0x00006064        0x0
                0x00006064                        _k_p4wq_initparam_list_start = .
 *(SORT_BY_NAME(SORT_BY_ALIGNMENT(._k_p4wq_initparam.static.*)))
                0x00006064                        _k_p4wq_initparam_list_end = .

k_kernel_init_pre_entry_area
                0x00006064        0x0
                0x00006064                        _k_kernel_init_pre_entry_list_start = .
 *(SORT_BY_NAME(SORT_BY_ALIGNMENT(._k_kernel_init_pre_entry.static.*)))
                0x00006064                        _k_kernel_init_pre_entry_list_end = .

k_kernel_init_post_entry_area
                0x00006064        0x4
                0x00006064                        _k_kernel_init_post_entry_list_start = .
 *(SORT_BY_NAME(SORT_BY_ALIGNMENT(._k_kernel_init_post_entry.static.*)))
 ._k_kernel_init_post_entry.static._kernel_init_post_sys_work_q_init_
                0x00006064        0x4 zephyr/kernel/libkernel.a(system_work_q.c.obj)
                0x00006068                        _k_kernel_init_post_entry_list_end = .

_static_thread_data_area
                0x00006068        0x0
                0x00006068                        __static_thread_data_list_start = .
 *(SORT_BY_NAME(SORT_BY_ALIGNMENT(.__static_thread_data.static.*)))
                0x00006068                        __static_thread_data_list_end = .

device_deps     0x00006068        0x0
                0x00006068                        __device_deps_start = .
 *(SORT_BY_NAME(SORT_BY_ALIGNMENT(.__device_deps_pass2*)))
                0x00006068                        __device_deps_end = .

device_api_area
                0x00006068       0x64
                0x00006068                        _counter_driver_api_list_start = .
 *(SORT_BY_NAME(SORT_BY_ALIGNMENT(._counter_driver_api.static.*)))
                0x00006068                        _counter_driver_api_list_end = .
                0x00006068                        _counter_driver_api_ext_end = .
                0x00006068                        _gpio_driver_api_list_start = .
 *(SORT_BY_NAME(SORT_BY_ALIGNMENT(._gpio_driver_api.static.*)))
 ._gpio_driver_api.static.gpio_nrfx_drv_api_funcs_
                0x00006068       0x24 zephyr/drivers/gpio/libdrivers__gpio.a(gpio_nrfx.c.obj)
                0x0000608c                        _gpio_driver_api_list_end = .
                0x0000608c                        _gpio_driver_api_ext_end = .
                0x0000608c                        _i2c_driver_api_list_start = .
 *(SORT_BY_NAME(SORT_BY_ALIGNMENT(._i2c_driver_api.static.*)))
 ._i2c_driver_api.static.i2c_nrfx_twi_driver_api_
                0x0000608c       0x18 zephyr/drivers/i2c/libdrivers__i2c.a(i2c_nrfx_twi.c.obj)
                0x000060a4                        _i2c_driver_api_list_end = .
                0x000060a4                        _i3c_driver_api_list_start = .
 *(SORT_BY_NAME(SORT_BY_ALIGNMENT(._i3c_driver_api.static.*)))
                0x000060a4                        _i3c_driver_api_list_end = .
                0x000060a4                        _i3c_driver_api_ext_end = .
                0x000060a4                        _i2c_driver_api_ext_end = .
                0x000060a4                        _i2c_target_driver_api_list_start = .
 *(SORT_BY_NAME(SORT_BY_ALIGNMENT(._i2c_target_driver_api.static.*)))
                0x000060a4                        _i2c_target_driver_api_list_end = .
                0x000060a4                        _i2c_target_driver_api_ext_end = .
                0x000060a4                        _shared_irq_driver_api_list_start = .
 *(SORT_BY_NAME(SORT_BY_ALIGNMENT(._shared_irq_driver_api.static.*)))
                0x000060a4                        _shared_irq_driver_api_list_end = .
                0x000060a4                        _shared_irq_driver_api_ext_end = .
                0x000060a4                        _audio_codec_driver_api_list_start = .
 *(SORT_BY_NAME(SORT_BY_ALIGNMENT(._audio_codec_driver_api.static.*)))
                0x000060a4                        _audio_codec_driver_api_list_end = .
                0x000060a4                        _audio_codec_driver_api_ext_end = .
                0x000060a4                        _dmic_driver_api_list_start = .
 *(SORT_BY_NAME(SORT_BY_ALIGNMENT(._dmic_driver_api.static.*)))
                0x000060a4                        _dmic_driver_api_list_end = .
                0x000060a4                        _dmic_driver_api_ext_end = .
                0x000060a4                        _crypto_driver_api_list_start = .
 *(SORT_BY_NAME(SORT_BY_ALIGNMENT(._crypto_driver_api.static.*)))
                0x000060a4                        _crypto_driver_api_list_end = .
                0x000060a4                        _crypto_driver_api_ext_end = .
                0x000060a4                        _adc_driver_api_list_start = .
 *(SORT_BY_NAME(SORT_BY_ALIGNMENT(._adc_driver_api.static.*)))
                0x000060a4                        _adc_driver_api_list_end = .
                0x000060a4                        _adc_driver_api_ext_end = .
                0x000060a4                        _auxdisplay_driver_api_list_start = .
 *(SORT_BY_NAME(SORT_BY_ALIGNMENT(._auxdisplay_driver_api.static.*)))
                0x000060a4                        _auxdisplay_driver_api_list_end = .
                0x000060a4                        _auxdisplay_driver_api_ext_end = .
                0x000060a4                        _bbram_driver_api_list_start = .
 *(SORT_BY_NAME(SORT_BY_ALIGNMENT(._bbram_driver_api.static.*)))
                0x000060a4                        _bbram_driver_api_list_end = .
                0x000060a4                        _bbram_driver_api_ext_end = .
                0x000060a4                        _biometric_driver_api_list_start = .
 *(SORT_BY_NAME(SORT_BY_ALIGNMENT(._biometric_driver_api.static.*)))
                0x000060a4                        _biometric_driver_api_list_end = .
                0x000060a4                        _biometric_driver_api_ext_end = .
                0x000060a4                        _bt_hci_driver_api_list_start = .
 *(SORT_BY_NAME(SORT_BY_ALIGNMENT(._bt_hci_driver_api.static.*)))
                0x000060a4                        _bt_hci_driver_api_list_end = .
                0x000060a4                        _bt_hci_driver_api_ext_end = .
                0x000060a4                        _buzzer_driver_api_list_start = .
 *(SORT_BY_NAME(SORT_BY_ALIGNMENT(._buzzer_driver_api.static.*)))
                0x000060a4                        _buzzer_driver_api_list_end = .
                0x000060a4                        _buzzer_driver_api_ext_end = .
                0x000060a4                        _can_driver_api_list_start = .
 *(SORT_BY_NAME(SORT_BY_ALIGNMENT(._can_driver_api.static.*)))
                0x000060a4                        _can_driver_api_list_end = .
                0x000060a4                        _can_driver_api_ext_end = .
                0x000060a4                        _cellular_driver_api_list_start = .
 *(SORT_BY_NAME(SORT_BY_ALIGNMENT(._cellular_driver_api.static.*)))
                0x000060a4                        _cellular_driver_api_list_end = .
                0x000060a4                        _cellular_driver_api_ext_end = .
                0x000060a4                        _charger_driver_api_list_start = .
 *(SORT_BY_NAME(SORT_BY_ALIGNMENT(._charger_driver_api.static.*)))
                0x000060a4                        _charger_driver_api_list_end = .
                0x000060a4                        _charger_driver_api_ext_end = .
                0x000060a4                        _clock_control_driver_api_list_start = .
 *(SORT_BY_NAME(SORT_BY_ALIGNMENT(._clock_control_driver_api.static.*)))
 ._clock_control_driver_api.static.clock_control_api_
                0x000060a4       0x1c zephyr/drivers/clock_control/libdrivers__clock_control.a(clock_control_nrf.c.obj)
                0x000060c0                        _clock_control_driver_api_list_end = .
                0x000060c0                        _nrf_clock_control_driver_api_list_start = .
 *(SORT_BY_NAME(SORT_BY_ALIGNMENT(._nrf_clock_control_driver_api.static.*)))
                0x000060c0                        _nrf_clock_control_driver_api_list_end = .
                0x000060c0                        _nrf_clock_control_driver_api_ext_end = .
                0x000060c0                        _clock_control_driver_api_ext_end = .
                0x000060c0                        _clock_monitor_driver_api_list_start = .
 *(SORT_BY_NAME(SORT_BY_ALIGNMENT(._clock_monitor_driver_api.static.*)))
                0x000060c0                        _clock_monitor_driver_api_list_end = .
                0x000060c0                        _clock_monitor_driver_api_ext_end = .
                0x000060c0                        _comparator_driver_api_list_start = .
 *(SORT_BY_NAME(SORT_BY_ALIGNMENT(._comparator_driver_api.static.*)))
                0x000060c0                        _comparator_driver_api_list_end = .
                0x000060c0                        _comparator_driver_api_ext_end = .
                0x000060c0                        _coredump_driver_api_list_start = .
 *(SORT_BY_NAME(SORT_BY_ALIGNMENT(._coredump_driver_api.static.*)))
                0x000060c0                        _coredump_driver_api_list_end = .
                0x000060c0                        _coredump_driver_api_ext_end = .
                0x000060c0                        _crc_driver_api_list_start = .
 *(SORT_BY_NAME(SORT_BY_ALIGNMENT(._crc_driver_api.static.*)))
                0x000060c0                        _crc_driver_api_list_end = .
                0x000060c0                        _crc_driver_api_ext_end = .
                0x000060c0                        _dac_driver_api_list_start = .
 *(SORT_BY_NAME(SORT_BY_ALIGNMENT(._dac_driver_api.static.*)))
                0x000060c0                        _dac_driver_api_list_end = .
                0x000060c0                        _dac_driver_api_ext_end = .
                0x000060c0                        _dai_driver_api_list_start = .
 *(SORT_BY_NAME(SORT_BY_ALIGNMENT(._dai_driver_api.static.*)))
                0x000060c0                        _dai_driver_api_list_end = .
                0x000060c0                        _dai_driver_api_ext_end = .
                0x000060c0                        _dali_driver_api_list_start = .
 *(SORT_BY_NAME(SORT_BY_ALIGNMENT(._dali_driver_api.static.*)))
                0x000060c0                        _dali_driver_api_list_end = .
                0x000060c0                        _dali_driver_api_ext_end = .
                0x000060c0                        _display_driver_api_list_start = .
 *(SORT_BY_NAME(SORT_BY_ALIGNMENT(._display_driver_api.static.*)))
                0x000060c0                        _display_driver_api_list_end = .
                0x000060c0                        _display_driver_api_ext_end = .
                0x000060c0                        _dma_driver_api_list_start = .
 *(SORT_BY_NAME(SORT_BY_ALIGNMENT(._dma_driver_api.static.*)))
                0x000060c0                        _dma_driver_api_list_end = .
                0x000060c0                        _dma_driver_api_ext_end = .
                0x000060c0                        _edac_driver_api_list_start = .
 *(SORT_BY_NAME(SORT_BY_ALIGNMENT(._edac_driver_api.static.*)))
                0x000060c0                        _edac_driver_api_list_end = .
                0x000060c0                        _edac_driver_api_ext_end = .
                0x000060c0                        _eeprom_driver_api_list_start = .
 *(SORT_BY_NAME(SORT_BY_ALIGNMENT(._eeprom_driver_api.static.*)))
                0x000060c0                        _eeprom_driver_api_list_end = .
                0x000060c0                        _eeprom_driver_api_ext_end = .
                0x000060c0                        _emul_bbram_driver_api_list_start = .
 *(SORT_BY_NAME(SORT_BY_ALIGNMENT(._emul_bbram_driver_api.static.*)))
                0x000060c0                        _emul_bbram_driver_api_list_end = .
                0x000060c0                        _emul_bbram_driver_api_ext_end = .
                0x000060c0                        _fuel_gauge_emul_driver_api_list_start = .
 *(SORT_BY_NAME(SORT_BY_ALIGNMENT(._fuel_gauge_emul_driver_api.static.*)))
                0x000060c0                        _fuel_gauge_emul_driver_api_list_end = .
                0x000060c0                        _fuel_gauge_emul_driver_api_ext_end = .
                0x000060c0                        _emul_sensor_driver_api_list_start = .
 *(SORT_BY_NAME(SORT_BY_ALIGNMENT(._emul_sensor_driver_api.static.*)))
                0x000060c0                        _emul_sensor_driver_api_list_end = .
                0x000060c0                        _emul_sensor_driver_api_ext_end = .
                0x000060c0                        _entropy_driver_api_list_start = .
 *(SORT_BY_NAME(SORT_BY_ALIGNMENT(._entropy_driver_api.static.*)))
                0x000060c0                        _entropy_driver_api_list_end = .
                0x000060c0                        _entropy_driver_api_ext_end = .
                0x000060c0                        _espi_driver_api_list_start = .
 *(SORT_BY_NAME(SORT_BY_ALIGNMENT(._espi_driver_api.static.*)))
                0x000060c0                        _espi_driver_api_list_end = .
                0x000060c0                        _emul_espi_driver_api_list_start = .
 *(SORT_BY_NAME(SORT_BY_ALIGNMENT(._emul_espi_driver_api.static.*)))
                0x000060c0                        _emul_espi_driver_api_list_end = .
                0x000060c0                        _emul_espi_driver_api_ext_end = .
                0x000060c0                        _espi_driver_api_ext_end = .
                0x000060c0                        _espi_saf_driver_api_list_start = .
 *(SORT_BY_NAME(SORT_BY_ALIGNMENT(._espi_saf_driver_api.static.*)))
                0x000060c0                        _espi_saf_driver_api_list_end = .
                0x000060c0                        _espi_saf_driver_api_ext_end = .
                0x000060c0                        _flash_driver_api_list_start = .
 *(SORT_BY_NAME(SORT_BY_ALIGNMENT(._flash_driver_api.static.*)))
                0x000060c0                        _flash_driver_api_list_end = .
                0x000060c0                        _flash_driver_api_ext_end = .
                0x000060c0                        _fpga_driver_api_list_start = .
 *(SORT_BY_NAME(SORT_BY_ALIGNMENT(._fpga_driver_api.static.*)))
                0x000060c0                        _fpga_driver_api_list_end = .
                0x000060c0                        _fpga_driver_api_ext_end = .
                0x000060c0                        _fuel_gauge_driver_api_list_start = .
 *(SORT_BY_NAME(SORT_BY_ALIGNMENT(._fuel_gauge_driver_api.static.*)))
                0x000060c0                        _fuel_gauge_driver_api_list_end = .
                0x000060c0                        _fuel_gauge_driver_api_ext_end = .
                0x000060c0                        _gnss_driver_api_list_start = .
 *(SORT_BY_NAME(SORT_BY_ALIGNMENT(._gnss_driver_api.static.*)))
                0x000060c0                        _gnss_driver_api_list_end = .
                0x000060c0                        _gnss_driver_api_ext_end = .
                0x000060c0                        _haptics_driver_api_list_start = .
 *(SORT_BY_NAME(SORT_BY_ALIGNMENT(._haptics_driver_api.static.*)))
                0x000060c0                        _haptics_driver_api_list_end = .
                0x000060c0                        _haptics_driver_api_ext_end = .
                0x000060c0                        _hwspinlock_driver_api_list_start = .
 *(SORT_BY_NAME(SORT_BY_ALIGNMENT(._hwspinlock_driver_api.static.*)))
                0x000060c0                        _hwspinlock_driver_api_list_end = .
                0x000060c0                        _hwspinlock_driver_api_ext_end = .
                0x000060c0                        _i2s_driver_api_list_start = .
 *(SORT_BY_NAME(SORT_BY_ALIGNMENT(._i2s_driver_api.static.*)))
                0x000060c0                        _i2s_driver_api_list_end = .
                0x000060c0                        _i2s_driver_api_ext_end = .
                0x000060c0                        _ipm_driver_api_list_start = .
 *(SORT_BY_NAME(SORT_BY_ALIGNMENT(._ipm_driver_api.static.*)))
                0x000060c0                        _ipm_driver_api_list_end = .
                0x000060c0                        _ipm_driver_api_ext_end = .
                0x000060c0                        _led_driver_api_list_start = .
 *(SORT_BY_NAME(SORT_BY_ALIGNMENT(._led_driver_api.static.*)))
                0x000060c0                        _led_driver_api_list_end = .
                0x000060c0                        _led_driver_api_ext_end = .
                0x000060c0                        _led_strip_driver_api_list_start = .
 *(SORT_BY_NAME(SORT_BY_ALIGNMENT(._led_strip_driver_api.static.*)))
                0x000060c0                        _led_strip_driver_api_list_end = .
                0x000060c0                        _led_strip_driver_api_ext_end = .
                0x000060c0                        _lora_driver_api_list_start = .
 *(SORT_BY_NAME(SORT_BY_ALIGNMENT(._lora_driver_api.static.*)))
                0x000060c0                        _lora_driver_api_list_end = .
                0x000060c0                        _lora_driver_api_ext_end = .
                0x000060c0                        _mbox_driver_api_list_start = .
 *(SORT_BY_NAME(SORT_BY_ALIGNMENT(._mbox_driver_api.static.*)))
                0x000060c0                        _mbox_driver_api_list_end = .
                0x000060c0                        _mbox_driver_api_ext_end = .
                0x000060c0                        _mdio_driver_api_list_start = .
 *(SORT_BY_NAME(SORT_BY_ALIGNMENT(._mdio_driver_api.static.*)))
                0x000060c0                        _mdio_driver_api_list_end = .
                0x000060c0                        _mdio_driver_api_ext_end = .
                0x000060c0                        _memc_driver_api_list_start = .
 *(SORT_BY_NAME(SORT_BY_ALIGNMENT(._memc_driver_api.static.*)))
                0x000060c0                        _memc_driver_api_list_end = .
                0x000060c0                        _memc_driver_api_ext_end = .
                0x000060c0                        _mipi_dbi_driver_api_list_start = .
 *(SORT_BY_NAME(SORT_BY_ALIGNMENT(._mipi_dbi_driver_api.static.*)))
                0x000060c0                        _mipi_dbi_driver_api_list_end = .
                0x000060c0                        _mipi_dbi_driver_api_ext_end = .
                0x000060c0                        _mipi_dsi_driver_api_list_start = .
 *(SORT_BY_NAME(SORT_BY_ALIGNMENT(._mipi_dsi_driver_api.static.*)))
                0x000060c0                        _mipi_dsi_driver_api_list_end = .
                0x000060c0                        _mipi_dsi_driver_api_ext_end = .
                0x000060c0                        _mspi_driver_api_list_start = .
 *(SORT_BY_NAME(SORT_BY_ALIGNMENT(._mspi_driver_api.static.*)))
                0x000060c0                        _mspi_driver_api_list_end = .
                0x000060c0                        _emul_mspi_driver_api_list_start = .
 *(SORT_BY_NAME(SORT_BY_ALIGNMENT(._emul_mspi_driver_api.static.*)))
                0x000060c0                        _emul_mspi_driver_api_list_end = .
                0x000060c0                        _emul_mspi_driver_api_ext_end = .
                0x000060c0                        _mspi_driver_api_ext_end = .
                0x000060c0                        _opamp_driver_api_list_start = .
 *(SORT_BY_NAME(SORT_BY_ALIGNMENT(._opamp_driver_api.static.*)))
                0x000060c0                        _opamp_driver_api_list_end = .
                0x000060c0                        _opamp_driver_api_ext_end = .
                0x000060c0                        _otp_driver_api_list_start = .
 *(SORT_BY_NAME(SORT_BY_ALIGNMENT(._otp_driver_api.static.*)))
                0x000060c0                        _otp_driver_api_list_end = .
                0x000060c0                        _otp_driver_api_ext_end = .
                0x000060c0                        _peci_driver_api_list_start = .
 *(SORT_BY_NAME(SORT_BY_ALIGNMENT(._peci_driver_api.static.*)))
                0x000060c0                        _peci_driver_api_list_end = .
                0x000060c0                        _peci_driver_api_ext_end = .
                0x000060c0                        _ps2_driver_api_list_start = .
 *(SORT_BY_NAME(SORT_BY_ALIGNMENT(._ps2_driver_api.static.*)))
                0x000060c0                        _ps2_driver_api_list_end = .
                0x000060c0                        _ps2_driver_api_ext_end = .
                0x000060c0                        _ptp_clock_driver_api_list_start = .
 *(SORT_BY_NAME(SORT_BY_ALIGNMENT(._ptp_clock_driver_api.static.*)))
                0x000060c0                        _ptp_clock_driver_api_list_end = .
                0x000060c0                        _ptp_clock_driver_api_ext_end = .
                0x000060c0                        _pwm_driver_api_list_start = .
 *(SORT_BY_NAME(SORT_BY_ALIGNMENT(._pwm_driver_api.static.*)))
                0x000060c0                        _pwm_driver_api_list_end = .
                0x000060c0                        _pwm_driver_api_ext_end = .
                0x000060c0                        _regulator_parent_driver_api_list_start = .
 *(SORT_BY_NAME(SORT_BY_ALIGNMENT(._regulator_parent_driver_api.static.*)))
                0x000060c0                        _regulator_parent_driver_api_list_end = .
                0x000060c0                        _regulator_parent_driver_api_ext_end = .
                0x000060c0                        _regulator_driver_api_list_start = .
 *(SORT_BY_NAME(SORT_BY_ALIGNMENT(._regulator_driver_api.static.*)))
                0x000060c0                        _regulator_driver_api_list_end = .
                0x000060c0                        _regulator_driver_api_ext_end = .
                0x000060c0                        _reset_driver_api_list_start = .
 *(SORT_BY_NAME(SORT_BY_ALIGNMENT(._reset_driver_api.static.*)))
                0x000060c0                        _reset_driver_api_list_end = .
                0x000060c0                        _reset_driver_api_ext_end = .
                0x000060c0                        _retained_mem_driver_api_list_start = .
 *(SORT_BY_NAME(SORT_BY_ALIGNMENT(._retained_mem_driver_api.static.*)))
                0x000060c0                        _retained_mem_driver_api_list_end = .
                0x000060c0                        _retained_mem_driver_api_ext_end = .
                0x000060c0                        _rtc_driver_api_list_start = .
 *(SORT_BY_NAME(SORT_BY_ALIGNMENT(._rtc_driver_api.static.*)))
                0x000060c0                        _rtc_driver_api_list_end = .
                0x000060c0                        _rtc_driver_api_ext_end = .
                0x000060c0                        _sdhc_driver_api_list_start = .
 *(SORT_BY_NAME(SORT_BY_ALIGNMENT(._sdhc_driver_api.static.*)))
                0x000060c0                        _sdhc_driver_api_list_end = .
                0x000060c0                        _sdhc_driver_api_ext_end = .
                0x000060c0                        _sensor_driver_api_list_start = .
 *(SORT_BY_NAME(SORT_BY_ALIGNMENT(._sensor_driver_api.static.*)))
                0x000060c0                        _sensor_driver_api_list_end = .
                0x000060c0                        _sensor_driver_api_ext_end = .
                0x000060c0                        _smbus_driver_api_list_start = .
 *(SORT_BY_NAME(SORT_BY_ALIGNMENT(._smbus_driver_api.static.*)))
                0x000060c0                        _smbus_driver_api_list_end = .
                0x000060c0                        _smbus_driver_api_ext_end = .
                0x000060c0                        _spi_driver_api_list_start = .
 *(SORT_BY_NAME(SORT_BY_ALIGNMENT(._spi_driver_api.static.*)))
                0x000060c0                        _spi_driver_api_list_end = .
                0x000060c0                        _spi_driver_api_ext_end = .
                0x000060c0                        _syscon_driver_api_list_start = .
 *(SORT_BY_NAME(SORT_BY_ALIGNMENT(._syscon_driver_api.static.*)))
                0x000060c0                        _syscon_driver_api_list_end = .
                0x000060c0                        _syscon_driver_api_ext_end = .
                0x000060c0                        _tee_driver_api_list_start = .
 *(SORT_BY_NAME(SORT_BY_ALIGNMENT(._tee_driver_api.static.*)))
                0x000060c0                        _tee_driver_api_list_end = .
                0x000060c0                        _tee_driver_api_ext_end = .
                0x000060c0                        _tgpio_driver_api_list_start = .
 *(SORT_BY_NAME(SORT_BY_ALIGNMENT(._tgpio_driver_api.static.*)))
                0x000060c0                        _tgpio_driver_api_list_end = .
                0x000060c0                        _tgpio_driver_api_ext_end = .
                0x000060c0                        _uaol_driver_api_list_start = .
 *(SORT_BY_NAME(SORT_BY_ALIGNMENT(._uaol_driver_api.static.*)))
                0x000060c0                        _uaol_driver_api_list_end = .
                0x000060c0                        _uaol_driver_api_ext_end = .
                0x000060c0                        _video_driver_api_list_start = .
 *(SORT_BY_NAME(SORT_BY_ALIGNMENT(._video_driver_api.static.*)))
                0x000060c0                        _video_driver_api_list_end = .
                0x000060c0                        _video_driver_api_ext_end = .
                0x000060c0                        _virtio_driver_api_list_start = .
 *(SORT_BY_NAME(SORT_BY_ALIGNMENT(._virtio_driver_api.static.*)))
                0x000060c0                        _virtio_driver_api_list_end = .
                0x000060c0                        _virtio_driver_api_ext_end = .
                0x000060c0                        _w1_driver_api_list_start = .
 *(SORT_BY_NAME(SORT_BY_ALIGNMENT(._w1_driver_api.static.*)))
                0x000060c0                        _w1_driver_api_list_end = .
                0x000060c0                        _w1_driver_api_ext_end = .
                0x000060c0                        _wdt_driver_api_list_start = .
 *(SORT_BY_NAME(SORT_BY_ALIGNMENT(._wdt_driver_api.static.*)))
                0x000060c0                        _wdt_driver_api_list_end = .
                0x000060c0                        _wdt_driver_api_ext_end = .
                0x000060c0                        _wuc_driver_api_list_start = .
 *(SORT_BY_NAME(SORT_BY_ALIGNMENT(._wuc_driver_api.static.*)))
                0x000060c0                        _wuc_driver_api_list_end = .
                0x000060c0                        _wuc_driver_api_ext_end = .
                0x000060c0                        _can_transceiver_driver_api_list_start = .
 *(SORT_BY_NAME(SORT_BY_ALIGNMENT(._can_transceiver_driver_api.static.*)))
                0x000060c0                        _can_transceiver_driver_api_list_end = .
                0x000060c0                        _can_transceiver_driver_api_ext_end = .
                0x000060c0                        _i3c_target_driver_api_list_start = .
 *(SORT_BY_NAME(SORT_BY_ALIGNMENT(._i3c_target_driver_api.static.*)))
                0x000060c0                        _i3c_target_driver_api_list_end = .
                0x000060c0                        _i3c_target_driver_api_ext_end = .
                0x000060c0                        _its_driver_api_list_start = .
 *(SORT_BY_NAME(SORT_BY_ALIGNMENT(._its_driver_api.static.*)))
                0x000060c0                        _its_driver_api_list_end = .
                0x000060c0                        _its_driver_api_ext_end = .
                0x000060c0                        _vtd_driver_api_list_start = .
 *(SORT_BY_NAME(SORT_BY_ALIGNMENT(._vtd_driver_api.static.*)))
                0x000060c0                        _vtd_driver_api_list_end = .
                0x000060c0                        _vtd_driver_api_ext_end = .
                0x000060c0                        _renesas_elc_driver_api_list_start = .
 *(SORT_BY_NAME(SORT_BY_ALIGNMENT(._renesas_elc_driver_api.static.*)))
                0x000060c0                        _renesas_elc_driver_api_list_end = .
                0x000060c0                        _renesas_elc_driver_api_ext_end = .
                0x000060c0                        _pcie_ctrl_driver_api_list_start = .
 *(SORT_BY_NAME(SORT_BY_ALIGNMENT(._pcie_ctrl_driver_api.static.*)))
                0x000060c0                        _pcie_ctrl_driver_api_list_end = .
                0x000060c0                        _pcie_ctrl_driver_api_ext_end = .
                0x000060c0                        _pcie_ep_driver_api_list_start = .
 *(SORT_BY_NAME(SORT_BY_ALIGNMENT(._pcie_ep_driver_api.static.*)))
                0x000060c0                        _pcie_ep_driver_api_list_end = .
                0x000060c0                        _pcie_ep_driver_api_ext_end = .
                0x000060c0                        _psi5_driver_api_list_start = .
 *(SORT_BY_NAME(SORT_BY_ALIGNMENT(._psi5_driver_api.static.*)))
                0x000060c0                        _psi5_driver_api_list_end = .
                0x000060c0                        _psi5_driver_api_ext_end = .
                0x000060c0                        _sent_driver_api_list_start = .
 *(SORT_BY_NAME(SORT_BY_ALIGNMENT(._sent_driver_api.static.*)))
                0x000060c0                        _sent_driver_api_list_end = .
                0x000060c0                        _sent_driver_api_ext_end = .
                0x000060c0                        _svc_driver_api_list_start = .
 *(SORT_BY_NAME(SORT_BY_ALIGNMENT(._svc_driver_api.static.*)))
                0x000060c0                        _svc_driver_api_list_end = .
                0x000060c0                        _svc_driver_api_ext_end = .
                0x000060c0                        _stepper_driver_api_list_start = .
 *(SORT_BY_NAME(SORT_BY_ALIGNMENT(._stepper_driver_api.static.*)))
                0x000060c0                        _stepper_driver_api_list_end = .
                0x000060c0                        _stepper_driver_api_ext_end = .
                0x000060c0                        _stepper_ctrl_driver_api_list_start = .
 *(SORT_BY_NAME(SORT_BY_ALIGNMENT(._stepper_ctrl_driver_api.static.*)))
                0x000060c0                        _stepper_ctrl_driver_api_list_end = .
                0x000060c0                        _stepper_ctrl_driver_api_ext_end = .
                0x000060c0                        _uart_driver_api_list_start = .
 *(SORT_BY_NAME(SORT_BY_ALIGNMENT(._uart_driver_api.static.*)))
 ._uart_driver_api.static.uart_nrfx_uarte_driver_api_
                0x000060c0        0xc zephyr/drivers/serial/libdrivers__serial.a(uart_nrfx_uarte.c.obj)
                0x000060cc                        _uart_driver_api_list_end = .
                0x000060cc                        _uart_driver_api_ext_end = .
                0x000060cc                        _bc12_emul_driver_api_list_start = .
 *(SORT_BY_NAME(SORT_BY_ALIGNMENT(._bc12_emul_driver_api.static.*)))
                0x000060cc                        _bc12_emul_driver_api_list_end = .
                0x000060cc                        _bc12_emul_driver_api_ext_end = .
                0x000060cc                        _uhc_driver_api_list_start = .
 *(SORT_BY_NAME(SORT_BY_ALIGNMENT(._uhc_driver_api.static.*)))
                0x000060cc                        _uhc_driver_api_list_end = .
                0x000060cc                        _uhc_driver_api_ext_end = .
                0x000060cc                        _bc12_driver_api_list_start = .
 *(SORT_BY_NAME(SORT_BY_ALIGNMENT(._bc12_driver_api.static.*)))
                0x000060cc                        _bc12_driver_api_list_end = .
                0x000060cc                        _bc12_driver_api_ext_end = .
                0x000060cc                        _usbc_ppc_driver_api_list_start = .
 *(SORT_BY_NAME(SORT_BY_ALIGNMENT(._usbc_ppc_driver_api.static.*)))
                0x000060cc                        _usbc_ppc_driver_api_list_end = .
                0x000060cc                        _usbc_ppc_driver_api_ext_end = .
                0x000060cc                        _tcpc_driver_api_list_start = .
 *(SORT_BY_NAME(SORT_BY_ALIGNMENT(._tcpc_driver_api.static.*)))
                0x000060cc                        _tcpc_driver_api_list_end = .
                0x000060cc                        _tcpc_driver_api_ext_end = .
                0x000060cc                        _usbc_vbus_driver_api_list_start = .
 *(SORT_BY_NAME(SORT_BY_ALIGNMENT(._usbc_vbus_driver_api.static.*)))
                0x000060cc                        _usbc_vbus_driver_api_list_end = .
                0x000060cc                        _usbc_vbus_driver_api_ext_end = .
                0x000060cc                        _ivshmem_driver_api_list_start = .
 *(SORT_BY_NAME(SORT_BY_ALIGNMENT(._ivshmem_driver_api.static.*)))
                0x000060cc                        _ivshmem_driver_api_list_end = .
                0x000060cc                        _ivshmem_driver_api_ext_end = .
                0x000060cc                        _ethphy_driver_api_list_start = .
 *(SORT_BY_NAME(SORT_BY_ALIGNMENT(._ethphy_driver_api.static.*)))
                0x000060cc                        _ethphy_driver_api_list_end = .
                0x000060cc                        _ethphy_driver_api_ext_end = .

ztest           0x000060cc        0x0
                0x000060cc                        _ztest_expected_result_entry_list_start = .
 *(SORT_BY_NAME(SORT_BY_ALIGNMENT(._ztest_expected_result_entry.static.*)))
                0x000060cc                        _ztest_expected_result_entry_list_end = .
                0x000060cc                        _ztest_suite_node_list_start = .
 *(SORT_BY_NAME(SORT_BY_ALIGNMENT(._ztest_suite_node.static.*)))
                0x000060cc                        _ztest_suite_node_list_end = .
                0x000060cc                        _ztest_unit_test_list_start = .
 *(SORT_BY_NAME(SORT_BY_ALIGNMENT(._ztest_unit_test.static.*)))
                0x000060cc                        _ztest_unit_test_list_end = .
                0x000060cc                        _ztest_param_inst_list_start = .
 *(SORT_BY_NAME(SORT_BY_ALIGNMENT(._ztest_param_inst.static.*)))
                0x000060cc                        _ztest_param_inst_list_end = .
                0x000060cc                        _ztest_test_rule_list_start = .
 *(SORT_BY_NAME(SORT_BY_ALIGNMENT(._ztest_test_rule.static.*)))
                0x000060cc                        _ztest_test_rule_list_end = .

init_array      0x000060cc        0x0
                0x000060cc                        __zephyr_init_array_start = .
 *(SORT_BY_INIT_PRIORITY(.init_array.*) SORT_BY_INIT_PRIORITY(.ctors.*))
 *(SORT_BY_ALIGNMENT(.init_array) SORT_BY_ALIGNMENT(.ctors))
                0x000060cc                        __zephyr_init_array_end = .
                0x00000001                        ASSERT ((__zephyr_init_array_start == __zephyr_init_array_end), GNU-style constructors required but STATIC_INIT_GNU not enabled)

bt_l2cap_fixed_chan_area
                0x000060cc        0x0
                0x000060cc                        _bt_l2cap_fixed_chan_list_start = .