Archive member included to satisfy reference by file (symbol)

app/libapp.a(main.c.obj)      (--whole-archive)
app/libapp.a(gfx.c.obj)       (--whole-archive)
app/libapp.a(event.c.obj)     (--whole-archive)
app/libapp.a(rtc.c.obj)       (--whole-archive)
app/libapp.a(timer.c.obj)     (--whole-archive)
app/libapp.a(input.c.obj)     (--whole-archive)
app/libapp.a(ui.c.obj)        (--whole-archive)
app/libapp.a(spi.c.obj)       (--whole-archive)
app/libapp.a(obj_manager.c.obj)
                              (--whole-archive)
zephyr/libzephyr.a(validate_libc.c.obj)
                              (--whole-archive)
zephyr/libzephyr.a(heap.c.obj)
                              (--whole-archive)
zephyr/libzephyr.a(boot_banner.c.obj)
                              (--whole-archive)
zephyr/libzephyr.a(cbprintf_packaged.c.obj)
                              (--whole-archive)
zephyr/libzephyr.a(clock.c.obj)
                              (--whole-archive)
zephyr/libzephyr.a(printk.c.obj)
                              (--whole-archive)
zephyr/libzephyr.a(cbprintf_complete.c.obj)
                              (--whole-archive)
zephyr/libzephyr.a(assert.c.obj)
                              (--whole-archive)
zephyr/libzephyr.a(dec.c.obj)
                              (--whole-archive)
zephyr/libzephyr.a(hex.c.obj)
                              (--whole-archive)
zephyr/libzephyr.a(rb.c.obj)  (--whole-archive)
zephyr/libzephyr.a(set.c.obj)
                              (--whole-archive)
zephyr/libzephyr.a(timeutil.c.obj)
                              (--whole-archive)
zephyr/libzephyr.a(bitarray.c.obj)
                              (--whole-archive)
zephyr/libzephyr.a(bitmask.c.obj)
                              (--whole-archive)
zephyr/libzephyr.a(getopt.c.obj)
                              (--whole-archive)
zephyr/libzephyr.a(getopt_common.c.obj)
                              (--whole-archive)
zephyr/libzephyr.a(onoff.c.obj)
                              (--whole-archive)
zephyr/libzephyr.a(notify.c.obj)
                              (--whole-archive)
zephyr/libzephyr.a(ring_buffer.c.obj)
                              (--whole-archive)
zephyr/libzephyr.a(last_section_id.c.obj)
                              (--whole-archive)
zephyr/libzephyr.a(configs.c.obj)
                              (--whole-archive)
zephyr/libzephyr.a(mem_attr.c.obj)
                              (--whole-archive)
zephyr/libzephyr.a(tracing_none.c.obj)
                              (--whole-archive)
zephyr/libzephyr.a(sem.c.obj)
                              (--whole-archive)
zephyr/libzephyr.a(thread_entry.c.obj)
                              (--whole-archive)
zephyr/arch/common/libarch__common.a(sw_isr_common.c.obj)
                              (--whole-archive)
zephyr/arch/common/libarch__common.a(init.c.obj)
                              (--whole-archive)
zephyr/arch/common/libarch__common.a(xip.c.obj)
                              (--whole-archive)
zephyr/arch/common/libarch__common.a(instr_mem.c.obj)
                              (--whole-archive)
zephyr/arch/arch/arm/core/libarch__arm__core.a(fatal.c.obj)
                              (--whole-archive)
zephyr/arch/arch/arm/core/libarch__arm__core.a(nmi.c.obj)
                              (--whole-archive)
zephyr/arch/arch/arm/core/libarch__arm__core.a(nmi_on_reset.S.obj)
                              (--whole-archive)
zephyr/arch/arch/arm/core/libarch__arm__core.a(tls.c.obj)
                              (--whole-archive)
zephyr/arch/arch/arm/core/cortex_m/libarch__arm__core__cortex_m.a(fault.c.obj)
                              (--whole-archive)
zephyr/arch/arch/arm/core/cortex_m/libarch__arm__core__cortex_m.a(fault_s.S.obj)
                              (--whole-archive)
zephyr/arch/arch/arm/core/cortex_m/libarch__arm__core__cortex_m.a(fpu.c.obj)
                              (--whole-archive)
zephyr/arch/arch/arm/core/cortex_m/libarch__arm__core__cortex_m.a(reset.S.obj)
                              (--whole-archive)
zephyr/arch/arch/arm/core/cortex_m/libarch__arm__core__cortex_m.a(scb.c.obj)
                              (--whole-archive)
zephyr/arch/arch/arm/core/cortex_m/libarch__arm__core__cortex_m.a(vector_table.S.obj)
                              (--whole-archive)
zephyr/arch/arch/arm/core/cortex_m/libarch__arm__core__cortex_m.a(svc.S.obj)
                              (--whole-archive)
zephyr/arch/arch/arm/core/cortex_m/libarch__arm__core__cortex_m.a(irq_manage.c.obj)
                              (--whole-archive)
zephyr/arch/arch/arm/core/cortex_m/libarch__arm__core__cortex_m.a(prep_c.c.obj)
                              (--whole-archive)
zephyr/arch/arch/arm/core/cortex_m/libarch__arm__core__cortex_m.a(thread.c.obj)
                              (--whole-archive)
zephyr/arch/arch/arm/core/cortex_m/libarch__arm__core__cortex_m.a(cpu_idle.c.obj)
                              (--whole-archive)
zephyr/arch/arch/arm/core/cortex_m/libarch__arm__core__cortex_m.a(exc_exit.c.obj)
[...]
Memory Configuration

Name             Origin             Length             Attributes
FLASH            0x00000000         0x00100000         xr
RAM              0x20000000         0x00040000         xw
IDT_LIST         0xffff7fff         0x00008000         xw
*default*        0x00000000         0xffffffff

Linker script and memory map

                0x000053b0                        vfprintf = __l_vfprintf
                0x00000000                        vfscanf = __l_vfscanf
LOAD zephyr/CMakeFiles/zephyr_final.dir/misc/empty_file.c.obj
LOAD zephyr/CMakeFiles/zephyr_final.dir/isr_tables.c.obj
LOAD zephyr/CMakeFiles/offsets.dir/./arch/arm/core/offsets/offsets.c.obj
LOAD app/libapp.a
LOAD zephyr/libzephyr.a
LOAD zephyr/arch/common/libarch__common.a
LOAD zephyr/arch/arch/arm/core/libarch__arm__core.a
LOAD zephyr/arch/arch/arm/core/cortex_m/libarch__arm__core__cortex_m.a
LOAD zephyr/arch/arch/arm/core/mpu/libarch__arm__core__mpu.a
LOAD zephyr/lib/libc/picolibc/liblib__libc__picolibc.a
LOAD zephyr/lib/libc/common/liblib__libc__common.a
LOAD zephyr/soc/soc/nrf52840/libsoc__nordic.a
LOAD zephyr/subsys/portability/posix/c_lib_ext/libsubsys__portability__posix__c_lib_ext.a
LOAD zephyr/drivers/clock_control/libdrivers__clock_control.a
LOAD zephyr/drivers/console/libdrivers__console.a
LOAD zephyr/drivers/display/libdrivers__display.a
LOAD zephyr/drivers/gpio/libdrivers__gpio.a
LOAD zephyr/drivers/i2c/libdrivers__i2c.a
LOAD zephyr/drivers/pinctrl/libdrivers__pinctrl.a
LOAD zephyr/drivers/serial/libdrivers__serial.a
LOAD zephyr/drivers/spi/libdrivers__spi.a
LOAD zephyr/drivers/timer/libdrivers__timer.a
LOAD modules/hal_nordic/nrfx/libnrfx.a
LOAD zephyr/kernel/libkernel.a
LOAD zephyr/arch/common/libisr_tables.a
LOAD /home/i4why/workspace/zephyrproject/zephyr-sdk-1.0.1/gnu/arm-zephyr-eabi/bin/../lib/gcc/arm-zephyr-eabi/14.3.0/../../../../arm-zephyr-eabi/lib/thumb/v7e-m/nofp/space/libc.a
LOAD /home/i4why/workspace/zephyrproject/zephyr-sdk-1.0.1/gnu/arm-zephyr-eabi/bin/../lib/gcc/arm-zephyr-eabi/14.3.0/thumb/v7e-m/nofp/space/libgcc.a
                0x00000020                        _region_min_align = 0x20

.rel.plt        0x00000000        0x0
 *(SORT_BY_ALIGNMENT(.rel.plt))
                [!provide]                        PROVIDE (__rel_iplt_start = .)
 *(SORT_BY_ALIGNMENT(.rel.iplt))
 .rel.iplt      0x00000000        0x0 zephyr/CMakeFiles/zephyr_final.dir/isr_tables.c.obj
                [!provide]                        PROVIDE (__rel_iplt_end = .)

.rela.plt       0x00000000        0x0
 *(SORT_BY_ALIGNMENT(.rela.plt))
                [!provide]                        PROVIDE (__rela_iplt_start = .)
 *(SORT_BY_ALIGNMENT(.rela.iplt))
                [!provide]                        PROVIDE (__rela_iplt_end = .)

.rel.dyn
 *(SORT_BY_ALIGNMENT(.rel.*))

.rela.dyn
 *(SORT_BY_ALIGNMENT(.rela.*))

/DISCARD/
 *(SORT_BY_ALIGNMENT(.plt))

/DISCARD/
 *(SORT_BY_ALIGNMENT(.iplt))
                0x00000000                        __rom_region_start = 0x0

rom_start       0x00000000      0x100
                0x00000000                        __rom_start_address = .
 FILL mask 0x00
                0x00000000                        . = (. + (0x0 - (. - __rom_start_address)))
                0x00000000                        . = ALIGN (0x4)
                0x00000000                        . = ALIGN (0x80)
                0x00000000                        . = ALIGN (0x100)
                0x00000000                        _vector_start = .
 *(SORT_BY_ALIGNMENT(.exc_vector_table))
 *(SORT_BY_ALIGNMENT(.exc_vector_table.*))
 .exc_vector_table._vector_table_section
                0x00000000       0x40 zephyr/arch/arch/arm/core/cortex_m/libarch__arm__core__cortex_m.a(vector_table.S.obj)
                0x00000000                _vector_table
 *(SORT_BY_ALIGNMENT(.vectors))
                0x00000100                        _vector_end = .
                0x00000040                        . = ALIGN (0x4)
 *(SORT_BY_ALIGNMENT(.gnu.linkonce.irq_vector_table*))
 .gnu.linkonce.irq_vector_table
                0x00000040       0xc0 zephyr/CMakeFiles/zephyr_final.dir/isr_tables.c.obj
                0x00000040                _irq_vector_table
                0x00000100                        _vector_end = .

text            0x00000100     0x82a8
                0x00000100                        __text_region_start = .
 *(SORT_BY_ALIGNMENT(.text))
 .text          0x00000100       0x30 /home/i4why/workspace/zephyrproject/zephyr-sdk-1.0.1/gnu/arm-zephyr-eabi/bin/../lib/gcc/arm-zephyr-eabi/14.3.0/thumb/v7e-m/nofp/space/libgcc.a(_aeabi_uldivmod.o)
                0x00000100                __aeabi_uldivmod
 .text          0x00000130        0x4 /home/i4why/workspace/zephyrproject/zephyr-sdk-1.0.1/gnu/arm-zephyr-eabi/bin/../lib/gcc/arm-zephyr-eabi/14.3.0/thumb/v7e-m/nofp/space/libgcc.a(_dvmd_tls.o)
                0x00000130                __aeabi_ldiv0
                0x00000130                __aeabi_idiv0
 .text          0x00000134      0x2bc /home/i4why/workspace/zephyrproject/zephyr-sdk-1.0.1/gnu/arm-zephyr-eabi/bin/../lib/gcc/arm-zephyr-eabi/14.3.0/thumb/v7e-m/nofp/space/libgcc.a(_udivmoddi4.o)
                0x00000134                __udivmoddi4
 *(SORT_BY_ALIGNMENT(.text.*))
 .text.main     0x000003f0      0x158 app/libapp.a(main.c.obj)
                0x000003f0                main
 .text.gfx_draw_font
                0x00000548       0x5c app/libapp.a(gfx.c.obj)
                0x00000548                gfx_draw_font
 .text.RTC2_IRQHandler
                0x000005a4       0x78 app/libapp.a(rtc.c.obj)
 .text.rtc_init
                0x0000061c       0x40 app/libapp.a(rtc.c.obj)
                0x0000061c                rtc_init
 .text.rtc_fps_set
                0x0000065c       0x40 app/libapp.a(rtc.c.obj)
                0x0000065c                rtc_fps_set
 .text.rtc_fps_off
                0x0000069c       0x28 app/libapp.a(rtc.c.obj)
                0x0000069c                rtc_fps_off
 .text.btn3_handler
                0x000006c4       0x2c app/libapp.a(input.c.obj)
 .text.btn0_handler
                0x000006f0       0x2c app/libapp.a(input.c.obj)
 .text.btn1_handler
                0x0000071c       0x2c app/libapp.a(input.c.obj)
 .text.btn2_handler
                0x00000748       0x2c app/libapp.a(input.c.obj)
 .text.buttons_init
                0x00000774       0xe4 app/libapp.a(input.c.obj)
                0x00000774                buttons_init
 .text.draw_clock_ui_cb
                0x00000858       0x44 app/libapp.a(ui.c.obj)
                0x00000858                draw_clock_ui_cb
 .text.draw_test_ui_fb
                0x0000089c       0x44 app/libapp.a(ui.c.obj)
                0x0000089c                draw_test_ui_fb
 .text.obj_manager_add
                0x000008e0       0x30 app/libapp.a(obj_manager.c.obj)
                0x000008e0                obj_manager_add
 .text.obj_manager_update
                0x00000910       0x84 app/libapp.a(obj_manager.c.obj)
                0x00000910                obj_manager_update
 .text.boot_banner
                0x00000994       0x10 zephyr/libzephyr.a(boot_banner.c.obj)
 .text.char_out
                0x000009a4        0xc zephyr/libzephyr.a(printk.c.obj)
 .text.__printk_hook_install
                0x000009b0        0xc zephyr/libzephyr.a(printk.c.obj)
                0x000009b0                __printk_hook_install
 .text.vprintk  0x000009bc       0x30 zephyr/libzephyr.a(printk.c.obj)
                0x000009bc                vprintk
 .text.process_event
                0x000009ec      0x1e8 zephyr/libzephyr.a(onoff.c.obj)
 .text.mem_attr_get_regions
                0x00000bd4        0xc zephyr/libzephyr.a(mem_attr.c.obj)
                0x00000bd4                mem_attr_get_regions
 .text.z_thread_entry
                0x00000be0       0x34 zephyr/libzephyr.a(thread_entry.c.obj)
                0x00000be0                z_thread_entry
 .text.arch_bss_zero
                0x00000c14       0x18 zephyr/arch/common/libarch__common.a(init.c.obj)
                0x00000c14                arch_bss_zero
 .text.arch_data_copy
                0x00000c2c       0x38 zephyr/arch/common/libarch__common.a(xip.c.obj)
                0x00000c2c                arch_data_copy
 .text.z_arm_fatal_error
                0x00000c64       0x60 zephyr/arch/arch/arm/core/libarch__arm__core.a(fatal.c.obj)
                0x00000c64                z_arm_fatal_error
 .text.z_SysNmiOnReset
                0x00000cc4        0x8 zephyr/arch/arch/arm/core/libarch__arm__core.a(nmi_on_reset.S.obj)
                0x00000cc4                z_SysNmiOnReset
 .text.arch_tls_stack_setup
                0x00000ccc       0x40 zephyr/arch/arch/arm/core/libarch__arm__core.a(tls.c.obj)
                0x00000ccc                arch_tls_stack_setup
 .text.mem_manage_fault
                0x00000d0c       0xf0 zephyr/arch/arch/arm/core/cortex_m/libarch__arm__core__cortex_m.a(fault.c.obj)
 .text.usage_fault.isra.0
                0x00000dfc       0x98 zephyr/arch/arch/arm/core/cortex_m/libarch__arm__core__cortex_m.a(fault.c.obj)
 .text.bus_fault.isra.0
                0x00000e94       0xb8 zephyr/arch/arch/arm/core/cortex_m/libarch__arm__core__cortex_m.a(fault.c.obj)
 .text.z_arm_fault
                0x00000f4c      0x1b8 zephyr/arch/arch/arm/core/cortex_m/libarch__arm__core__cortex_m.a(fault.c.obj)
                0x00000f4c                z_arm_fault
 .text.z_arm_fault_init
                0x00001104       0x18 zephyr/arch/arch/arm/core/cortex_m/libarch__arm__core__cortex_m.a(fault.c.obj)
                0x00001104                z_arm_fault_init
 .text.__fault  0x0000111c       0x14 zephyr/arch/arch/arm/core/cortex_m/libarch__arm__core__cortex_m.a(fault_s.S.obj)
                0x0000111c                z_arm_bus_fault
                0x0000111c                z_arm_usage_fault
                0x0000111c                z_arm_mpu_fault
                0x0000111c                z_arm_exc_spurious
                0x0000111c                z_arm_debug_monitor
                0x0000111c                z_arm_hard_fault
 .text._reset_section
                0x00001130       0x38 zephyr/arch/arch/arm/core/cortex_m/libarch__arm__core__cortex_m.a(reset.S.obj)
                0x00001130                z_arm_reset
                0x00001130                __start
 .text.z_arm_svc
                0x00001168       0x24 zephyr/arch/arch/arm/core/cortex_m/libarch__arm__core__cortex_m.a(svc.S.obj)
                0x00001168                z_arm_svc
 .text.arm_irq_enable
                0x0000118c       0x1c zephyr/arch/arch/arm/core/cortex_m/libarch__arm__core__cortex_m.a(irq_manage.c.obj)
                0x0000118c                arm_irq_enable
 .text.arm_irq_disable
                0x000011a8       0x28 zephyr/arch/arch/arm/core/cortex_m/libarch__arm__core__cortex_m.a(irq_manage.c.obj)
                0x000011a8                arm_irq_disable
 .text.arm_irq_is_enabled
                0x000011d0       0x1c zephyr/arch/arch/arm/core/cortex_m/libarch__arm__core__cortex_m.a(irq_manage.c.obj)
                0x000011d0                arm_irq_is_enabled
 .text.arm_irq_priority_set
                0x000011ec       0x30 zephyr/arch/arch/arm/core/cortex_m/libarch__arm__core__cortex_m.a(irq_manage.c.obj)
                0x000011ec                arm_irq_priority_set
 .text.relocate_vector_table
                0x0000121c       0x1c zephyr/arch/arch/arm/core/cortex_m/libarch__arm__core__cortex_m.a(prep_c.c.obj)
                0x0000121c                relocate_vector_table
 .text.z_prep_c
                0x00001238       0x38 zephyr/arch/arch/arm/core/cortex_m/libarch__arm__core__cortex_m.a(prep_c.c.obj)
                0x00001238                z_prep_c
 .text.arch_new_thread
                0x00001270       0x38 zephyr/arch/arch/arm/core/cortex_m/libarch__arm__core__cortex_m.a(thread.c.obj)
                0x00001270                arch_new_thread
 .text.z_check_thread_stack_fail
                0x000012a8       0x2c zephyr/arch/arch/arm/core/cortex_m/libarch__arm__core__cortex_m.a(thread.c.obj)
                0x000012a8                z_check_thread_stack_fail
 .text.arch_switch_to_main_thread
                0x000012d4       0x3c zephyr/arch/arch/arm/core/cortex_m/libarch__arm__core__cortex_m.a(thread.c.obj)
                0x000012d4                arch_switch_to_main_thread
 .text.z_arm_cpu_idle_init
                0x00001310        0xc zephyr/arch/arch/arm/core/cortex_m/libarch__arm__core__cortex_m.a(cpu_idle.c.obj)
                0x00001310                z_arm_cpu_idle_init
 .text._HandlerModeExit
                0x0000131c       0x20 zephyr/arch/arch/arm/core/cortex_m/libarch__arm__core__cortex_m.a(exc_exit.c.obj)
                0x0000131c                z_arm_exc_exit
                0x0000131c                z_arm_int_exit
 .text.z_impl_k_thread_abort
                0x0000133c       0x2c zephyr/arch/arch/arm/core/cortex_m/libarch__arm__core__cortex_m.a(thread_abort.c.obj)
                0x0000133c                z_impl_k_thread_abort
 .text.z_arm_pendsv
                0x00001368       0x64 zephyr/arch/arch/arm/core/cortex_m/libarch__arm__core__cortex_m.a(swap_helper.S.obj)
                0x00001368                z_arm_pendsv
 .text.z_arm_interrupt_init
                0x000013cc       0x18 zephyr/arch/arch/arm/core/cortex_m/libarch__arm__core__cortex_m.a(irq_init.c.obj)
                0x000013cc                z_arm_interrupt_init
 .text._isr_wrapper
                0x000013e4       0x24 zephyr/arch/arch/arm/core/cortex_m/libarch__arm__core__cortex_m.a(isr_wrapper.c.obj)
                0x000013e4                _isr_wrapper
 .text.__aeabi_read_tp
                0x00001408        0xc zephyr/arch/arch/arm/core/cortex_m/libarch__arm__core__cortex_m.a(__aeabi_read_tp.S.obj)
                0x00001408                __aeabi_read_tp
 .text.z_arm_configure_static_mpu_regions
                0x00001414       0x18 zephyr/arch/arch/arm/core/mpu/libarch__arm__core__mpu.a(arm_core_mpu.c.obj)
                0x00001414                z_arm_configure_static_mpu_regions
 .text.z_arm_configure_dynamic_mpu_regions
                0x0000142c       0x20 zephyr/arch/arch/arm/core/mpu/libarch__arm__core__mpu.a(arm_core_mpu.c.obj)
                0x0000142c                z_arm_configure_dynamic_mpu_regions
 .text.region_init
                0x0000144c       0x28 zephyr/arch/arch/arm/core/mpu/libarch__arm__core__mpu.a(arm_mpu.c.obj)
 .text.mpu_configure_regions
                0x00001474       0x6c zephyr/arch/arch/arm/core/mpu/libarch__arm__core__mpu.a(arm_mpu.c.obj)
 .text.arm_core_mpu_enable
                0x000014e0       0x18 zephyr/arch/arch/arm/core/mpu/libarch__arm__core__mpu.a(arm_mpu.c.obj)
                0x000014e0                arm_core_mpu_enable
 .text.arm_core_mpu_disable
                0x000014f8       0x14 zephyr/arch/arch/arm/core/mpu/libarch__arm__core__mpu.a(arm_mpu.c.obj)
                0x000014f8                arm_core_mpu_disable
 .text.arm_core_mpu_configure_static_mpu_regions
                0x0000150c       0x14 zephyr/arch/arch/arm/core/mpu/libarch__arm__core__mpu.a(arm_mpu.c.obj)
                0x0000150c                arm_core_mpu_configure_static_mpu_regions
 .text.arm_core_mpu_configure_dynamic_mpu_regions
                0x00001520       0x38 zephyr/arch/arch/arm/core/mpu/libarch__arm__core__mpu.a(arm_mpu.c.obj)
                0x00001520                arm_core_mpu_configure_dynamic_mpu_regions
 .text.z_arm_mpu_init
                0x00001558      0x184 zephyr/arch/arch/arm/core/mpu/libarch__arm__core__mpu.a(arm_mpu.c.obj)
                0x00001558                z_arm_mpu_init
 .text.z_impl_zephyr_fputc
                0x000016dc       0x10 zephyr/lib/libc/picolibc/liblib__libc__picolibc.a(stdio.c.obj)
                0x000016dc                z_impl_zephyr_fputc
 .text.__stdout_hook_install
                0x000016ec       0x18 zephyr/lib/libc/picolibc/liblib__libc__picolibc.a(stdio.c.obj)
                0x000016ec                __stdout_hook_install
 .text.malloc_prepare
                0x00001704       0x24 zephyr/lib/libc/common/liblib__libc__common.a(malloc.c.obj)
 .text.soc_early_init_hook
                0x00001728       0x34 zephyr/soc/soc/nrf52840/libsoc__nordic.a(soc.c.obj)
                0x00001728                soc_early_init_hook
 .text.arch_busy_wait
                0x0000175c       0x24 zephyr/soc/soc/nrf52840/libsoc__nordic.a(soc.c.obj)
                0x0000175c                arch_busy_wait
 .text.gppi_init
                0x00001780       0x20 zephyr/soc/soc/nrf52840/libsoc__nordic.a(gppi_init.c.obj)
 .text.onoff_stop
                0x000017a0       0x30 zephyr/drivers/clock_control/libdrivers__clock_control.a(clock_control_nrf.c.obj)
 .text.onoff_start
                0x000017d0       0x44 zephyr/drivers/clock_control/libdrivers__clock_control.a(clock_control_nrf.c.obj)
 .text.clk_init
                0x00001814       0x58 zephyr/drivers/clock_control/libdrivers__clock_control.a(clock_control_nrf.c.obj)
 .text.api_blocking_start
                0x0000186c       0x38 zephyr/drivers/clock_control/libdrivers__clock_control.a(clock_control_nrf.c.obj)
 .text.generic_hfclk_stop
                0x000018a4       0x34 zephyr/drivers/clock_control/libdrivers__clock_control.a(clock_control_nrf.c.obj)
 .text.clkstarted_handle.constprop.0
                0x000018d8       0x4c zephyr/drivers/clock_control/libdrivers__clock_control.a(clock_control_nrf.c.obj)
 .text.generic_hfclk_start
                0x00001924       0x78 zephyr/drivers/clock_control/libdrivers__clock_control.a(clock_control_nrf.c.obj)
 .text.clock_event_handler
                0x0000199c       0x1c zephyr/drivers/clock_control/libdrivers__clock_control.a(clock_control_nrf.c.obj)
 .text.z_nrf_clock_control_lf_on
                0x000019b8       0xbc zephyr/drivers/clock_control/libdrivers__clock_control.a(clock_control_nrf.c.obj)
                0x000019b8                z_nrf_clock_control_lf_on
 .text.uart_console_init
                0x00001a74       0x28 zephyr/drivers/console/libdrivers__console.a(uart_console.c.obj)
 .text.console_out
                0x00001a9c       0x28 zephyr/drivers/console/libdrivers__console.a(uart_console.c.obj)
 .text.gpio_nrfx_pin_configure
                0x00001ac4      0x184 zephyr/drivers/gpio/libdrivers__gpio.a(gpio_nrfx.c.obj)
 .text.nrfx_gpio_handler
                0x00001c48       0x4c zephyr/drivers/gpio/libdrivers__gpio.a(gpio_nrfx.c.obj)
 .text.gpio_nrfx_init
                0x00001c94       0x3c zephyr/drivers/gpio/libdrivers__gpio.a(gpio_nrfx.c.obj)
 .text.gpio_nrfx_pin_interrupt_configure
                0x00001cd0      0x104 zephyr/drivers/gpio/libdrivers__gpio.a(gpio_nrfx.c.obj)
 .text.nrf_gpio_pin_port_decode
                0x00001dd4       0x20 zephyr/drivers/pinctrl/libdrivers__pinctrl.a(pinctrl_nrf.c.obj)
 .text.pinctrl_configure_pins
                0x00001df4      0x1a8 zephyr/drivers/pinctrl/libdrivers__pinctrl.a(pinctrl_nrf.c.obj)
                0x00001df4                pinctrl_configure_pins
 .text.uarte_nrfx_poll_out
                0x00001f9c       0xb8 zephyr/drivers/serial/libdrivers__serial.a(uart_nrfx_uarte.c.obj)
 .text.spi_nrfx_transceive
                0x00002054      0x35c zephyr/drivers/spi/libdrivers__spi.a(spi_nrfx_spi.c.obj)
 .text.nrf_gpio_cfg_input
                0x000023b0       0x40 zephyr/drivers/spi/libdrivers__spi.a(spi_nrfx_common.c.obj)
 .text.driver_api_transceive
                0x000023f0      0x190 zephyr/drivers/spi/libdrivers__spi.a(spi_nrfx_spim.c.obj)
 .text.resolve_freq
                0x00002580       0x84 zephyr/drivers/spi/libdrivers__spi.a(spi_nrfx_spim_common.c.obj)
                0x00002580                resolve_freq
 .text.spi_nrfx_spim_common_configure
                0x00002604      0x184 zephyr/drivers/spi/libdrivers__spi.a(spi_nrfx_spim_common.c.obj)
                0x00002604                spi_nrfx_spim_common_configure
 .text.compare_int_lock
                0x00002788       0x4c zephyr/drivers/timer/libdrivers__timer.a(nrf_rtc_timer.c.obj)
 .text.compare_int_unlock
                0x000027d4       0x5c zephyr/drivers/timer/libdrivers__timer.a(nrf_rtc_timer.c.obj)
 .text.z_nrf_rtc_timer_read
                0x00002830       0x44 zephyr/drivers/timer/libdrivers__timer.a(nrf_rtc_timer.c.obj)
                0x00002830                z_nrf_rtc_timer_read
 .text.compare_set
                0x00002874      0x130 zephyr/drivers/timer/libdrivers__timer.a(nrf_rtc_timer.c.obj)
 .text.sys_clock_driver_init
                0x000029a4       0x90 zephyr/drivers/timer/libdrivers__timer.a(nrf_rtc_timer.c.obj)
 .text.sys_clock_timeout_handler
                0x00002a34       0x68 zephyr/drivers/timer/libdrivers__timer.a(nrf_rtc_timer.c.obj)
 .text.rtc_nrf_isr
                0x00002a9c       0xd0 zephyr/drivers/timer/libdrivers__timer.a(nrf_rtc_timer.c.obj)
                0x00002a9c                rtc_nrf_isr
 .text.sys_clock_set_timeout
                0x00002b6c       0x54 zephyr/drivers/timer/libdrivers__timer.a(nrf_rtc_timer.c.obj)
                0x00002b6c                sys_clock_set_timeout
 .text.sys_clock_elapsed
                0x00002bc0       0x1c zephyr/drivers/timer/libdrivers__timer.a(nrf_rtc_timer.c.obj)
                0x00002bc0                sys_clock_elapsed
 .text.nvmc_wait
                0x00002bdc       0x10 modules/hal_nordic/nrfx/libnrfx.a(system_nrf52840.c.obj)
                0x00002bdc                nvmc_wait
 .text.SystemInit
                0x00002bec      0x1ac modules/hal_nordic/nrfx/libnrfx.a(system_nrf52840.c.obj)
                0x00002bec                SystemInit
 .text.nrfx_gppi_init
                0x00002d98        0xc modules/hal_nordic/nrfx/libnrfx.a(nrfx_gppi_ppi.c.obj)
                0x00002d98                nrfx_gppi_init
 .text.nrfx_gppi_domain_conn_alloc
                0x00002da4       0x1c modules/hal_nordic/nrfx/libnrfx.a(nrfx_gppi_ppi.c.obj)
                0x00002da4                nrfx_gppi_domain_conn_alloc
 .text.nrfx_gppi_conn_enable
                0x00002dc0       0x10 modules/hal_nordic/nrfx/libnrfx.a(nrfx_gppi_ppi.c.obj)
                0x00002dc0                nrfx_gppi_conn_enable
 .text.hfclk_event_handler
                0x00002dd0        0xc modules/hal_nordic/nrfx/libnrfx.a(nrfx_clock.c.obj)
 .text.lfclk_event_handler
                0x00002ddc        0xc modules/hal_nordic/nrfx/libnrfx.a(nrfx_clock.c.obj)
 .text.nrfx_clock_init
                0x00002de8       0x40 modules/hal_nordic/nrfx/libnrfx.a(nrfx_clock.c.obj)
                0x00002de8                nrfx_clock_init
 .text.nrfx_clock_enable
                0x00002e28       0x20 modules/hal_nordic/nrfx/libnrfx.a(nrfx_clock.c.obj)
                0x00002e28                nrfx_clock_enable
 .text.clock_stop
                0x00002e48       0x4c modules/hal_nordic/nrfx/libnrfx.a(nrfx_clock_hfclk.c.obj)
 .text.nrfx_clock_hfclk_init
                0x00002e94       0x28 modules/hal_nordic/nrfx/libnrfx.a(nrfx_clock_hfclk.c.obj)
                0x00002e94                nrfx_clock_hfclk_init
 .text.nrfx_clock_hfclk_start
                0x00002ebc       0x38 modules/hal_nordic/nrfx/libnrfx.a(nrfx_clock_hfclk.c.obj)
                0x00002ebc                nrfx_clock_hfclk_start
 .text.nrfx_clock_hfclk_irq_handler
                0x00002ef4       0x40 modules/hal_nordic/nrfx/libnrfx.a(nrfx_clock_hfclk.c.obj)
                0x00002ef4                nrfx_clock_hfclk_irq_handler
 .text.nrfx_clock_lfclk_init
                0x00002f34       0x24 modules/hal_nordic/nrfx/libnrfx.a(nrfx_clock_lfclk.c.obj)
                0x00002f34                nrfx_clock_lfclk_init
 .text.nrfx_clock_lfclk_start
                0x00002f58       0x80 modules/hal_nordic/nrfx/libnrfx.a(nrfx_clock_lfclk.c.obj)
                0x00002f58                nrfx_clock_lfclk_start
 .text.nrfx_clock_lfclk_irq_handler
                0x00002fd8       0x70 modules/hal_nordic/nrfx/libnrfx.a(nrfx_clock_lfclk.c.obj)
                0x00002fd8                nrfx_clock_lfclk_irq_handler
 .text.nrf_gpio_pin_port_decode
                0x00003048       0x20 modules/hal_nordic/nrfx/libnrfx.a(nrfx_gpiote.c.obj)
 .text.get_pin_idx
                0x00003068       0x14 modules/hal_nordic/nrfx/libnrfx.a(nrfx_gpiote.c.obj)
 .text.latch_pending_read_and_check
                0x0000307c       0x60 modules/hal_nordic/nrfx/libnrfx.a(nrfx_gpiote.c.obj)
 .text.pin_uninit
                0x000030dc       0x78 modules/hal_nordic/nrfx/libnrfx.a(nrfx_gpiote.c.obj)
 .text.nrfx_gpiote_channel_free
                0x00003154        0xc modules/hal_nordic/nrfx/libnrfx.a(nrfx_gpiote.c.obj)
                0x00003154                nrfx_gpiote_channel_free
 .text.nrfx_gpiote_channel_alloc
                0x00003160       0x18 modules/hal_nordic/nrfx/libnrfx.a(nrfx_gpiote.c.obj)
                0x00003160                nrfx_gpiote_channel_alloc
 .text.nrfx_gpiote_irq_handler
                0x00003178      0x1cc modules/hal_nordic/nrfx/libnrfx.a(nrfx_gpiote.c.obj)
                0x00003178                nrfx_gpiote_irq_handler
 .text.nrf_gpio_pin_port_decode
                0x00003344       0x20 modules/hal_nordic/nrfx/libnrfx.a(nrfx_spi.c.obj)
 .text.nrf_gpio_cfg_output
                0x00003364       0x2c modules/hal_nordic/nrfx/libnrfx.a(nrfx_spi.c.obj)
 .text.spi_configure
                0x00003390      0x10c modules/hal_nordic/nrfx/libnrfx.a(nrfx_spi.c.obj)
 .text.nrf_gpio_cfg_default
                0x0000349c       0x2c modules/hal_nordic/nrfx/libnrfx.a(nrfx_spi.c.obj)
 .text.nrf_gpio_pin_port_decode
                0x000034c8       0x20 modules/hal_nordic/nrfx/libnrfx.a(nrfx_spim.c.obj)
 .text.pin_init
                0x000034e8       0x50 modules/hal_nordic/nrfx/libnrfx.a(nrfx_spim.c.obj)
 .text.spim_frequency_valid_check.isra.0
                0x00003538       0x68 modules/hal_nordic/nrfx/libnrfx.a(nrfx_spim.c.obj)
 .text.spim_configure
                0x000035a0      0x200 modules/hal_nordic/nrfx/libnrfx.a(nrfx_spim.c.obj)
 .text.spim_pin_uninit
                0x000037a0       0x30 modules/hal_nordic/nrfx/libnrfx.a(nrfx_spim.c.obj)
 .text.nrfx_spim_uninit
                0x000037d0       0x88 modules/hal_nordic/nrfx/libnrfx.a(nrfx_spim.c.obj)
                0x000037d0                nrfx_spim_uninit
 .text.nrfx_spim_xfer
                0x00003858      0x1ac modules/hal_nordic/nrfx/libnrfx.a(nrfx_spim.c.obj)
                0x00003858                nrfx_spim_xfer
 .text.nrfx_spim_irq_handler
                0x00003a04       0x70 modules/hal_nordic/nrfx/libnrfx.a(nrfx_spim.c.obj)
                0x00003a04                nrfx_spim_irq_handler
 .text.twi_tx_start_transfer
                0x00003a74       0xec modules/hal_nordic/nrfx/libnrfx.a(nrfx_twi.c.obj)
 .text.twi_rx_start_transfer
                0x00003b60       0xcc modules/hal_nordic/nrfx/libnrfx.a(nrfx_twi.c.obj)
 .text.nrfx_twi_init
                0x00003c2c       0xbc modules/hal_nordic/nrfx/libnrfx.a(nrfx_twi.c.obj)
                0x00003c2c                nrfx_twi_init
 .text.nrfx_twi_disable
                0x00003ce8       0x2c modules/hal_nordic/nrfx/libnrfx.a(nrfx_twi.c.obj)
                0x00003ce8                nrfx_twi_disable
 .text.nrfx_twi_xfer
                0x00003d14       0xb0 modules/hal_nordic/nrfx/libnrfx.a(nrfx_twi.c.obj)
                0x00003d14                nrfx_twi_xfer
 .text.nrf_gpio_pin_port_decode
                0x00003dc4       0x20 modules/hal_nordic/nrfx/libnrfx.a(nrfx_twi_twim.c.obj)
 .text.nrfx_twi_twim_bus_recover
                0x00003de4       0xdc modules/hal_nordic/nrfx/libnrfx.a(nrfx_twi_twim.c.obj)
                0x00003de4                nrfx_twi_twim_bus_recover
 .text.z_fatal_error
                0x00003ec0       0x30 zephyr/kernel/libkernel.a(fatal.c.obj)
                0x00003ec0                z_fatal_error
 .text.z_sys_init_run_level
                0x00003ef0       0x30 zephyr/kernel/libkernel.a(init.c.obj)
 .text.bg_thread_main
                0x00003f20       0xd4 zephyr/kernel/libkernel.a(init.c.obj)
 .text.z_init_cpu
                0x00003ff4       0x70 zephyr/kernel/libkernel.a(init.c.obj)
                0x00003ff4                z_init_cpu
 .text.z_cstart
                0x00004064       0xe8 zephyr/kernel/libkernel.a(init.c.obj)
                0x00004064                z_cstart
 .text.put_msg_in_queue
                0x0000414c       0xd8 zephyr/kernel/libkernel.a(msg_q.c.obj)
 .text.z_impl_k_msgq_get
                0x00004224       0xc8 zephyr/kernel/libkernel.a(msg_q.c.obj)
                0x00004224                z_impl_k_msgq_get
 .text.z_impl_k_sem_give
                0x000042ec       0x78 zephyr/kernel/libkernel.a(sem.c.obj)
                0x000042ec                z_impl_k_sem_give
 .text.z_impl_k_sem_take
                0x00004364       0x4c zephyr/kernel/libkernel.a(sem.c.obj)
                0x00004364                z_impl_k_sem_take
 .text.z_impl_k_sem_reset
                0x000043b0       0x7c zephyr/kernel/libkernel.a(sem.c.obj)
                0x000043b0                z_impl_k_sem_reset
 .text.z_setup_new_thread
                0x0000442c       0xa0 zephyr/kernel/libkernel.a(thread.c.obj)
                0x0000442c                z_setup_new_thread
 .text.z_dummy_thread_init
                0x000044cc       0x18 zephyr/kernel/libkernel.a(thread.c.obj)
                0x000044cc                z_dummy_thread_init
 .text.z_impl_k_wakeup
                0x000044e4       0x48 zephyr/kernel/libkernel.a(thread.c.obj)
                0x000044e4                z_impl_k_wakeup
 .text.z_impl_k_thread_create
                0x0000452c       0x58 zephyr/kernel/libkernel.a(thread.c.obj)
                0x0000452c                z_impl_k_thread_create
 .text.z_swap_irqlock
                0x00004584       0x34 zephyr/kernel/libkernel.a(sched.c.obj)
 .text.unready_thread
                0x000045b8       0x54 zephyr/kernel/libkernel.a(sched.c.obj)
 .text.ready_thread
                0x0000460c       0x80 zephyr/kernel/libkernel.a(sched.c.obj)
 .text.reschedule.isra.0
                0x0000468c       0x28 zephyr/kernel/libkernel.a(sched.c.obj)
 .text.move_current_to_end_of_prio_q
                0x000046b4       0x6c zephyr/kernel/libkernel.a(sched.c.obj)
                0x000046b4                move_current_to_end_of_prio_q
 .text.z_thread_halt
                0x00004720      0x13c zephyr/kernel/libkernel.a(sched.c.obj)
                0x00004720                z_thread_halt
 .text.z_sched_lock_reschedule
                0x0000485c       0x44 zephyr/kernel/libkernel.a(sched.c.obj)
                0x0000485c                z_sched_lock_reschedule
 .text.z_sched_yield
                0x000048a0       0x84 zephyr/kernel/libkernel.a(sched.c.obj)
                0x000048a0                z_sched_yield
 .text.z_pend_curr
                0x00004924       0x58 zephyr/kernel/libkernel.a(sched.c.obj)
                0x00004924                z_pend_curr
 .text.z_tick_sleep
                0x0000497c       0x84 zephyr/kernel/libkernel.a(sleep.c.obj)
 .text.z_sched_init
                0x00004a00       0x10 zephyr/kernel/libkernel.a(scheduler.c.obj)
                0x00004a00                z_sched_init
 .text.k_sched_lock
                0x00004a10       0x28 zephyr/kernel/libkernel.a(scheduler.c.obj)
                0x00004a10                k_sched_lock
 .text.k_sched_unlock
                0x00004a38       0x20 zephyr/kernel/libkernel.a(scheduler.c.obj)
                0x00004a38                k_sched_unlock
 .text.z_impl_k_sched_current_thread_query
                0x00004a58        0xc zephyr/kernel/libkernel.a(scheduler.c.obj)
                0x00004a58                z_impl_k_sched_current_thread_query
 .text.z_sched_wait
                0x00004a64       0x24 zephyr/kernel/libkernel.a(scheduler.c.obj)
                0x00004a64                z_sched_wait
 .text.z_time_slice_size
                0x00004a88       0x40 zephyr/kernel/libkernel.a(timeslicing.c.obj)
 .text.slice_timeout
                0x00004ac8       0x20 zephyr/kernel/libkernel.a(timeslicing.c.obj)
 .text.slice_reset
                0x00004ae8       0x40 zephyr/kernel/libkernel.a(timeslicing.c.obj)
 .text.z_time_slice
                0x00004b28       0x68 zephyr/kernel/libkernel.a(timeslicing.c.obj)
                0x00004b28                z_time_slice
 .text.z_timeout_q_first
                0x00004b90       0x10 zephyr/kernel/libkernel.a(timeout.c.obj)
 .text.next_timeout
                0x00004ba0       0x4c zephyr/kernel/libkernel.a(timeout.c.obj)
 .text.elapsed  0x00004bec       0x10 zephyr/kernel/libkernel.a(timeout.c.obj)
 .text.z_add_timeout
                0x00004bfc      0x120 zephyr/kernel/libkernel.a(timeout.c.obj)
                0x00004bfc                z_add_timeout
 .text.z_try_abort_timeout
                0x00004d1c       0x84 zephyr/kernel/libkernel.a(timeout.c.obj)
                0x00004d1c                z_try_abort_timeout
 .text.z_timeout_inflight_superseded
                0x00004da0       0x2c zephyr/kernel/libkernel.a(timeout.c.obj)
                0x00004da0                z_timeout_inflight_superseded
 .text.sys_clock_announce_locked
                0x00004dcc       0xe8 zephyr/kernel/libkernel.a(timeout.c.obj)
                0x00004dcc                sys_clock_announce_locked
 .text.sys_clock_tick_get
                0x00004eb4       0x30 zephyr/kernel/libkernel.a(timeout.c.obj)
                0x00004eb4                sys_clock_tick_get
 .text.clear_event_registrations
                0x00004ee4       0x60 zephyr/kernel/libkernel.a(poll.c.obj)
 .text.z_impl_k_poll
                0x00004f44       0xb0 zephyr/kernel/libkernel.a(poll.c.obj)
                0x00004f44                z_impl_k_poll
 .text.z_impl_k_poll_signal_raise
                0x00004ff4       0x4c zephyr/kernel/libkernel.a(poll.c.obj)
                0x00004ff4                z_impl_k_poll_signal_raise
 .text.statics_init
                0x00005040       0x24 zephyr/kernel/libkernel.a(kheap.c.obj)
 .text.sys_work_q_init
                0x00005064       0x28 zephyr/kernel/libkernel.a(system_work_q.c.obj)
 .text.work_queue_main
                0x0000508c      0x1ac zephyr/kernel/libkernel.a(work.c.obj)
 .text.submit_to_queue_locked
                0x00005238       0xa4 zephyr/kernel/libkernel.a(work.c.obj)
 .text.k_work_queue_start
                0x000052dc       0x80 zephyr/kernel/libkernel.a(work.c.obj)
                0x000052dc                k_work_queue_start
 .text.snprintf
                0x0000535c       0x54 /home/i4why/workspace/zephyrproject/zephyr-sdk-1.0.1/gnu/arm-zephyr-eabi/bin/../lib/gcc/arm-zephyr-eabi/14.3.0/../../../../arm-zephyr-eabi/lib/thumb/v7e-m/nofp/space/libc.a(libc_tinystdio_snprintf.c.o)
                0x0000535c                snprintf
 .text.__l_vfprintf
                0x000053b0      0x488 /home/i4why/workspace/zephyrproject/zephyr-sdk-1.0.1/gnu/arm-zephyr-eabi/bin/../lib/gcc/arm-zephyr-eabi/14.3.0/../../../../arm-zephyr-eabi/lib/thumb/v7e-m/nofp/space/libc.a(libc_tinystdio_vflprintf.c.o)
                0x000053b0                __l_vfprintf
 .text._OffsetAbsSyms
                0x00005838        0x2 zephyr/CMakeFiles/offsets.dir/./arch/arm/core/offsets/offsets.c.obj
                0x00005838                _OffsetAbsSyms
 .text.gfx_draw_pixel
                0x0000583a       0x22 app/libapp.a(gfx.c.obj)
                0x0000583a                gfx_draw_pixel
 .text.gfx_draw_rect
                0x0000585c       0x2a app/libapp.a(gfx.c.obj)
                0x0000585c                gfx_draw_rect
 .text.gfx_clear
                0x00005886        0xa app/libapp.a(gfx.c.obj)
                0x00005886                gfx_clear
 .text.gfx_print
                0x00005890       0x34 app/libapp.a(gfx.c.obj)
                0x00005890                gfx_print
 .text.set_timer
                0x000058c4       0x1a app/libapp.a(timer.c.obj)
                0x000058c4                set_timer
 .text.timer_add_one_second
                0x000058de       0x2a app/libapp.a(timer.c.obj)
                0x000058de                timer_add_one_second
 .text.gpio_add_callback_dt.isra.0
                0x00005908        0xc app/libapp.a(input.c.obj)
 .text.gpio_pin_configure_dt.constprop.0.isra.0
                0x00005914       0x28 app/libapp.a(input.c.obj)
 .text.gpio_pin_interrupt_configure_dt.constprop.0.isra.0
                0x0000593c       0x46 app/libapp.a(input.c.obj)
 .text.obj_create
                0x00005982       0x24 app/libapp.a(obj_manager.c.obj)
                0x00005982                obj_create
 .text.obj_manager_init
                0x000059a6        0x8 app/libapp.a(obj_manager.c.obj)
                0x000059a6                obj_manager_init
 .text.obj_set_visible
                0x000059ae        0x4 app/libapp.a(obj_manager.c.obj)
                0x000059ae                obj_set_visible
 .text.obj_animation_reset
                0x000059b2        0xe app/libapp.a(obj_manager.c.obj)
                0x000059b2                obj_animation_reset
 .text.chunk_size
                0x000059c0        0xa zephyr/libzephyr.a(heap.c.obj)
 .text.free_list_add
                0x000059ca       0x4e zephyr/libzephyr.a(heap.c.obj)
 .text.sys_heap_init
                0x00005a18       0x82 zephyr/libzephyr.a(heap.c.obj)
                0x00005a18                sys_heap_init
 .text.arch_printk_char_out
                0x00005a9a        0x4 zephyr/libzephyr.a(printk.c.obj)
                0x00005a9a                arch_printk_char_out
 .text.printk   0x00005a9e       0x1a zephyr/libzephyr.a(printk.c.obj)
                0x00005a9e                printk
 .text.process_recheck
                0x00005ab8       0x38 zephyr/libzephyr.a(onoff.c.obj)
 .text.validate_args
                0x00005af0       0x20 zephyr/libzephyr.a(onoff.c.obj)
 .text.notify_one
                0x00005b10       0x2c zephyr/libzephyr.a(onoff.c.obj)
 .text.transition_complete
                0x00005b3c       0x1a zephyr/libzephyr.a(onoff.c.obj)
 .text.onoff_manager_init
                0x00005b56       0x26 zephyr/libzephyr.a(onoff.c.obj)
                0x00005b56                onoff_manager_init
 .text.onoff_request
                0x00005b7c       0x96 zephyr/libzephyr.a(onoff.c.obj)
                0x00005b7c                onoff_request
 .text.sys_notify_validate
                0x00005c12       0x28 zephyr/libzephyr.a(notify.c.obj)
                0x00005c12                sys_notify_validate
 .text.sys_notify_finalize
                0x00005c3a       0x32 zephyr/libzephyr.a(notify.c.obj)
                0x00005c3a                sys_notify_finalize
 .text._ConfigAbsSyms
                0x00005c6c        0x2 zephyr/libzephyr.a(configs.c.obj)
                0x00005c6c                _ConfigAbsSyms
 .text.arch_early_memset
                0x00005c6e        0x4 zephyr/arch/common/libarch__common.a(init.c.obj)
                0x00005c6e                arch_early_memset
 .text.arch_early_memcpy
                0x00005c72        0x4 zephyr/arch/common/libarch__common.a(init.c.obj)
                0x00005c72                arch_early_memcpy
 .text.z_do_kernel_oops
                0x00005c76        0x8 zephyr/arch/arch/arm/core/libarch__arm__core.a(fatal.c.obj)
                0x00005c76                z_do_kernel_oops
 .text.z_arm_nmi
                0x00005c7e        0xe zephyr/arch/arch/arm/core/libarch__arm__core.a(nmi.c.obj)
                0x00005c7e                z_arm_nmi
 .text.z_irq_spurious
                0x00005c8c        0x8 zephyr/arch/arch/arm/core/cortex_m/libarch__arm__core__cortex_m.a(irq_manage.c.obj)
                0x00005c8c                z_irq_spurious
 .text.arch_coprocessors_disable
                0x00005c94        0x6 zephyr/arch/arch/arm/core/cortex_m/libarch__arm__core__cortex_m.a(thread.c.obj)
                0x00005c94                arch_coprocessors_disable
 .text.arch_irq_unlock_outlined
                0x00005c9a        0xe zephyr/arch/arch/arm/core/cortex_m/libarch__arm__core__cortex_m.a(thread.c.obj)
                0x00005c9a                arch_irq_unlock_outlined
 .text.arch_cpu_idle
                0x00005ca8       0x1a zephyr/arch/arch/arm/core/cortex_m/libarch__arm__core__cortex_m.a(cpu_idle.c.obj)
                0x00005ca8                arch_cpu_idle
 .text.size_to_mpu_rasr_size
                0x00005cc2       0x20 zephyr/arch/arch/arm/core/mpu/libarch__arm__core__mpu.a(arm_mpu.c.obj)
 .text.picolibc_put
                0x00005ce2        0xa zephyr/lib/libc/picolibc/liblib__libc__picolibc.a(stdio.c.obj)
 .text.get_status
                0x00005cec       0x12 zephyr/drivers/clock_control/libdrivers__clock_control.a(clock_control_nrf.c.obj)
 .text.stop     0x00005cfe       0x50 zephyr/drivers/clock_control/libdrivers__clock_control.a(clock_control_nrf.c.obj)
 .text.api_stop
                0x00005d4e        0x6 zephyr/drivers/clock_control/libdrivers__clock_control.a(clock_control_nrf.c.obj)
 .text.async_start
                0x00005d54       0x60 zephyr/drivers/clock_control/libdrivers__clock_control.a(clock_control_nrf.c.obj)
 .text.api_start
                0x00005db4        0xe zephyr/drivers/clock_control/libdrivers__clock_control.a(clock_control_nrf.c.obj)
 .text.onoff_started_callback
                0x00005dc2       0x12 zephyr/drivers/clock_control/libdrivers__clock_control.a(clock_control_nrf.c.obj)
 .text.blocking_start_callback
                0x00005dd4        0x6 zephyr/drivers/clock_control/libdrivers__clock_control.a(clock_control_nrf.c.obj)
 .text.lfclk_stop
                0x00005dda        0x4 zephyr/drivers/clock_control/libdrivers__clock_control.a(clock_control_nrf.c.obj)
 .text.lfclk_start
                0x00005dde        0x4 zephyr/drivers/clock_control/libdrivers__clock_control.a(clock_control_nrf.c.obj)
 .text.ssd1306_bus_name_spi
                0x00005de2        0x8 zephyr/drivers/display/libdrivers__display.a(display_ssd1306.c.obj)
 .text.ssd1306_write_bus
                0x00005dea        0xc zephyr/drivers/display/libdrivers__display.a(display_ssd1306.c.obj)
 .text.ssd1306_set_panel_orientation
                0x00005df6       0x38 zephyr/drivers/display/libdrivers__display.a(display_ssd1306.c.obj)
 .text.ssd1306_set_contrast
                0x00005e2e       0x1c zephyr/drivers/display/libdrivers__display.a(display_ssd1306.c.obj)
 .text.ssd1306_get_capabilities
                0x00005e4a       0x22 zephyr/drivers/display/libdrivers__display.a(display_ssd1306.c.obj)
 .text.ssd1306_set_orientation
                0x00005e6c       0x2a zephyr/drivers/display/libdrivers__display.a(display_ssd1306.c.obj)
 .text.ssd1306_set_pixel_format
                0x00005e96       0x3c zephyr/drivers/display/libdrivers__display.a(display_ssd1306.c.obj)
 .text.gpio_pin_configure_dt.constprop.0
                0x00005ed2       0x34 zephyr/drivers/display/libdrivers__display.a(display_ssd1306.c.obj)
 .text.ssd1306_write
                0x00005f06      0x106 zephyr/drivers/display/libdrivers__display.a(display_ssd1306.c.obj)
 .text.gpio_pin_set_dt.isra.0
                0x0000600c       0x26 zephyr/drivers/display/libdrivers__display.a(display_ssd1306.c.obj)
 .text.ssd1306_write_bus_spi
                0x00006032       0x34 zephyr/drivers/display/libdrivers__display.a(display_ssd1306.c.obj)
 .text.k_sleep.isra.0
                0x00006066        0x4 zephyr/drivers/display/libdrivers__display.a(display_ssd1306.c.obj)
 .text.ssd1306_suspend
                0x0000606a       0x32 zephyr/drivers/display/libdrivers__display.a(display_ssd1306.c.obj)
 .text.ssd1306_resume
                0x0000609c       0x32 zephyr/drivers/display/libdrivers__display.a(display_ssd1306.c.obj)
 .text.ssd1306_bus_ready_spi
                0x000060ce       0x2e zephyr/drivers/display/libdrivers__display.a(display_ssd1306.c.obj)
 .text.ssd1306_init
                0x000060fc      0x29a zephyr/drivers/display/libdrivers__display.a(display_ssd1306.c.obj)
 .text.gpio_nrfx_port_get_raw
                0x00006396        0xe zephyr/drivers/gpio/libdrivers__gpio.a(gpio_nrfx.c.obj)
 .text.gpio_nrfx_port_set_masked_raw
                0x000063a4       0x18 zephyr/drivers/gpio/libdrivers__gpio.a(gpio_nrfx.c.obj)
 .text.gpio_nrfx_port_set_bits_raw
                0x000063bc        0xc zephyr/drivers/gpio/libdrivers__gpio.a(gpio_nrfx.c.obj)
 .text.gpio_nrfx_port_clear_bits_raw
                0x000063c8        0xc zephyr/drivers/gpio/libdrivers__gpio.a(gpio_nrfx.c.obj)
 .text.gpio_nrfx_port_toggle_bits
                0x000063d4       0x1a zephyr/drivers/gpio/libdrivers__gpio.a(gpio_nrfx.c.obj)
 .text.gpio_nrfx_manage_callback
                0x000063ee       0x54 zephyr/drivers/gpio/libdrivers__gpio.a(gpio_nrfx.c.obj)
 .text.gpio_nrfx_gpiote_irq_handler
                0x00006442        0x4 zephyr/drivers/gpio/libdrivers__gpio.a(gpio_nrfx.c.obj)
                0x00006442                gpio_nrfx_gpiote_irq_handler
 .text.twi_0_init
                0x00006446       0x40 zephyr/drivers/i2c/libdrivers__i2c.a(i2c_nrfx_twi.c.obj)
 .text.event_handler
                0x00006486       0x2a zephyr/drivers/i2c/libdrivers__i2c.a(i2c_nrfx_twi.c.obj)
 .text.i2c_nrfx_twi_transfer
                0x000064b0       0xb4 zephyr/drivers/i2c/libdrivers__i2c.a(i2c_nrfx_twi.c.obj)
 .text.i2c_nrfx_twi_init
                0x00006564        0xc zephyr/drivers/i2c/libdrivers__i2c.a(i2c_nrfx_twi_common.c.obj)
                0x00006564                i2c_nrfx_twi_init
 .text.i2c_nrfx_twi_configure
                0x00006570       0x30 zephyr/drivers/i2c/libdrivers__i2c.a(i2c_nrfx_twi_common.c.obj)
                0x00006570                i2c_nrfx_twi_configure
 .text.i2c_nrfx_twi_recover_bus
                0x000065a0       0x48 zephyr/drivers/i2c/libdrivers__i2c.a(i2c_nrfx_twi_common.c.obj)
                0x000065a0                i2c_nrfx_twi_recover_bus
 .text.i2c_nrfx_twi_msg_transfer
                0x000065e8       0x5e zephyr/drivers/i2c/libdrivers__i2c.a(i2c_nrfx_twi_common.c.obj)
                0x000065e8                i2c_nrfx_twi_msg_transfer
 .text.pinctrl_lookup_state
                0x00006646       0x26 zephyr/drivers/pinctrl/libdrivers__pinctrl.a(common.c.obj)
                0x00006646                pinctrl_lookup_state
 .text.uarte_nrfx_err_check
                0x0000666c        0xe zephyr/drivers/serial/libdrivers__serial.a(uart_nrfx_uarte.c.obj)
 .text.uarte_nrfx_poll_in
                0x0000667a       0x26 zephyr/drivers/serial/libdrivers__serial.a(uart_nrfx_uarte.c.obj)
 .text.is_tx_ready.isra.0
                0x000066a0       0x20 zephyr/drivers/serial/libdrivers__serial.a(uart_nrfx_uarte.c.obj)
 .text.uarte_nrfx_isr_int
                0x000066c0       0x42 zephyr/drivers/serial/libdrivers__serial.a(uart_nrfx_uarte.c.obj)
 .text.pinctrl_apply_state.isra.0
                0x00006702       0x1e zephyr/drivers/serial/libdrivers__serial.a(uart_nrfx_uarte.c.obj)
 .text.uarte_0_init
                0x00006720       0xd0 zephyr/drivers/serial/libdrivers__serial.a(uart_nrfx_uarte.c.obj)
 .text.irq_connect0
                0x000067f0        0xa zephyr/drivers/spi/libdrivers__spi.a(spi_nrfx_spi.c.obj)
 .text.spi_context_get_next_buf.constprop.0
                0x000067fa       0x26 zephyr/drivers/spi/libdrivers__spi.a(spi_nrfx_spi.c.obj)
 .text.gpio_pin_set_dt.isra.0
                0x00006820       0x26 zephyr/drivers/spi/libdrivers__spi.a(spi_nrfx_spi.c.obj)
 .text.spi_context_unlock_unconditionally
                0x00006846       0x30 zephyr/drivers/spi/libdrivers__spi.a(spi_nrfx_spi.c.obj)
 .text.spi_nrfx_release
                0x00006876       0x26 zephyr/drivers/spi/libdrivers__spi.a(spi_nrfx_spi.c.obj)
 .text.spi_nrfx_init
                0x0000689c       0xc6 zephyr/drivers/spi/libdrivers__spi.a(spi_nrfx_spi.c.obj)
 .text.transfer_next_chunk
                0x00006962       0x78 zephyr/drivers/spi/libdrivers__spi.a(spi_nrfx_spi.c.obj)
 .text.event_handler
                0x000069da       0xb6 zephyr/drivers/spi/libdrivers__spi.a(spi_nrfx_spi.c.obj)
 .text.spi_nrfx_wake_init
                0x00006a90       0x50 zephyr/drivers/spi/libdrivers__spi.a(spi_nrfx_common.c.obj)
                0x00006a90                spi_nrfx_wake_init
 .text.spi_nrfx_wake_request
                0x00006ae0       0x50 zephyr/drivers/spi/libdrivers__spi.a(spi_nrfx_common.c.obj)
                0x00006ae0                spi_nrfx_wake_request
 .text.spi_context_wait_for_completion
                0x00006b30       0x48 zephyr/drivers/spi/libdrivers__spi.a(spi_nrfx_spim.c.obj)
 .text.irq_connect0
                0x00006b78        0xa zephyr/drivers/spi/libdrivers__spi.a(spi_nrfx_spim.c.obj)
 .text.spi_context_get_next_buf.constprop.0
                0x00006b82       0x26 zephyr/drivers/spi/libdrivers__spi.a(spi_nrfx_spim.c.obj)
 .text.spi_context_unlock_unconditionally
                0x00006ba8       0x40 zephyr/drivers/spi/libdrivers__spi.a(spi_nrfx_spim.c.obj)
 .text.driver_api_release
                0x00006be8       0x1a zephyr/drivers/spi/libdrivers__spi.a(spi_nrfx_spim.c.obj)
 .text.driver_init
                0x00006c02       0x40 zephyr/drivers/spi/libdrivers__spi.a(spi_nrfx_spim.c.obj)
 .text.transfer_start
                0x00006c42       0x74 zephyr/drivers/spi/libdrivers__spi.a(spi_nrfx_spim.c.obj)
 .text.spim_evt_handler
                0x00006cb6       0xbe zephyr/drivers/spi/libdrivers__spi.a(spi_nrfx_spim.c.obj)
 .text.spim_wake_handler
                0x00006d74        0x8 zephyr/drivers/spi/libdrivers__spi.a(spi_nrfx_spim.c.obj)
 .text.pinctrl_apply_state
                0x00006d7c       0x1e zephyr/drivers/spi/libdrivers__spi.a(spi_nrfx_spim_common.c.obj)
 .text.gpio_pin_set_dt.isra.0
                0x00006d9a       0x26 zephyr/drivers/spi/libdrivers__spi.a(spi_nrfx_spim_common.c.obj)
 .text.transfer_start
                0x00006dc0       0xa8 zephyr/drivers/spi/libdrivers__spi.a(spi_nrfx_spim_common.c.obj)
 .text.evt_handler
                0x00006e68       0x36 zephyr/drivers/spi/libdrivers__spi.a(spi_nrfx_spim_common.c.obj)
 .text.spi_nrfx_spim_common_wake_start
                0x00006e9e        0x2 zephyr/drivers/spi/libdrivers__spi.a(spi_nrfx_spim_common.c.obj)
                0x00006e9e                spi_nrfx_spim_common_wake_start
 .text.spi_nrfx_spim_common_cs_set
                0x00006ea0       0x2c zephyr/drivers/spi/libdrivers__spi.a(spi_nrfx_spim_common.c.obj)
                0x00006ea0                spi_nrfx_spim_common_cs_set
 .text.spi_nrfx_spim_common_cs_clear
                0x00006ecc       0x66 zephyr/drivers/spi/libdrivers__spi.a(spi_nrfx_spim_common.c.obj)
                0x00006ecc                spi_nrfx_spim_common_cs_clear
 .text.spi_nrfx_spim_common_transfer_start
                0x00006f32       0x1c zephyr/drivers/spi/libdrivers__spi.a(spi_nrfx_spim_common.c.obj)
                0x00006f32                spi_nrfx_spim_common_transfer_start
 .text.spi_nrfx_spim_common_transfer_stop
                0x00006f4e        0x6 zephyr/drivers/spi/libdrivers__spi.a(spi_nrfx_spim_common.c.obj)
                0x00006f4e                spi_nrfx_spim_common_transfer_stop
 .text.spi_nrfx_spim_common_pm_action
                0x00006f54       0x42 zephyr/drivers/spi/libdrivers__spi.a(spi_nrfx_spim_common.c.obj)
                0x00006f54                spi_nrfx_spim_common_pm_action
 .text.spi_nrfx_spim_common_init
                0x00006f96       0x66 zephyr/drivers/spi/libdrivers__spi.a(spi_nrfx_spim_common.c.obj)
                0x00006f96                spi_nrfx_spim_common_init
 .text.event_clear
                0x00006ffc       0x18 zephyr/drivers/timer/libdrivers__timer.a(nrf_rtc_timer.c.obj)
 .text.sys_clock_cycle_get_32
                0x00007014        0x8 zephyr/drivers/timer/libdrivers__timer.a(nrf_rtc_timer.c.obj)
                0x00007014                sys_clock_cycle_get_32
 .text.nrf52_errata_98
                0x0000701c       0x1a modules/hal_nordic/nrfx/libnrfx.a(system_nrf52840.c.obj)
 .text.nrfx_isr
                0x00007036        0x6 modules/hal_nordic/nrfx/libnrfx.a(nrfx_glue.c.obj)
                0x00007036                nrfx_isr
 .text.nrfx_busy_wait
                0x0000703c        0x4 modules/hal_nordic/nrfx/libnrfx.a(nrfx_glue.c.obj)
                0x0000703c                nrfx_busy_wait
 .text.nrfx_flag32_alloc
                0x00007040       0x3c modules/hal_nordic/nrfx/libnrfx.a(nrfx_flag32_allocator.c.obj)
                0x00007040                nrfx_flag32_alloc
 .text.nrfx_flag32_free
                0x0000707c       0x3a modules/hal_nordic/nrfx/libnrfx.a(nrfx_flag32_allocator.c.obj)
                0x0000707c                nrfx_flag32_free
 .text.nrfx_gppi_conn_alloc
                0x000070b6       0x28 modules/hal_nordic/nrfx/libnrfx.a(nrfx_gppi_ppi.c.obj)
                0x000070b6                nrfx_gppi_conn_alloc
 .text.nrfx_clock_start
                0x000070de       0x10 modules/hal_nordic/nrfx/libnrfx.a(nrfx_clock.c.obj)
                0x000070de                nrfx_clock_start
 .text.nrfx_clock_stop
                0x000070ee       0x10 modules/hal_nordic/nrfx/libnrfx.a(nrfx_clock.c.obj)
                0x000070ee                nrfx_clock_stop
 .text.nrfx_power_clock_irq_handler
                0x000070fe        0xe modules/hal_nordic/nrfx/libnrfx.a(nrfx_clock.c.obj)
                0x000070fe                nrfx_power_clock_irq_handler
 .text.nrf52_errata_201
                0x0000710c       0x1e modules/hal_nordic/nrfx/libnrfx.a(nrfx_clock_hfclk.c.obj)
 .text.nrfx_clock_hfclk_stop
                0x0000712a        0x4 modules/hal_nordic/nrfx/libnrfx.a(nrfx_clock_hfclk.c.obj)
                0x0000712a                nrfx_clock_hfclk_stop
 .text.clock_stop
                0x0000712e       0x32 modules/hal_nordic/nrfx/libnrfx.a(nrfx_clock_lfclk.c.obj)
 .text.nrfx_clock_lfclk_stop
                0x00007160        0x4 modules/hal_nordic/nrfx/libnrfx.a(nrfx_clock_lfclk.c.obj)
                0x00007160                nrfx_clock_lfclk_stop
 .text.nrf_gpio_reconfigure
                0x00007164       0x92 modules/hal_nordic/nrfx/libnrfx.a(nrfx_gpiote.c.obj)
 .text.nrf_gpio_cfg_sense_set
                0x000071f6       0x1e modules/hal_nordic/nrfx/libnrfx.a(nrfx_gpiote.c.obj)
 .text.pin_in_use_by_te
                0x00007214       0x16 modules/hal_nordic/nrfx/libnrfx.a(nrfx_gpiote.c.obj)
 .text.pin_is_output
                0x0000722a       0x16 modules/hal_nordic/nrfx/libnrfx.a(nrfx_gpiote.c.obj)
 .text.pin_te_get
                0x00007240       0x14 modules/hal_nordic/nrfx/libnrfx.a(nrfx_gpiote.c.obj)
 .text.call_handler
                0x00007254       0x3e modules/hal_nordic/nrfx/libnrfx.a(nrfx_gpiote.c.obj)
 .text.release_handler
                0x00007292       0x52 modules/hal_nordic/nrfx/libnrfx.a(nrfx_gpiote.c.obj)
 .text.pin_in_event_get
                0x000072e4       0x20 modules/hal_nordic/nrfx/libnrfx.a(nrfx_gpiote.c.obj)
 .text.__nrfy_internal_gpiote_events_process
                0x00007304       0x50 modules/hal_nordic/nrfx/libnrfx.a(nrfx_gpiote.c.obj)
 .text.pin_trigger_disable
                0x00007354       0x44 modules/hal_nordic/nrfx/libnrfx.a(nrfx_gpiote.c.obj)
 .text.nrfx_gpiote_input_configure
                0x00007398      0x166 modules/hal_nordic/nrfx/libnrfx.a(nrfx_gpiote.c.obj)
                0x00007398                nrfx_gpiote_input_configure
 .text.nrfx_gpiote_output_configure
                0x000074fe       0xea modules/hal_nordic/nrfx/libnrfx.a(nrfx_gpiote.c.obj)
                0x000074fe                nrfx_gpiote_output_configure
 .text.nrfx_gpiote_global_callback_set
                0x000075e8        0x6 modules/hal_nordic/nrfx/libnrfx.a(nrfx_gpiote.c.obj)
                0x000075e8                nrfx_gpiote_global_callback_set
 .text.nrfx_gpiote_channel_get
                0x000075ee       0x26 modules/hal_nordic/nrfx/libnrfx.a(nrfx_gpiote.c.obj)
                0x000075ee                nrfx_gpiote_channel_get
 .text.nrfx_gpiote_init
                0x00007614       0x38 modules/hal_nordic/nrfx/libnrfx.a(nrfx_gpiote.c.obj)
                0x00007614                nrfx_gpiote_init
 .text.nrfx_gpiote_init_check
                0x0000764c        0xc modules/hal_nordic/nrfx/libnrfx.a(nrfx_gpiote.c.obj)
                0x0000764c                nrfx_gpiote_init_check
 .text.nrfx_gpiote_pin_uninit
                0x00007658        0x4 modules/hal_nordic/nrfx/libnrfx.a(nrfx_gpiote.c.obj)
                0x00007658                nrfx_gpiote_pin_uninit
 .text.nrfx_gpiote_trigger_enable
                0x0000765c       0xa2 modules/hal_nordic/nrfx/libnrfx.a(nrfx_gpiote.c.obj)
                0x0000765c                nrfx_gpiote_trigger_enable
 .text.nrfx_gpiote_trigger_disable
                0x000076fe        0x4 modules/hal_nordic/nrfx/libnrfx.a(nrfx_gpiote.c.obj)
                0x000076fe                nrfx_gpiote_trigger_disable
 .text.nrfx_gpiote_in_event_get
                0x00007702        0x4 modules/hal_nordic/nrfx/libnrfx.a(nrfx_gpiote.c.obj)
                0x00007702                nrfx_gpiote_in_event_get
 .text.nrf_gpio_pin_set
                0x00007706       0x1a modules/hal_nordic/nrfx/libnrfx.a(nrfx_spi.c.obj)
 .text.nrf_gpio_pin_clear
                0x00007720       0x1a modules/hal_nordic/nrfx/libnrfx.a(nrfx_spi.c.obj)
 .text.transfer_byte
                0x0000773a       0x68 modules/hal_nordic/nrfx/libnrfx.a(nrfx_spi.c.obj)
 .text.nrfx_spi_init
                0x000077a2       0x40 modules/hal_nordic/nrfx/libnrfx.a(nrfx_spi.c.obj)
                0x000077a2                nrfx_spi_init
 .text.nrfx_spi_uninit
                0x000077e2       0x58 modules/hal_nordic/nrfx/libnrfx.a(nrfx_spi.c.obj)
                0x000077e2                nrfx_spi_uninit
 .text.nrfx_spi_xfer
                0x0000783a       0xc2 modules/hal_nordic/nrfx/libnrfx.a(nrfx_spi.c.obj)
                0x0000783a                nrfx_spi_xfer
 .text.nrfx_spi_irq_handler
                0x000078fc       0x3c modules/hal_nordic/nrfx/libnrfx.a(nrfx_spi.c.obj)
                0x000078fc                nrfx_spi_irq_handler
 .text.nrf52_errata_195
                0x00007938       0x1c modules/hal_nordic/nrfx/libnrfx.a(nrfx_spim.c.obj)
 .text.__nrfy_internal_spim_event_handle
                0x00007954       0x28 modules/hal_nordic/nrfx/libnrfx.a(nrfx_spim.c.obj)
 .text.__nrfy_internal_spim_events_process
                0x0000797c       0x7c modules/hal_nordic/nrfx/libnrfx.a(nrfx_spim.c.obj)
 .text.nrf_gpio_pin_set
                0x000079f8       0x1a modules/hal_nordic/nrfx/libnrfx.a(nrfx_spim.c.obj)
 .text.nrf_gpio_pin_clear
                0x00007a12       0x1a modules/hal_nordic/nrfx/libnrfx.a(nrfx_spim.c.obj)
 .text.spim_abort
                0x00007a2c       0x70 modules/hal_nordic/nrfx/libnrfx.a(nrfx_spim.c.obj)
 .text.nrfx_spim_init
                0x00007a9c       0x3e modules/hal_nordic/nrfx/libnrfx.a(nrfx_spim.c.obj)
                0x00007a9c                nrfx_spim_init
 .text.nrfx_spim_reconfigure
                0x00007ada       0x38 modules/hal_nordic/nrfx/libnrfx.a(nrfx_spim.c.obj)
                0x00007ada                nrfx_spim_reconfigure
 .text.nrfx_spim_abort
                0x00007b12        0x8 modules/hal_nordic/nrfx/libnrfx.a(nrfx_spim.c.obj)
                0x00007b12                nrfx_spim_abort
 .text.twi_transfer
                0x00007b1a      0x130 modules/hal_nordic/nrfx/libnrfx.a(nrfx_twi.c.obj)
 .text.twi_configure
                0x00007c4a       0x30 modules/hal_nordic/nrfx/libnrfx.a(nrfx_twi.c.obj)
 .text.nrfx_twi_enable
                0x00007c7a       0x10 modules/hal_nordic/nrfx/libnrfx.a(nrfx_twi.c.obj)
                0x00007c7a                nrfx_twi_enable
 .text.nrfx_twi_irq_handler
                0x00007c8a       0xb6 modules/hal_nordic/nrfx/libnrfx.a(nrfx_twi.c.obj)
                0x00007c8a                nrfx_twi_irq_handler
 .text.nrf_gpio_pin_set
                0x00007d40       0x1a modules/hal_nordic/nrfx/libnrfx.a(nrfx_twi_twim.c.obj)
 .text.z_impl_k_busy_wait
                0x00007d5a        0x8 zephyr/kernel/libkernel.a(busy_wait.c.obj)
                0x00007d5a                z_impl_k_busy_wait
 .text.do_device_init
                0x00007d62       0x30 zephyr/kernel/libkernel.a(device.c.obj)
                0x00007d62                do_device_init
 .text.z_impl_device_is_ready
                0x00007d92       0x16 zephyr/kernel/libkernel.a(device.c.obj)
                0x00007d92                z_impl_device_is_ready
 .text.arch_system_halt
                0x00007da8       0x10 zephyr/kernel/libkernel.a(fatal.c.obj)
                0x00007da8                arch_system_halt
 .text.k_sys_fatal_error_handler
                0x00007db8        0x6 zephyr/kernel/libkernel.a(fatal.c.obj)
                0x00007db8                k_sys_fatal_error_handler
 .text.idle     0x00007dbe       0x16 zephyr/kernel/libkernel.a(idle.c.obj)
                0x00007dbe                idle
 .text.unpend_thread_no_timeout
                0x00007dd4       0x1a zephyr/kernel/libkernel.a(msg_q.c.obj)
 .text.z_impl_k_msgq_put
                0x00007dee        0xe zephyr/kernel/libkernel.a(msg_q.c.obj)
                0x00007dee                z_impl_k_msgq_put
 .text.z_impl_k_mutex_init
                0x00007dfc        0xe zephyr/kernel/libkernel.a(mutex.c.obj)
                0x00007dfc                z_impl_k_mutex_init
 .text.z_impl_k_sem_init
                0x00007e0a       0x20 zephyr/kernel/libkernel.a(sem.c.obj)
                0x00007e0a                z_impl_k_sem_init
 .text.k_is_in_isr
                0x00007e2a        0xc zephyr/kernel/libkernel.a(thread.c.obj)
                0x00007e2a                k_is_in_isr
 .text.z_impl_k_thread_name_set
                0x00007e36        0x6 zephyr/kernel/libkernel.a(thread.c.obj)
                0x00007e36                z_impl_k_thread_name_set
 .text.z_thread_abort
                0x00007e3c       0x3e zephyr/kernel/libkernel.a(thread.c.obj)
                0x00007e3c                z_thread_abort
 .text.z_impl_k_yield
                0x00007e7a        0x4 zephyr/kernel/libkernel.a(thread.c.obj)
                0x00007e7a                z_impl_k_yield
 .text.sys_dlist_remove
                0x00007e7e       0x10 zephyr/kernel/libkernel.a(sched.c.obj)
 .text.unpend_thread_no_timeout
                0x00007e8e       0x14 zephyr/kernel/libkernel.a(sched.c.obj)
 .text.add_to_waitq_locked
                0x00007ea2       0x4c zephyr/kernel/libkernel.a(sched.c.obj)
 .text.z_ready_thread
                0x00007eee       0x1e zephyr/kernel/libkernel.a(sched.c.obj)
                0x00007eee                z_ready_thread
 .text.z_sched_ready_locked
                0x00007f0c        0x4 zephyr/kernel/libkernel.a(sched.c.obj)
                0x00007f0c                z_sched_ready_locked
 .text.z_sched_unready_locked
                0x00007f10        0x4 zephyr/kernel/libkernel.a(sched.c.obj)
                0x00007f10                z_sched_unready_locked
 .text.z_sched_wake_thread_locked
                0x00007f14       0x28 zephyr/kernel/libkernel.a(sched.c.obj)
                0x00007f14                z_sched_wake_thread_locked
 .text.z_thread_timeout
                0x00007f3c       0x2a zephyr/kernel/libkernel.a(sched.c.obj)
                0x00007f3c                z_thread_timeout
 .text.z_unpend_thread
                0x00007f66       0x48 zephyr/kernel/libkernel.a(sched.c.obj)
                0x00007f66                z_unpend_thread
 .text.z_reschedule
                0x00007fae        0x6 zephyr/kernel/libkernel.a(sched.c.obj)
                0x00007fae                z_reschedule
 .text.z_impl_k_sleep
                0x00007fb4       0x32 zephyr/kernel/libkernel.a(sleep.c.obj)
                0x00007fb4                z_impl_k_sleep
 .text.z_time_slice_reset
                0x00007fe6        0xe zephyr/kernel/libkernel.a(timeslicing.c.obj)
                0x00007fe6                z_time_slice_reset
 .text.sys_clock_tick_get_32
                0x00007ff4        0x8 zephyr/kernel/libkernel.a(timeout.c.obj)
                0x00007ff4                sys_clock_tick_get_32
 .text.add_event
                0x00007ffc       0x4e zephyr/kernel/libkernel.a(poll.c.obj)
 .text.register_events
                0x0000804a      0x106 zephyr/kernel/libkernel.a(poll.c.obj)
 .text.signal_poll_event.isra.0
                0x00008150       0x8c zephyr/kernel/libkernel.a(poll.c.obj)
 .text.z_handle_obj_poll_events
                0x000081dc       0x3e zephyr/kernel/libkernel.a(poll.c.obj)
                0x000081dc                z_handle_obj_poll_events
 .text.k_heap_init
                0x0000821a       0x10 zephyr/kernel/libkernel.a(kheap.c.obj)
                0x0000821a                k_heap_init
 .text.flag_test_and_clear
                0x0000822a       0x16 zephyr/kernel/libkernel.a(work.c.obj)
 .text.notify_queue_locked.isra.0
                0x00008240       0x40 zephyr/kernel/libkernel.a(work.c.obj)
 .text.z_work_submit_to_queue
                0x00008280       0x26 zephyr/kernel/libkernel.a(work.c.obj)
                0x00008280                z_work_submit_to_queue
 .text.memcpy   0x000082a6       0x1c /home/i4why/workspace/zephyrproject/zephyr-sdk-1.0.1/gnu/arm-zephyr-eabi/bin/../lib/gcc/arm-zephyr-eabi/14.3.0/../../../../arm-zephyr-eabi/lib/thumb/v7e-m/nofp/space/libc.a(memcpy.c.o)
                0x000082a6                memcpy
                0x000082a6                __aeabi_memcpy
                0x000082a6                __aeabi_memcpy4
                0x000082a6                __aeabi_memcpy8
 .text.memset   0x000082c2       0x10 /home/i4why/workspace/zephyrproject/zephyr-sdk-1.0.1/gnu/arm-zephyr-eabi/bin/../lib/gcc/arm-zephyr-eabi/14.3.0/../../../../arm-zephyr-eabi/lib/thumb/v7e-m/nofp/space/libc.a(memset.c.o)
                0x000082c2                memset
 .text.strnlen  0x000082d2       0x18 /home/i4why/workspace/zephyrproject/zephyr-sdk-1.0.1/gnu/arm-zephyr-eabi/bin/../lib/gcc/arm-zephyr-eabi/14.3.0/../../../../arm-zephyr-eabi/lib/thumb/v7e-m/nofp/space/libc.a(libc_string_strnlen.c.o)
                0x000082d2                strnlen
 .text.__ultoa_invert
                0x000082ea       0xae /home/i4why/workspace/zephyrproject/zephyr-sdk-1.0.1/gnu/arm-zephyr-eabi/bin/../lib/gcc/arm-zephyr-eabi/14.3.0/../../../../arm-zephyr-eabi/lib/thumb/v7e-m/nofp/space/libc.a(libc_tinystdio_vflprintf.c.o)
 .text.__file_str_put
                0x00008398       0x10 /home/i4why/workspace/zephyrproject/zephyr-sdk-1.0.1/gnu/arm-zephyr-eabi/bin/../lib/gcc/arm-zephyr-eabi/14.3.0/../../../../arm-zephyr-eabi/lib/thumb/v7e-m/nofp/space/libc.a(libc_tinystdio_filestrput.c.o)
                0x00008398                __file_str_put
 *(SORT_BY_ALIGNMENT(.gnu.linkonce.t.*))
 *(SORT_BY_ALIGNMENT(.glue_7t))
 .glue_7t       0x000083a8        0x0 linker stubs
 *(SORT_BY_ALIGNMENT(.glue_7))
 .glue_7        0x000083a8        0x0 linker stubs
 *(SORT_BY_ALIGNMENT(.vfp11_veneer))
 .vfp11_veneer  0x000083a8        0x0 linker stubs
 *(SORT_BY_ALIGNMENT(.v4_bx))
 .v4_bx         0x000083a8        0x0 linker stubs
                0x000083a8                        . = ALIGN (0x4)
                0x000083a8                        __text_region_end = .

.ARM.exidx      0x000083a8        0x8
                0x000083a8                        __exidx_start = .
 *(SORT_BY_ALIGNMENT(.ARM.exidx*) SORT_BY_ALIGNMENT(gnu.linkonce.armexidx.*))
 .ARM.exidx     0x000083a8        0x8 /home/i4why/workspace/zephyrproject/zephyr-sdk-1.0.1/gnu/arm-zephyr-eabi/bin/../lib/gcc/arm-zephyr-eabi/14.3.0/thumb/v7e-m/nofp/space/libgcc.a(_udivmoddi4.o)
                0x000083b0                        __exidx_end = .
                0x000083b0                        __rodata_region_start = .

initlevel       0x000083b0       0x70
                0x000083b0                        __init_start = .
                0x000083b0                        __init_EARLY_start = .
 *(SORT_BY_NAME(SORT_BY_ALIGNMENT(.z_init_EARLY_P_?_*)))
 .z_init_EARLY_P_0_SUB_0_
                0x000083b0        0x8 zephyr/soc/soc/nrf52840/libsoc__nordic.a(gppi_init.c.obj)
 *(SORT_BY_NAME(SORT_BY_ALIGNMENT(.z_init_EARLY_P_??_*)))
 *(SORT_BY_NAME(SORT_BY_ALIGNMENT(.z_init_EARLY_P_???_*)))
                0x000083b8                        __init_PRE_KERNEL_1_start = .
 *(SORT_BY_NAME(SORT_BY_ALIGNMENT(.z_init_PRE_KERNEL_1_P_?_*)))
 *(SORT_BY_NAME(SORT_BY_ALIGNMENT(.z_init_PRE_KERNEL_1_P_??_*)))
 .z_init_PRE_KERNEL_1_P_30_SUB_00078_
                0x000083b8        0x8 zephyr/drivers/clock_control/libdrivers__clock_control.a(clock_control_nrf.c.obj)
 .z_init_PRE_KERNEL_1_P_30_SUB_0_
                0x000083c0        0x8 zephyr/kernel/libkernel.a(kheap.c.obj)
 .z_init_PRE_KERNEL_1_P_40_SUB_00011_
                0x000083c8        0x8 zephyr/drivers/gpio/libdrivers__gpio.a(gpio_nrfx.c.obj)
 .z_init_PRE_KERNEL_1_P_40_SUB_00107_
                0x000083d0        0x8 zephyr/drivers/gpio/libdrivers__gpio.a(gpio_nrfx.c.obj)
 .z_init_PRE_KERNEL_1_P_50_SUB_00115_
                0x000083d8        0x8 zephyr/drivers/serial/libdrivers__serial.a(uart_nrfx_uarte.c.obj)
 .z_init_PRE_KERNEL_1_P_60_SUB_0_
                0x000083e0        0x8 zephyr/drivers/console/libdrivers__console.a(uart_console.c.obj)
 *(SORT_BY_NAME(SORT_BY_ALIGNMENT(.z_init_PRE_KERNEL_1_P_???_*)))
                0x000083e8                        __init_PRE_KERNEL_2_start = .
 *(SORT_BY_NAME(SORT_BY_ALIGNMENT(.z_init_PRE_KERNEL_2_P_?_*)))
 .z_init_PRE_KERNEL_2_P_0_SUB_0_
                0x000083e8        0x8 zephyr/drivers/timer/libdrivers__timer.a(nrf_rtc_timer.c.obj)
 *(SORT_BY_NAME(SORT_BY_ALIGNMENT(.z_init_PRE_KERNEL_2_P_??_*)))
 *(SORT_BY_NAME(SORT_BY_ALIGNMENT(.z_init_PRE_KERNEL_2_P_???_*)))
                0x000083f0                        __init_POST_KERNEL_start = .
 *(SORT_BY_NAME(SORT_BY_ALIGNMENT(.z_init_POST_KERNEL_P_?_*)))
 *(SORT_BY_NAME(SORT_BY_ALIGNMENT(.z_init_POST_KERNEL_P_??_*)))
 .z_init_POST_KERNEL_P_35_SUB_0_
                0x000083f0        0x8 zephyr/lib/libc/common/liblib__libc__common.a(malloc.c.obj)
 .z_init_POST_KERNEL_P_50_SUB_00089_
                0x000083f8        0x8 zephyr/drivers/i2c/libdrivers__i2c.a(i2c_nrfx_twi.c.obj)
 .z_init_POST_KERNEL_P_50_SUB_00108_
                0x00008400        0x8 zephyr/drivers/spi/libdrivers__spi.a(spi_nrfx_spim.c.obj)
 .z_init_POST_KERNEL_P_50_SUB_00138_
                0x00008408        0x8 zephyr/drivers/spi/libdrivers__spi.a(spi_nrfx_spi.c.obj)
 .z_init_POST_KERNEL_P_85_SUB_00139_
                0x00008410        0x8 zephyr/drivers/display/libdrivers__display.a(display_ssd1306.c.obj)
 *(SORT_BY_NAME(SORT_BY_ALIGNMENT(.z_init_POST_KERNEL_P_???_*)))
                0x00008418                        __init_APPLICATION_start = .
 *(SORT_BY_NAME(SORT_BY_ALIGNMENT(.z_init_APPLICATION_P_?_*)))
 .z_init_APPLICATION_P_0_SUB_0_
                0x00008418        0x8 zephyr/libzephyr.a(boot_banner.c.obj)
 *(SORT_BY_NAME(SORT_BY_ALIGNMENT(.z_init_APPLICATION_P_??_*)))
 *(SORT_BY_NAME(SORT_BY_ALIGNMENT(.z_init_APPLICATION_P_???_*)))
                0x00008420                        __init_SMP_start = .
 *(SORT_BY_NAME(SORT_BY_ALIGNMENT(.z_init_SMP_P_?_*)))
 *(SORT_BY_NAME(SORT_BY_ALIGNMENT(.z_init_SMP_P_??_*)))
 *(SORT_BY_NAME(SORT_BY_ALIGNMENT(.z_init_SMP_P_???_*)))
                0x00008420                        __init_end = .

device_area     0x00008420       0xe0
                0x00008420                        _device_list_start = .
 *(SORT_BY_NAME(SORT_BY_ALIGNMENT(._device.static.*_?_*)))
 *(SORT_BY_NAME(SORT_BY_ALIGNMENT(._device.static.*_??_*)))
 ._device.static.1_30_
                0x00008420       0x1c zephyr/drivers/clock_control/libdrivers__clock_control.a(clock_control_nrf.c.obj)
                0x00008420                __device_dts_ord_78
 ._device.static.1_40_
                0x0000843c       0x38 zephyr/drivers/gpio/libdrivers__gpio.a(gpio_nrfx.c.obj)
                0x0000843c                __device_dts_ord_107
                0x00008458                __device_dts_ord_11
 ._device.static.1_50_
                0x00008474       0x1c zephyr/drivers/serial/libdrivers__serial.a(uart_nrfx_uarte.c.obj)
                0x00008474                __device_dts_ord_115
 ._device.static.3_50_
                0x00008490       0x1c zephyr/drivers/i2c/libdrivers__i2c.a(i2c_nrfx_twi.c.obj)
                0x00008490                __device_dts_ord_89
 ._device.static.3_50_
                0x000084ac       0x1c zephyr/drivers/spi/libdrivers__spi.a(spi_nrfx_spi.c.obj)
                0x000084ac                __device_dts_ord_138
 ._device.static.3_50_
                0x000084c8       0x1c zephyr/drivers/spi/libdrivers__spi.a(spi_nrfx_spim.c.obj)
                0x000084c8                __device_dts_ord_108
 ._device.static.3_85_
                0x000084e4       0x1c zephyr/drivers/display/libdrivers__display.a(display_ssd1306.c.obj)
                0x000084e4                __device_dts_ord_139
 *(SORT_BY_NAME(SORT_BY_ALIGNMENT(._device.static.*_???_*)))
 *(SORT_BY_NAME(SORT_BY_ALIGNMENT(._device.static.*_????_*)))
 *(SORT_BY_NAME(SORT_BY_ALIGNMENT(._device.static.*_?????_*)))
                0x00008500                        _device_list_end = .

sw_isr_table    0x00008500      0x180
                0x00008500                        . = ALIGN (0x4)
 *(SORT_BY_ALIGNMENT(.gnu.linkonce.sw_isr_table*))
 .gnu.linkonce.sw_isr_table
                0x00008500      0x180 zephyr/CMakeFiles/zephyr_final.dir/isr_tables.c.obj
                0x00008500                _sw_isr_table

initlevel_error
 *(SORT_BY_NAME(SORT_BY_ALIGNMENT(.z_init_*)))
                0x00000001                        ASSERT ((SIZEOF (initlevel_error) == 0x0), Undefined initialization levels used.)

app_shmem_regions
                0x00008680        0x0
                0x00008680                        __app_shmem_regions_start = .
 *(SORT_BY_NAME(SORT_BY_ALIGNMENT(.app_regions.*)))
                0x00008680                        __app_shmem_regions_end = .

k_p4wq_initparam_area
                0x00008680        0x0
                0x00008680                        _k_p4wq_initparam_list_start = .
 *(SORT_BY_NAME(SORT_BY_ALIGNMENT(._k_p4wq_initparam.static.*)))
                0x00008680                        _k_p4wq_initparam_list_end = .

k_kernel_init_pre_entry_area
                0x00008680        0x0
                0x00008680                        _k_kernel_init_pre_entry_list_start = .
 *(SORT_BY_NAME(SORT_BY_ALIGNMENT(._k_kernel_init_pre_entry.static.*)))
                0x00008680                        _k_kernel_init_pre_entry_list_end = .

k_kernel_init_post_entry_area
                0x00008680        0x4
                0x00008680                        _k_kernel_init_post_entry_list_start = .
 *(SORT_BY_NAME(SORT_BY_ALIGNMENT(._k_kernel_init_post_entry.static.*)))
 ._k_kernel_init_post_entry.static._kernel_init_post_sys_work_q_init_
                0x00008680        0x4 zephyr/kernel/libkernel.a(system_work_q.c.obj)
                0x00008684                        _k_kernel_init_post_entry_list_end = .

_static_thread_data_area
                0x00008684        0x0
                0x00008684                        __static_thread_data_list_start = .
 *(SORT_BY_NAME(SORT_BY_ALIGNMENT(.__static_thread_data.static.*)))
                0x00008684                        __static_thread_data_list_end = .

device_deps     0x00008684        0x0
                0x00008684                        __device_deps_start = .
 *(SORT_BY_NAME(SORT_BY_ALIGNMENT(.__device_deps_pass2*)))
                0x00008684                        __device_deps_end = .

device_api_area
                0x00008684       0xa8
                0x00008684                        _counter_driver_api_list_start = .
 *(SORT_BY_NAME(SORT_BY_ALIGNMENT(._counter_driver_api.static.*)))
                0x00008684                        _counter_driver_api_list_end = .
                0x00008684                        _counter_driver_api_ext_end = .
                0x00008684                        _gpio_driver_api_list_start = .
 *(SORT_BY_NAME(SORT_BY_ALIGNMENT(._gpio_driver_api.static.*)))
 ._gpio_driver_api.static.gpio_nrfx_drv_api_funcs_
                0x00008684       0x24 zephyr/drivers/gpio/libdrivers__gpio.a(gpio_nrfx.c.obj)
                0x000086a8                        _gpio_driver_api_list_end = .
                0x000086a8                        _gpio_driver_api_ext_end = .
                0x000086a8                        _i2c_driver_api_list_start = .
 *(SORT_BY_NAME(SORT_BY_ALIGNMENT(._i2c_driver_api.static.*)))
 ._i2c_driver_api.static.i2c_nrfx_twi_driver_api_
                0x000086a8       0x18 zephyr/drivers/i2c/libdrivers__i2c.a(i2c_nrfx_twi.c.obj)
                0x000086c0                        _i2c_driver_api_list_end = .
                0x000086c0                        _i3c_driver_api_list_start = .
 *(SORT_BY_NAME(SORT_BY_ALIGNMENT(._i3c_driver_api.static.*)))
                0x000086c0                        _i3c_driver_api_list_end = .
                0x000086c0                        _i3c_driver_api_ext_end = .
                0x000086c0                        _i2c_driver_api_ext_end = .
                0x000086c0                        _i2c_target_driver_api_list_start = .
 *(SORT_BY_NAME(SORT_BY_ALIGNMENT(._i2c_target_driver_api.static.*)))
                0x000086c0                        _i2c_target_driver_api_list_end = .
                0x000086c0                        _i2c_target_driver_api_ext_end = .
                0x000086c0                        _spi_driver_api_list_start = .
 *(SORT_BY_NAME(SORT_BY_ALIGNMENT(._spi_driver_api.static.*)))
 ._spi_driver_api.static.driver_api_
                0x000086c0        0x8 zephyr/drivers/spi/libdrivers__spi.a(spi_nrfx_spim.c.obj)
 ._spi_driver_api.static.spi_nrfx_driver_api_
                0x000086c8        0x8 zephyr/drivers/spi/libdrivers__spi.a(spi_nrfx_spi.c.obj)
                0x000086d0                        _spi_driver_api_list_end = .
                0x000086d0                        _spi_driver_api_ext_end = .
                0x000086d0                        _shared_irq_driver_api_list_start = .
 *(SORT_BY_NAME(SORT_BY_ALIGNMENT(._shared_irq_driver_api.static.*)))
                0x000086d0                        _shared_irq_driver_api_list_end = .
                0x000086d0                        _shared_irq_driver_api_ext_end = .
                0x000086d0                        _audio_codec_driver_api_list_start = .
 *(SORT_BY_NAME(SORT_BY_ALIGNMENT(._audio_codec_driver_api.static.*)))
                0x000086d0                        _audio_codec_driver_api_list_end = .
                0x000086d0                        _audio_codec_driver_api_ext_end = .
                0x000086d0                        _dmic_driver_api_list_start = .
 *(SORT_BY_NAME(SORT_BY_ALIGNMENT(._dmic_driver_api.static.*)))
                0x000086d0                        _dmic_driver_api_list_end = .
                0x000086d0                        _dmic_driver_api_ext_end = .
                0x000086d0                        _crypto_driver_api_list_start = .
 *(SORT_BY_NAME(SORT_BY_ALIGNMENT(._crypto_driver_api.static.*)))
                0x000086d0                        _crypto_driver_api_list_end = .
                0x000086d0                        _crypto_driver_api_ext_end = .
                0x000086d0                        _adc_driver_api_list_start = .
 *(SORT_BY_NAME(SORT_BY_ALIGNMENT(._adc_driver_api.static.*)))
                0x000086d0                        _adc_driver_api_list_end = .
                0x000086d0                        _adc_driver_api_ext_end = .
                0x000086d0                        _auxdisplay_driver_api_list_start = .
 *(SORT_BY_NAME(SORT_BY_ALIGNMENT(._auxdisplay_driver_api.static.*)))
                0x000086d0                        _auxdisplay_driver_api_list_end = .
                0x000086d0                        _auxdisplay_driver_api_ext_end = .
                0x000086d0                        _bbram_driver_api_list_start = .
 *(SORT_BY_NAME(SORT_BY_ALIGNMENT(._bbram_driver_api.static.*)))
                0x000086d0                        _bbram_driver_api_list_end = .
                0x000086d0                        _bbram_driver_api_ext_end = .
                0x000086d0                        _biometric_driver_api_list_start = .
 *(SORT_BY_NAME(SORT_BY_ALIGNMENT(._biometric_driver_api.static.*)))
                0x000086d0                        _biometric_driver_api_list_end = .
                0x000086d0                        _biometric_driver_api_ext_end = .
                0x000086d0                        _bt_hci_driver_api_list_start = .
 *(SORT_BY_NAME(SORT_BY_ALIGNMENT(._bt_hci_driver_api.static.*)))
                0x000086d0                        _bt_hci_driver_api_list_end = .
                0x000086d0                        _bt_hci_driver_api_ext_end = .
                0x000086d0                        _buzzer_driver_api_list_start = .
 *(SORT_BY_NAME(SORT_BY_ALIGNMENT(._buzzer_driver_api.static.*)))
                0x000086d0                        _buzzer_driver_api_list_end = .
                0x000086d0                        _buzzer_driver_api_ext_end = .
                0x000086d0                        _can_driver_api_list_start = .
 *(SORT_BY_NAME(SORT_BY_ALIGNMENT(._can_driver_api.static.*)))
                0x000086d0                        _can_driver_api_list_end = .
                0x000086d0                        _can_driver_api_ext_end = .
                0x000086d0                        _cellular_driver_api_list_start = .
 *(SORT_BY_NAME(SORT_BY_ALIGNMENT(._cellular_driver_api.static.*)))
                0x000086d0                        _cellular_driver_api_list_end = .
                0x000086d0                        _cellular_driver_api_ext_end = .
                0x000086d0                        _charger_driver_api_list_start = .
 *(SORT_BY_NAME(SORT_BY_ALIGNMENT(._charger_driver_api.static.*)))
                0x000086d0                        _charger_driver_api_list_end = .
                0x000086d0                        _charger_driver_api_ext_end = .
                0x000086d0                        _clock_control_driver_api_list_start = .
 *(SORT_BY_NAME(SORT_BY_ALIGNMENT(._clock_control_driver_api.static.*)))
 ._clock_control_driver_api.static.clock_control_api_
                0x000086d0       0x1c zephyr/drivers/clock_control/libdrivers__clock_control.a(clock_control_nrf.c.obj)
                0x000086ec                        _clock_control_driver_api_list_end = .
                0x000086ec                        _nrf_clock_control_driver_api_list_start = .
 *(SORT_BY_NAME(SORT_BY_ALIGNMENT(._nrf_clock_control_driver_api.static.*)))
                0x000086ec                        _nrf_clock_control_driver_api_list_end = .
                0x000086ec                        _nrf_clock_control_driver_api_ext_end = .
                0x000086ec                        _clock_control_driver_api_ext_end = .
                0x000086ec                        _clock_monitor_driver_api_list_start = .
 *(SORT_BY_NAME(SORT_BY_ALIGNMENT(._clock_monitor_driver_api.static.*)))
                0x000086ec                        _clock_monitor_driver_api_list_end = .
                0x000086ec                        _clock_monitor_driver_api_ext_end = .
                0x000086ec                        _comparator_driver_api_list_start = .
 *(SORT_BY_NAME(SORT_BY_ALIGNMENT(._comparator_driver_api.static.*)))
                0x000086ec                        _comparator_driver_api_list_end = .
                0x000086ec                        _comparator_driver_api_ext_end = .
                0x000086ec                        _coredump_driver_api_list_start = .
 *(SORT_BY_NAME(SORT_BY_ALIGNMENT(._coredump_driver_api.static.*)))
                0x000086ec                        _coredump_driver_api_list_end = .
                0x000086ec                        _coredump_driver_api_ext_end = .
                0x000086ec                        _crc_driver_api_list_start = .
 *(SORT_BY_NAME(SORT_BY_ALIGNMENT(._crc_driver_api.static.*)))
                0x000086ec                        _crc_driver_api_list_end = .
                0x000086ec                        _crc_driver_api_ext_end = .
                0x000086ec                        _dac_driver_api_list_start = .
 *(SORT_BY_NAME(SORT_BY_ALIGNMENT(._dac_driver_api.static.*)))
                0x000086ec                        _dac_driver_api_list_end = .
                0x000086ec                        _dac_driver_api_ext_end = .
                0x000086ec                        _dai_driver_api_list_start = .
 *(SORT_BY_NAME(SORT_BY_ALIGNMENT(._dai_driver_api.static.*)))
                0x000086ec                        _dai_driver_api_list_end = .
                0x000086ec                        _dai_driver_api_ext_end = .
                0x000086ec                        _dali_driver_api_list_start = .
 *(SORT_BY_NAME(SORT_BY_ALIGNMENT(._dali_driver_api.static.*)))
                0x000086ec                        _dali_driver_api_list_end = .
                0x000086ec                        _dali_driver_api_ext_end = .
                0x000086ec                        _display_driver_api_list_start = .
 *(SORT_BY_NAME(SORT_BY_ALIGNMENT(._display_driver_api.static.*)))
 ._display_driver_api.static.ssd1306_driver_api_
                0x000086ec       0x34 zephyr/drivers/display/libdrivers__display.a(display_ssd1306.c.obj)
                0x00008720                        _display_driver_api_list_end = .
                0x00008720                        _display_driver_api_ext_end = .
                0x00008720                        _dma_driver_api_list_start = .
 *(SORT_BY_NAME(SORT_BY_ALIGNMENT(._dma_driver_api.static.*)))
                0x00008720                        _dma_driver_api_list_end = .
                0x00008720                        _dma_driver_api_ext_end = .
                0x00008720                        _edac_driver_api_list_start = .
 *(SORT_BY_NAME(SORT_BY_ALIGNMENT(._edac_driver_api.static.*)))
                0x00008720                        _edac_driver_api_list_end = .
                0x00008720                        _edac_driver_api_ext_end = .
                0x00008720                        _eeprom_driver_api_list_start = .
 *(SORT_BY_NAME(SORT_BY_ALIGNMENT(._eeprom_driver_api.static.*)))
                0x00008720                        _eeprom_driver_api_list_end = .
                0x00008720                        _eeprom_driver_api_ext_end = .
                0x00008720                        _emul_bbram_driver_api_list_start = .
 *(SORT_BY_NAME(SORT_BY_ALIGNMENT(._emul_bbram_driver_api.static.*)))
                0x00008720                        _emul_bbram_driver_api_list_end = .
                0x00008720                        _emul_bbram_driver_api_ext_end = .
                0x00008720                        _fuel_gauge_emul_driver_api_list_start = .
 *(SORT_BY_NAME(SORT_BY_ALIGNMENT(._fuel_gauge_emul_driver_api.static.*)))
                0x00008720                        _fuel_gauge_emul_driver_api_list_end = .
                0x00008720                        _fuel_gauge_emul_driver_api_ext_end = .
                0x00008720                        _emul_sensor_driver_api_list_start = .
 *(SORT_BY_NAME(SORT_BY_ALIGNMENT(._emul_sensor_driver_api.static.*)))
                0x00008720                        _emul_sensor_driver_api_list_end = .
                0x00008720                        _emul_sensor_driver_api_ext_end = .
                0x00008720                        _entropy_driver_api_list_start = .
 *(SORT_BY_NAME(SORT_BY_ALIGNMENT(._entropy_driver_api.static.*)))
                0x00008720                        _entropy_driver_api_list_end = .
                0x00008720                        _entropy_driver_api_ext_end = .
                0x00008720                        _espi_driver_api_list_start = .
 *(SORT_BY_NAME(SORT_BY_ALIGNMENT(._espi_driver_api.static.*)))
                0x00008720                        _espi_driver_api_list_end = .
                0x00008720                        _emul_espi_driver_api_list_start = .
 *(SORT_BY_NAME(SORT_BY_ALIGNMENT(._emul_espi_driver_api.static.*)))
                0x00008720                        _emul_espi_driver_api_list_end = .
                0x00008720                        _emul_espi_driver_api_ext_end = .
                0x00008720                        _espi_driver_api_ext_end = .
                0x00008720                        _espi_saf_driver_api_list_start = .
 *(SORT_BY_NAME(SORT_BY_ALIGNMENT(._espi_saf_driver_api.static.*)))
                0x00008720                        _espi_saf_driver_api_list_end = .
                0x00008720                        _espi_saf_driver_api_ext_end = .
                0x00008720                        _flash_driver_api_list_start = .
 *(SORT_BY_NAME(SORT_BY_ALIGNMENT(._flash_driver_api.static.*)))
                0x00008720                        _flash_driver_api_list_end = .
                0x00008720                        _flash_driver_api_ext_end = .
                0x00008720                        _fpga_driver_api_list_start = .
 *(SORT_BY_NAME(SORT_BY_ALIGNMENT(._fpga_driver_api.static.*)))
                0x00008720                        _fpga_driver_api_list_end = .
                0x00008720                        _fpga_driver_api_ext_end = .
                0x00008720                        _fuel_gauge_driver_api_list_start = .
 *(SORT_BY_NAME(SORT_BY_ALIGNMENT(._fuel_gauge_driver_api.static.*)))
                0x00008720                        _fuel_gauge_driver_api_list_end = .
                0x00008720                        _fuel_gauge_driver_api_ext_end = .
                0x00008720                        _gnss_driver_api_list_start = .
 *(SORT_BY_NAME(SORT_BY_ALIGNMENT(._gnss_driver_api.static.*)))
                0x00008720                        _gnss_driver_api_list_end = .
                0x00008720                        _gnss_driver_api_ext_end = .
                0x00008720                        _haptics_driver_api_list_start = .
 *(SORT_BY_NAME(SORT_BY_ALIGNMENT(._haptics_driver_api.static.*)))
                0x00008720                        _haptics_driver_api_list_end = .
                0x00008720                        _haptics_driver_api_ext_end = .
                0x00008720                        _hwspinlock_driver_api_list_start = .
 *(SORT_BY_NAME(SORT_BY_ALIGNMENT(._hwspinlock_driver_api.static.*)))
                0x00008720                        _hwspinlock_driver_api_list_end = .
                0x00008720                        _hwspinlock_driver_api_ext_end = .
                0x00008720                        _i2s_driver_api_list_start = .
 *(SORT_BY_NAME(SORT_BY_ALIGNMENT(._i2s_driver_api.static.*)))
                0x00008720                        _i2s_driver_api_list_end = .
                0x00008720                        _i2s_driver_api_ext_end = .
                0x00008720                        _ipm_driver_api_list_start = .
 *(SORT_BY_NAME(SORT_BY_ALIGNMENT(._ipm_driver_api.static.*)))
                0x00008720                        _ipm_driver_api_list_end = .
                0x00008720                        _ipm_driver_api_ext_end = .
                0x00008720                        _led_driver_api_list_start = .
 *(SORT_BY_NAME(SORT_BY_ALIGNMENT(._led_driver_api.static.*)))
                0x00008720                        _led_driver_api_list_end = .
                0x00008720                        _led_driver_api_ext_end = .
                0x00008720                        _led_strip_driver_api_list_start = .
 *(SORT_BY_NAME(SORT_BY_ALIGNMENT(._led_strip_driver_api.static.*)))
                0x00008720                        _led_strip_driver_api_list_end = .
                0x00008720                        _led_strip_driver_api_ext_end = .
                0x00008720                        _lora_driver_api_list_start = .
 *(SORT_BY_NAME(SORT_BY_ALIGNMENT(._lora_driver_api.static.*)))
                0x00008720                        _lora_driver_api_list_end = .
                0x00008720                        _lora_driver_api_ext_end = .
                0x00008720                        _mbox_driver_api_list_start = .
 *(SORT_BY_NAME(SORT_BY_ALIGNMENT(._mbox_driver_api.static.*)))
                0x00008720                        _mbox_driver_api_list_end = .
                0x00008720                        _mbox_driver_api_ext_end = .
                0x00008720                        _mdio_driver_api_list_start = .
 *(SORT_BY_NAME(SORT_BY_ALIGNMENT(._mdio_driver_api.static.*)))
                0x00008720                        _mdio_driver_api_list_end = .
                0x00008720                        _mdio_driver_api_ext_end = .
                0x00008720                        _memc_driver_api_list_start = .
 *(SORT_BY_NAME(SORT_BY_ALIGNMENT(._memc_driver_api.static.*)))
                0x00008720                        _memc_driver_api_list_end = .
                0x00008720                        _memc_driver_api_ext_end = .
                0x00008720                        _mipi_dbi_driver_api_list_start = .
 *(SORT_BY_NAME(SORT_BY_ALIGNMENT(._mipi_dbi_driver_api.static.*)))
                0x00008720                        _mipi_dbi_driver_api_list_end = .
                0x00008720                        _mipi_dbi_driver_api_ext_end = .
                0x00008720                        _mipi_dsi_driver_api_list_start = .
 *(SORT_BY_NAME(SORT_BY_ALIGNMENT(._mipi_dsi_driver_api.static.*)))
                0x00008720                        _mipi_dsi_driver_api_list_end = .
                0x00008720                        _mipi_dsi_driver_api_ext_end = .
                0x00008720                        _mspi_driver_api_list_start = .
 *(SORT_BY_NAME(SORT_BY_ALIGNMENT(._mspi_driver_api.static.*)))
                0x00008720                        _mspi_driver_api_list_end = .
                0x00008720                        _emul_mspi_driver_api_list_start = .
 *(SORT_BY_NAME(SORT_BY_ALIGNMENT(._emul_mspi_driver_api.static.*)))
                0x00008720                        _emul_mspi_driver_api_list_end = .
                0x00008720                        _emul_mspi_driver_api_ext_end = .
                0x00008720                        _mspi_driver_api_ext_end = .
                0x00008720                        _opamp_driver_api_list_start = .
 *(SORT_BY_NAME(SORT_BY_ALIGNMENT(._opamp_driver_api.static.*)))
                0x00008720                        _opamp_driver_api_list_end = .