Archive member included to satisfy reference by file (symbol)

app/libapp.a(main.c.obj)      (--whole-archive)
app/libapp.a(ssd1306.c.obj)   (--whole-archive)
app/libapp.a(gfx.c.obj)       (--whole-archive)
zephyr/libzephyr.a(validate_libc.c.obj)
                              (--whole-archive)
zephyr/libzephyr.a(heap.c.obj)
                              (--whole-archive)
zephyr/libzephyr.a(boot_banner.c.obj)
                              (--whole-archive)
zephyr/libzephyr.a(cbprintf_packaged.c.obj)
                              (--whole-archive)
zephyr/libzephyr.a(clock.c.obj)
                              (--whole-archive)
zephyr/libzephyr.a(printk.c.obj)
                              (--whole-archive)
zephyr/libzephyr.a(cbprintf_complete.c.obj)
                              (--whole-archive)
zephyr/libzephyr.a(assert.c.obj)
                              (--whole-archive)
zephyr/libzephyr.a(dec.c.obj)
                              (--whole-archive)
zephyr/libzephyr.a(hex.c.obj)
                              (--whole-archive)
zephyr/libzephyr.a(rb.c.obj)  (--whole-archive)
zephyr/libzephyr.a(set.c.obj)
                              (--whole-archive)
zephyr/libzephyr.a(timeutil.c.obj)
                              (--whole-archive)
zephyr/libzephyr.a(bitarray.c.obj)
                              (--whole-archive)
zephyr/libzephyr.a(bitmask.c.obj)
                              (--whole-archive)
zephyr/libzephyr.a(getopt.c.obj)
                              (--whole-archive)
zephyr/libzephyr.a(getopt_common.c.obj)
                              (--whole-archive)
zephyr/libzephyr.a(onoff.c.obj)
                              (--whole-archive)
zephyr/libzephyr.a(notify.c.obj)
                              (--whole-archive)
zephyr/libzephyr.a(ring_buffer.c.obj)
                              (--whole-archive)
zephyr/libzephyr.a(last_section_id.c.obj)
                              (--whole-archive)
zephyr/libzephyr.a(configs.c.obj)
                              (--whole-archive)
zephyr/libzephyr.a(mem_attr.c.obj)
                              (--whole-archive)
zephyr/libzephyr.a(tracing_none.c.obj)
                              (--whole-archive)
zephyr/libzephyr.a(sem.c.obj)
                              (--whole-archive)
zephyr/libzephyr.a(thread_entry.c.obj)
                              (--whole-archive)
zephyr/arch/common/libarch__common.a(sw_isr_common.c.obj)
                              (--whole-archive)
zephyr/arch/common/libarch__common.a(init.c.obj)
                              (--whole-archive)
zephyr/arch/common/libarch__common.a(xip.c.obj)
                              (--whole-archive)
zephyr/arch/common/libarch__common.a(instr_mem.c.obj)
                              (--whole-archive)
zephyr/arch/arch/arm/core/libarch__arm__core.a(fatal.c.obj)
                              (--whole-archive)
zephyr/arch/arch/arm/core/libarch__arm__core.a(nmi.c.obj)
                              (--whole-archive)
zephyr/arch/arch/arm/core/libarch__arm__core.a(nmi_on_reset.S.obj)
                              (--whole-archive)
zephyr/arch/arch/arm/core/libarch__arm__core.a(tls.c.obj)
                              (--whole-archive)
zephyr/arch/arch/arm/core/cortex_m/libarch__arm__core__cortex_m.a(fault.c.obj)
                              (--whole-archive)
zephyr/arch/arch/arm/core/cortex_m/libarch__arm__core__cortex_m.a(fault_s.S.obj)
                              (--whole-archive)
zephyr/arch/arch/arm/core/cortex_m/libarch__arm__core__cortex_m.a(fpu.c.obj)
                              (--whole-archive)
zephyr/arch/arch/arm/core/cortex_m/libarch__arm__core__cortex_m.a(reset.S.obj)
                              (--whole-archive)
zephyr/arch/arch/arm/core/cortex_m/libarch__arm__core__cortex_m.a(scb.c.obj)
                              (--whole-archive)
zephyr/arch/arch/arm/core/cortex_m/libarch__arm__core__cortex_m.a(vector_table.S.obj)
                              (--whole-archive)
zephyr/arch/arch/arm/core/cortex_m/libarch__arm__core__cortex_m.a(svc.S.obj)
                              (--whole-archive)
zephyr/arch/arch/arm/core/cortex_m/libarch__arm__core__cortex_m.a(irq_manage.c.obj)
                              (--whole-archive)
zephyr/arch/arch/arm/core/cortex_m/libarch__arm__core__cortex_m.a(prep_c.c.obj)
                              (--whole-archive)
zephyr/arch/arch/arm/core/cortex_m/libarch__arm__core__cortex_m.a(thread.c.obj)
                              (--whole-archive)
zephyr/arch/arch/arm/core/cortex_m/libarch__arm__core__cortex_m.a(cpu_idle.c.obj)
                              (--whole-archive)
zephyr/arch/arch/arm/core/cortex_m/libarch__arm__core__cortex_m.a(exc_exit.c.obj)
                              (--whole-archive)
zephyr/arch/arch/arm/core/cortex_m/libarch__arm__core__cortex_m.a(thread_abort.c.obj)
                              (--whole-archive)
zephyr/arch/arch/arm/core/cortex_m/libarch__arm__core__cortex_m.a(swap_helper.S.obj)
                              (--whole-archive)
[...]
Memory Configuration

Name             Origin             Length             Attributes
FLASH            0x00000000         0x00100000         xr
RAM              0x20000000         0x00040000         xw
IDT_LIST         0xffff7fff         0x00008000         xw
*default*        0x00000000         0xffffffff

Linker script and memory map

                0x00003578                        vfprintf = __l_vfprintf
                0x00000000                        vfscanf = __l_vfscanf
LOAD zephyr/CMakeFiles/zephyr_pre0.dir/misc/empty_file.c.obj
LOAD zephyr/CMakeFiles/offsets.dir/./arch/arm/core/offsets/offsets.c.obj
LOAD app/libapp.a
LOAD zephyr/libzephyr.a
LOAD zephyr/arch/common/libarch__common.a
LOAD zephyr/arch/arch/arm/core/libarch__arm__core.a
LOAD zephyr/arch/arch/arm/core/cortex_m/libarch__arm__core__cortex_m.a
LOAD zephyr/arch/arch/arm/core/mpu/libarch__arm__core__mpu.a
LOAD zephyr/lib/libc/picolibc/liblib__libc__picolibc.a
LOAD zephyr/lib/libc/common/liblib__libc__common.a
LOAD zephyr/soc/soc/nrf52840/libsoc__nordic.a
LOAD zephyr/subsys/portability/posix/c_lib_ext/libsubsys__portability__posix__c_lib_ext.a
LOAD zephyr/drivers/clock_control/libdrivers__clock_control.a
LOAD zephyr/drivers/console/libdrivers__console.a
LOAD zephyr/drivers/gpio/libdrivers__gpio.a
LOAD zephyr/drivers/i2c/libdrivers__i2c.a
LOAD zephyr/drivers/pinctrl/libdrivers__pinctrl.a
LOAD zephyr/drivers/serial/libdrivers__serial.a
LOAD zephyr/drivers/timer/libdrivers__timer.a
LOAD modules/hal_nordic/nrfx/libnrfx.a
LOAD zephyr/kernel/libkernel.a
LOAD zephyr/arch/common/libisr_tables.a
LOAD /home/i4why/workspace/zephyrproject/zephyr-sdk-1.0.1/gnu/arm-zephyr-eabi/bin/../lib/gcc/arm-zephyr-eabi/14.3.0/../../../../arm-zephyr-eabi/lib/thumb/v7e-m/nofp/space/libc.a
LOAD /home/i4why/workspace/zephyrproject/zephyr-sdk-1.0.1/gnu/arm-zephyr-eabi/bin/../lib/gcc/arm-zephyr-eabi/14.3.0/thumb/v7e-m/nofp/space/libgcc.a
                0x00000020                        _region_min_align = 0x20

.rel.plt        0x00000000        0x0
 *(SORT_BY_ALIGNMENT(.rel.plt))
                [!provide]                        PROVIDE (__rel_iplt_start = .)
 *(SORT_BY_ALIGNMENT(.rel.iplt))
 .rel.iplt      0x00000000        0x0 app/libapp.a(main.c.obj)
                [!provide]                        PROVIDE (__rel_iplt_end = .)

.rela.plt       0x00000000        0x0
 *(SORT_BY_ALIGNMENT(.rela.plt))
                [!provide]                        PROVIDE (__rela_iplt_start = .)
 *(SORT_BY_ALIGNMENT(.rela.iplt))
                [!provide]                        PROVIDE (__rela_iplt_end = .)

.rel.dyn
 *(SORT_BY_ALIGNMENT(.rel.*))

.rela.dyn
 *(SORT_BY_ALIGNMENT(.rela.*))

/DISCARD/
 *(SORT_BY_ALIGNMENT(.plt))

/DISCARD/
 *(SORT_BY_ALIGNMENT(.iplt))
                0x00000000                        __rom_region_start = 0x0

rom_start       0x00000000      0x100
                0x00000000                        __rom_start_address = .
 FILL mask 0x00
                0x00000000                        . = (. + (0x0 - (. - __rom_start_address)))
                0x00000000                        . = ALIGN (0x4)
                0x00000000                        . = ALIGN (0x80)
                0x00000000                        . = ALIGN (0x100)
                0x00000000                        _vector_start = .
 *(SORT_BY_ALIGNMENT(.exc_vector_table))
 *(SORT_BY_ALIGNMENT(.exc_vector_table.*))
 .exc_vector_table._vector_table_section
                0x00000000       0x40 zephyr/arch/arch/arm/core/cortex_m/libarch__arm__core__cortex_m.a(vector_table.S.obj)
                0x00000000                _vector_table
 *(SORT_BY_ALIGNMENT(.vectors))
                0x00000100                        _vector_end = .
                0x00000040                        . = ALIGN (0x4)
 *(SORT_BY_ALIGNMENT(.gnu.linkonce.irq_vector_table*))
 .gnu.linkonce.irq_vector_table
                0x00000040       0xc0 zephyr/arch/common/libisr_tables.a(isr_tables.c.obj)
                0x00000040                _irq_vector_table
                0x00000100                        _vector_end = .

text            0x00000100     0x4ec0
                0x00000100                        __text_region_start = .
 *(SORT_BY_ALIGNMENT(.text))
 *(SORT_BY_ALIGNMENT(.text.*))
 .text.main     0x00000100       0x28 app/libapp.a(main.c.obj)
                0x00000100                main
 .text.i2c_write_dt.constprop.0.isra.0
                0x00000128       0x30 app/libapp.a(ssd1306.c.obj)
 .text.ssd1306_init
                0x00000158        0xc app/libapp.a(ssd1306.c.obj)
                0x00000158                ssd1306_init
 .text.boot_banner
                0x00000164       0x10 zephyr/libzephyr.a(boot_banner.c.obj)
 .text.char_out
                0x00000174        0xc zephyr/libzephyr.a(printk.c.obj)
 .text.__printk_hook_install
                0x00000180        0xc zephyr/libzephyr.a(printk.c.obj)
                0x00000180                __printk_hook_install
 .text.vprintk  0x0000018c       0x30 zephyr/libzephyr.a(printk.c.obj)
                0x0000018c                vprintk
 .text.process_event
                0x000001bc      0x1e8 zephyr/libzephyr.a(onoff.c.obj)
 .text.mem_attr_get_regions
                0x000003a4        0xc zephyr/libzephyr.a(mem_attr.c.obj)
                0x000003a4                mem_attr_get_regions
 .text.z_thread_entry
                0x000003b0       0x34 zephyr/libzephyr.a(thread_entry.c.obj)
                0x000003b0                z_thread_entry
 .text.arch_bss_zero
                0x000003e4       0x18 zephyr/arch/common/libarch__common.a(init.c.obj)
                0x000003e4                arch_bss_zero
 .text.arch_data_copy
                0x000003fc       0x38 zephyr/arch/common/libarch__common.a(xip.c.obj)
                0x000003fc                arch_data_copy
 .text.z_arm_fatal_error
                0x00000434       0x60 zephyr/arch/arch/arm/core/libarch__arm__core.a(fatal.c.obj)
                0x00000434                z_arm_fatal_error
 .text.z_SysNmiOnReset
                0x00000494        0x8 zephyr/arch/arch/arm/core/libarch__arm__core.a(nmi_on_reset.S.obj)
                0x00000494                z_SysNmiOnReset
 .text.arch_tls_stack_setup
                0x0000049c       0x40 zephyr/arch/arch/arm/core/libarch__arm__core.a(tls.c.obj)
                0x0000049c                arch_tls_stack_setup
 .text.mem_manage_fault
                0x000004dc       0xf0 zephyr/arch/arch/arm/core/cortex_m/libarch__arm__core__cortex_m.a(fault.c.obj)
 .text.usage_fault.isra.0
                0x000005cc       0x98 zephyr/arch/arch/arm/core/cortex_m/libarch__arm__core__cortex_m.a(fault.c.obj)
 .text.bus_fault.isra.0
                0x00000664       0xb8 zephyr/arch/arch/arm/core/cortex_m/libarch__arm__core__cortex_m.a(fault.c.obj)
 .text.z_arm_fault
                0x0000071c      0x1b8 zephyr/arch/arch/arm/core/cortex_m/libarch__arm__core__cortex_m.a(fault.c.obj)
                0x0000071c                z_arm_fault
 .text.z_arm_fault_init
                0x000008d4       0x18 zephyr/arch/arch/arm/core/cortex_m/libarch__arm__core__cortex_m.a(fault.c.obj)
                0x000008d4                z_arm_fault_init
 .text.__fault  0x000008ec       0x14 zephyr/arch/arch/arm/core/cortex_m/libarch__arm__core__cortex_m.a(fault_s.S.obj)
                0x000008ec                z_arm_bus_fault
                0x000008ec                z_arm_usage_fault
                0x000008ec                z_arm_mpu_fault
                0x000008ec                z_arm_exc_spurious
                0x000008ec                z_arm_debug_monitor
                0x000008ec                z_arm_hard_fault
 .text._reset_section
                0x00000900       0x38 zephyr/arch/arch/arm/core/cortex_m/libarch__arm__core__cortex_m.a(reset.S.obj)
                0x00000900                z_arm_reset
                0x00000900                __start
 .text.z_arm_svc
                0x00000938       0x24 zephyr/arch/arch/arm/core/cortex_m/libarch__arm__core__cortex_m.a(svc.S.obj)
                0x00000938                z_arm_svc
 .text.arm_irq_enable
                0x0000095c       0x1c zephyr/arch/arch/arm/core/cortex_m/libarch__arm__core__cortex_m.a(irq_manage.c.obj)
                0x0000095c                arm_irq_enable
 .text.arm_irq_is_enabled
                0x00000978       0x1c zephyr/arch/arch/arm/core/cortex_m/libarch__arm__core__cortex_m.a(irq_manage.c.obj)
                0x00000978                arm_irq_is_enabled
 .text.arm_irq_priority_set
                0x00000994       0x30 zephyr/arch/arch/arm/core/cortex_m/libarch__arm__core__cortex_m.a(irq_manage.c.obj)
                0x00000994                arm_irq_priority_set
 .text.relocate_vector_table
                0x000009c4       0x1c zephyr/arch/arch/arm/core/cortex_m/libarch__arm__core__cortex_m.a(prep_c.c.obj)
                0x000009c4                relocate_vector_table
 .text.z_prep_c
                0x000009e0       0x38 zephyr/arch/arch/arm/core/cortex_m/libarch__arm__core__cortex_m.a(prep_c.c.obj)
                0x000009e0                z_prep_c
 .text.arch_new_thread
                0x00000a18       0x38 zephyr/arch/arch/arm/core/cortex_m/libarch__arm__core__cortex_m.a(thread.c.obj)
                0x00000a18                arch_new_thread
 .text.z_check_thread_stack_fail
                0x00000a50       0x2c zephyr/arch/arch/arm/core/cortex_m/libarch__arm__core__cortex_m.a(thread.c.obj)
                0x00000a50                z_check_thread_stack_fail
 .text.arch_switch_to_main_thread
                0x00000a7c       0x3c zephyr/arch/arch/arm/core/cortex_m/libarch__arm__core__cortex_m.a(thread.c.obj)
                0x00000a7c                arch_switch_to_main_thread
 .text.z_arm_cpu_idle_init
                0x00000ab8        0xc zephyr/arch/arch/arm/core/cortex_m/libarch__arm__core__cortex_m.a(cpu_idle.c.obj)
                0x00000ab8                z_arm_cpu_idle_init
 .text._HandlerModeExit
                0x00000ac4       0x20 zephyr/arch/arch/arm/core/cortex_m/libarch__arm__core__cortex_m.a(exc_exit.c.obj)
                0x00000ac4                z_arm_exc_exit
                0x00000ac4                z_arm_int_exit
 .text.z_impl_k_thread_abort
                0x00000ae4       0x2c zephyr/arch/arch/arm/core/cortex_m/libarch__arm__core__cortex_m.a(thread_abort.c.obj)
                0x00000ae4                z_impl_k_thread_abort
 .text.z_arm_pendsv
                0x00000b10       0x60 zephyr/arch/arch/arm/core/cortex_m/libarch__arm__core__cortex_m.a(swap_helper.S.obj)
                0x00000b10                z_arm_pendsv
 .text.z_arm_interrupt_init
                0x00000b70       0x18 zephyr/arch/arch/arm/core/cortex_m/libarch__arm__core__cortex_m.a(irq_init.c.obj)
                0x00000b70                z_arm_interrupt_init
 .text._isr_wrapper
                0x00000b88       0x24 zephyr/arch/arch/arm/core/cortex_m/libarch__arm__core__cortex_m.a(isr_wrapper.c.obj)
                0x00000b88                _isr_wrapper
 .text.__aeabi_read_tp
                0x00000bac        0xc zephyr/arch/arch/arm/core/cortex_m/libarch__arm__core__cortex_m.a(__aeabi_read_tp.S.obj)
                0x00000bac                __aeabi_read_tp
 .text.z_arm_configure_static_mpu_regions
                0x00000bb8       0x18 zephyr/arch/arch/arm/core/mpu/libarch__arm__core__mpu.a(arm_core_mpu.c.obj)
                0x00000bb8                z_arm_configure_static_mpu_regions
 .text.z_arm_configure_dynamic_mpu_regions
                0x00000bd0       0x20 zephyr/arch/arch/arm/core/mpu/libarch__arm__core__mpu.a(arm_core_mpu.c.obj)
                0x00000bd0                z_arm_configure_dynamic_mpu_regions
 .text.region_init
                0x00000bf0       0x28 zephyr/arch/arch/arm/core/mpu/libarch__arm__core__mpu.a(arm_mpu.c.obj)
 .text.mpu_configure_regions
                0x00000c18       0x6c zephyr/arch/arch/arm/core/mpu/libarch__arm__core__mpu.a(arm_mpu.c.obj)
 .text.arm_core_mpu_enable
                0x00000c84       0x18 zephyr/arch/arch/arm/core/mpu/libarch__arm__core__mpu.a(arm_mpu.c.obj)
                0x00000c84                arm_core_mpu_enable
 .text.arm_core_mpu_disable
                0x00000c9c       0x14 zephyr/arch/arch/arm/core/mpu/libarch__arm__core__mpu.a(arm_mpu.c.obj)
                0x00000c9c                arm_core_mpu_disable
 .text.arm_core_mpu_configure_static_mpu_regions
                0x00000cb0       0x14 zephyr/arch/arch/arm/core/mpu/libarch__arm__core__mpu.a(arm_mpu.c.obj)
                0x00000cb0                arm_core_mpu_configure_static_mpu_regions
 .text.arm_core_mpu_configure_dynamic_mpu_regions
                0x00000cc4       0x38 zephyr/arch/arch/arm/core/mpu/libarch__arm__core__mpu.a(arm_mpu.c.obj)
                0x00000cc4                arm_core_mpu_configure_dynamic_mpu_regions
 .text.z_arm_mpu_init
                0x00000cfc      0x184 zephyr/arch/arch/arm/core/mpu/libarch__arm__core__mpu.a(arm_mpu.c.obj)
                0x00000cfc                z_arm_mpu_init
 .text.z_impl_zephyr_fputc
                0x00000e80       0x10 zephyr/lib/libc/picolibc/liblib__libc__picolibc.a(stdio.c.obj)
                0x00000e80                z_impl_zephyr_fputc
 .text.__stdout_hook_install
                0x00000e90       0x18 zephyr/lib/libc/picolibc/liblib__libc__picolibc.a(stdio.c.obj)
                0x00000e90                __stdout_hook_install
 .text.malloc_prepare
                0x00000ea8       0x24 zephyr/lib/libc/common/liblib__libc__common.a(malloc.c.obj)
 .text.soc_early_init_hook
                0x00000ecc       0x34 zephyr/soc/soc/nrf52840/libsoc__nordic.a(soc.c.obj)
                0x00000ecc                soc_early_init_hook
 .text.arch_busy_wait
                0x00000f00       0x24 zephyr/soc/soc/nrf52840/libsoc__nordic.a(soc.c.obj)
                0x00000f00                arch_busy_wait
 .text.gppi_init
                0x00000f24       0x20 zephyr/soc/soc/nrf52840/libsoc__nordic.a(gppi_init.c.obj)
 .text.onoff_stop
                0x00000f44       0x30 zephyr/drivers/clock_control/libdrivers__clock_control.a(clock_control_nrf.c.obj)
 .text.onoff_start
                0x00000f74       0x44 zephyr/drivers/clock_control/libdrivers__clock_control.a(clock_control_nrf.c.obj)
 .text.clk_init
                0x00000fb8       0x58 zephyr/drivers/clock_control/libdrivers__clock_control.a(clock_control_nrf.c.obj)
 .text.api_blocking_start
                0x00001010       0x30 zephyr/drivers/clock_control/libdrivers__clock_control.a(clock_control_nrf.c.obj)
 .text.generic_hfclk_stop
                0x00001040       0x34 zephyr/drivers/clock_control/libdrivers__clock_control.a(clock_control_nrf.c.obj)
 .text.clkstarted_handle.constprop.0
                0x00001074       0x4c zephyr/drivers/clock_control/libdrivers__clock_control.a(clock_control_nrf.c.obj)
 .text.generic_hfclk_start
                0x000010c0       0x78 zephyr/drivers/clock_control/libdrivers__clock_control.a(clock_control_nrf.c.obj)
 .text.clock_event_handler
                0x00001138       0x1c zephyr/drivers/clock_control/libdrivers__clock_control.a(clock_control_nrf.c.obj)
 .text.z_nrf_clock_control_lf_on
                0x00001154       0xbc zephyr/drivers/clock_control/libdrivers__clock_control.a(clock_control_nrf.c.obj)
                0x00001154                z_nrf_clock_control_lf_on
 .text.uart_console_init
                0x00001210       0x28 zephyr/drivers/console/libdrivers__console.a(uart_console.c.obj)
 .text.console_out
                0x00001238       0x28 zephyr/drivers/console/libdrivers__console.a(uart_console.c.obj)
 .text.gpio_nrfx_pin_configure
                0x00001260      0x184 zephyr/drivers/gpio/libdrivers__gpio.a(gpio_nrfx.c.obj)
 .text.nrfx_gpio_handler
                0x000013e4       0x4c zephyr/drivers/gpio/libdrivers__gpio.a(gpio_nrfx.c.obj)
 .text.gpio_nrfx_init
                0x00001430       0x3c zephyr/drivers/gpio/libdrivers__gpio.a(gpio_nrfx.c.obj)
 .text.gpio_nrfx_pin_interrupt_configure
                0x0000146c      0x104 zephyr/drivers/gpio/libdrivers__gpio.a(gpio_nrfx.c.obj)
 .text.nrf_gpio_pin_port_decode
                0x00001570       0x20 zephyr/drivers/pinctrl/libdrivers__pinctrl.a(pinctrl_nrf.c.obj)
 .text.pinctrl_configure_pins
                0x00001590      0x1a8 zephyr/drivers/pinctrl/libdrivers__pinctrl.a(pinctrl_nrf.c.obj)
                0x00001590                pinctrl_configure_pins
 .text.uarte_nrfx_poll_out
                0x00001738       0xb8 zephyr/drivers/serial/libdrivers__serial.a(uart_nrfx_uarte.c.obj)
 .text.compare_int_lock
                0x000017f0       0x4c zephyr/drivers/timer/libdrivers__timer.a(nrf_rtc_timer.c.obj)
 .text.compare_int_unlock
                0x0000183c       0x5c zephyr/drivers/timer/libdrivers__timer.a(nrf_rtc_timer.c.obj)
 .text.z_nrf_rtc_timer_read
                0x00001898       0x44 zephyr/drivers/timer/libdrivers__timer.a(nrf_rtc_timer.c.obj)
                0x00001898                z_nrf_rtc_timer_read
 .text.compare_set
                0x000018dc      0x130 zephyr/drivers/timer/libdrivers__timer.a(nrf_rtc_timer.c.obj)
 .text.sys_clock_driver_init
                0x00001a0c       0x90 zephyr/drivers/timer/libdrivers__timer.a(nrf_rtc_timer.c.obj)
 .text.sys_clock_timeout_handler
                0x00001a9c       0x68 zephyr/drivers/timer/libdrivers__timer.a(nrf_rtc_timer.c.obj)
 .text.rtc_nrf_isr
                0x00001b04       0xd0 zephyr/drivers/timer/libdrivers__timer.a(nrf_rtc_timer.c.obj)
                0x00001b04                rtc_nrf_isr
 .text.sys_clock_set_timeout
                0x00001bd4       0x54 zephyr/drivers/timer/libdrivers__timer.a(nrf_rtc_timer.c.obj)
                0x00001bd4                sys_clock_set_timeout
 .text.sys_clock_elapsed
                0x00001c28       0x1c zephyr/drivers/timer/libdrivers__timer.a(nrf_rtc_timer.c.obj)
                0x00001c28                sys_clock_elapsed
 .text.nvmc_wait
                0x00001c44       0x10 modules/hal_nordic/nrfx/libnrfx.a(system_nrf52840.c.obj)
                0x00001c44                nvmc_wait
 .text.SystemInit
                0x00001c54      0x1ac modules/hal_nordic/nrfx/libnrfx.a(system_nrf52840.c.obj)
                0x00001c54                SystemInit
 .text.nrfx_gppi_init
                0x00001e00        0xc modules/hal_nordic/nrfx/libnrfx.a(nrfx_gppi_ppi.c.obj)
                0x00001e00                nrfx_gppi_init
 .text.nrfx_gppi_domain_conn_alloc
                0x00001e0c       0x1c modules/hal_nordic/nrfx/libnrfx.a(nrfx_gppi_ppi.c.obj)
                0x00001e0c                nrfx_gppi_domain_conn_alloc
 .text.nrfx_gppi_conn_enable
                0x00001e28       0x10 modules/hal_nordic/nrfx/libnrfx.a(nrfx_gppi_ppi.c.obj)
                0x00001e28                nrfx_gppi_conn_enable
 .text.hfclk_event_handler
                0x00001e38        0xc modules/hal_nordic/nrfx/libnrfx.a(nrfx_clock.c.obj)
 .text.lfclk_event_handler
                0x00001e44        0xc modules/hal_nordic/nrfx/libnrfx.a(nrfx_clock.c.obj)
 .text.nrfx_clock_init
                0x00001e50       0x40 modules/hal_nordic/nrfx/libnrfx.a(nrfx_clock.c.obj)
                0x00001e50                nrfx_clock_init
 .text.nrfx_clock_enable
                0x00001e90       0x20 modules/hal_nordic/nrfx/libnrfx.a(nrfx_clock.c.obj)
                0x00001e90                nrfx_clock_enable
 .text.clock_stop
                0x00001eb0       0x4c modules/hal_nordic/nrfx/libnrfx.a(nrfx_clock_hfclk.c.obj)
 .text.nrfx_clock_hfclk_init
                0x00001efc       0x28 modules/hal_nordic/nrfx/libnrfx.a(nrfx_clock_hfclk.c.obj)
                0x00001efc                nrfx_clock_hfclk_init
 .text.nrfx_clock_hfclk_start
                0x00001f24       0x38 modules/hal_nordic/nrfx/libnrfx.a(nrfx_clock_hfclk.c.obj)
                0x00001f24                nrfx_clock_hfclk_start
 .text.nrfx_clock_hfclk_irq_handler
                0x00001f5c       0x40 modules/hal_nordic/nrfx/libnrfx.a(nrfx_clock_hfclk.c.obj)
                0x00001f5c                nrfx_clock_hfclk_irq_handler
 .text.nrfx_clock_lfclk_init
                0x00001f9c       0x24 modules/hal_nordic/nrfx/libnrfx.a(nrfx_clock_lfclk.c.obj)
                0x00001f9c                nrfx_clock_lfclk_init
 .text.nrfx_clock_lfclk_start
                0x00001fc0       0x80 modules/hal_nordic/nrfx/libnrfx.a(nrfx_clock_lfclk.c.obj)
                0x00001fc0                nrfx_clock_lfclk_start
 .text.nrfx_clock_lfclk_irq_handler
                0x00002040       0x70 modules/hal_nordic/nrfx/libnrfx.a(nrfx_clock_lfclk.c.obj)
                0x00002040                nrfx_clock_lfclk_irq_handler
 .text.nrf_gpio_pin_port_decode
                0x000020b0       0x20 modules/hal_nordic/nrfx/libnrfx.a(nrfx_gpiote.c.obj)
 .text.get_pin_idx
                0x000020d0       0x14 modules/hal_nordic/nrfx/libnrfx.a(nrfx_gpiote.c.obj)
 .text.latch_pending_read_and_check
                0x000020e4       0x60 modules/hal_nordic/nrfx/libnrfx.a(nrfx_gpiote.c.obj)
 .text.pin_uninit
                0x00002144       0x78 modules/hal_nordic/nrfx/libnrfx.a(nrfx_gpiote.c.obj)
 .text.nrfx_gpiote_channel_free
                0x000021bc        0xc modules/hal_nordic/nrfx/libnrfx.a(nrfx_gpiote.c.obj)
                0x000021bc                nrfx_gpiote_channel_free
 .text.nrfx_gpiote_channel_alloc
                0x000021c8       0x18 modules/hal_nordic/nrfx/libnrfx.a(nrfx_gpiote.c.obj)
                0x000021c8                nrfx_gpiote_channel_alloc
 .text.nrfx_gpiote_irq_handler
                0x000021e0      0x1cc modules/hal_nordic/nrfx/libnrfx.a(nrfx_gpiote.c.obj)
                0x000021e0                nrfx_gpiote_irq_handler
 .text.twi_tx_start_transfer
                0x000023ac       0xec modules/hal_nordic/nrfx/libnrfx.a(nrfx_twi.c.obj)
 .text.twi_rx_start_transfer
                0x00002498       0xcc modules/hal_nordic/nrfx/libnrfx.a(nrfx_twi.c.obj)
 .text.nrfx_twi_init
                0x00002564       0xbc modules/hal_nordic/nrfx/libnrfx.a(nrfx_twi.c.obj)
                0x00002564                nrfx_twi_init
 .text.nrfx_twi_disable
                0x00002620       0x2c modules/hal_nordic/nrfx/libnrfx.a(nrfx_twi.c.obj)
                0x00002620                nrfx_twi_disable
 .text.nrfx_twi_xfer
                0x0000264c       0xb0 modules/hal_nordic/nrfx/libnrfx.a(nrfx_twi.c.obj)
                0x0000264c                nrfx_twi_xfer
 .text.nrf_gpio_pin_port_decode
                0x000026fc       0x20 modules/hal_nordic/nrfx/libnrfx.a(nrfx_twi_twim.c.obj)
 .text.nrfx_twi_twim_bus_recover
                0x0000271c       0xdc modules/hal_nordic/nrfx/libnrfx.a(nrfx_twi_twim.c.obj)
                0x0000271c                nrfx_twi_twim_bus_recover
 .text.z_fatal_error
                0x000027f8       0x30 zephyr/kernel/libkernel.a(fatal.c.obj)
                0x000027f8                z_fatal_error
 .text.z_sys_init_run_level
                0x00002828       0x30 zephyr/kernel/libkernel.a(init.c.obj)
 .text.bg_thread_main
                0x00002858       0xd4 zephyr/kernel/libkernel.a(init.c.obj)
 .text.z_init_cpu
                0x0000292c       0x70 zephyr/kernel/libkernel.a(init.c.obj)
                0x0000292c                z_init_cpu
 .text.z_cstart
                0x0000299c       0xe8 zephyr/kernel/libkernel.a(init.c.obj)
                0x0000299c                z_cstart
 .text.z_impl_k_sem_give
                0x00002a84       0x6c zephyr/kernel/libkernel.a(sem.c.obj)
                0x00002a84                z_impl_k_sem_give
 .text.z_impl_k_sem_take
                0x00002af0       0x4c zephyr/kernel/libkernel.a(sem.c.obj)
                0x00002af0                z_impl_k_sem_take
 .text.z_setup_new_thread
                0x00002b3c       0xa0 zephyr/kernel/libkernel.a(thread.c.obj)
                0x00002b3c                z_setup_new_thread
 .text.z_dummy_thread_init
                0x00002bdc       0x18 zephyr/kernel/libkernel.a(thread.c.obj)
                0x00002bdc                z_dummy_thread_init
 .text.z_impl_k_wakeup
                0x00002bf4       0x48 zephyr/kernel/libkernel.a(thread.c.obj)
                0x00002bf4                z_impl_k_wakeup
 .text.z_swap_irqlock
                0x00002c3c       0x34 zephyr/kernel/libkernel.a(sched.c.obj)
 .text.unready_thread
                0x00002c70       0x54 zephyr/kernel/libkernel.a(sched.c.obj)
 .text.ready_thread
                0x00002cc4       0x80 zephyr/kernel/libkernel.a(sched.c.obj)
 .text.reschedule.isra.0
                0x00002d44       0x28 zephyr/kernel/libkernel.a(sched.c.obj)
 .text.move_current_to_end_of_prio_q
                0x00002d6c       0x6c zephyr/kernel/libkernel.a(sched.c.obj)
                0x00002d6c                move_current_to_end_of_prio_q
 .text.z_thread_halt
                0x00002dd8      0x13c zephyr/kernel/libkernel.a(sched.c.obj)
                0x00002dd8                z_thread_halt
 .text.z_sched_lock_reschedule
                0x00002f14       0x44 zephyr/kernel/libkernel.a(sched.c.obj)
                0x00002f14                z_sched_lock_reschedule
 .text.z_sched_yield
                0x00002f58       0x84 zephyr/kernel/libkernel.a(sched.c.obj)
                0x00002f58                z_sched_yield
 .text.z_pend_curr
                0x00002fdc       0x58 zephyr/kernel/libkernel.a(sched.c.obj)
                0x00002fdc                z_pend_curr
 .text.z_tick_sleep
                0x00003034       0x84 zephyr/kernel/libkernel.a(sleep.c.obj)
 .text.z_sched_init
                0x000030b8       0x10 zephyr/kernel/libkernel.a(scheduler.c.obj)
                0x000030b8                z_sched_init
 .text.k_sched_lock
                0x000030c8       0x28 zephyr/kernel/libkernel.a(scheduler.c.obj)
                0x000030c8                k_sched_lock
 .text.k_sched_unlock
                0x000030f0       0x20 zephyr/kernel/libkernel.a(scheduler.c.obj)
                0x000030f0                k_sched_unlock
 .text.z_impl_k_sched_current_thread_query
                0x00003110        0xc zephyr/kernel/libkernel.a(scheduler.c.obj)
                0x00003110                z_impl_k_sched_current_thread_query
 .text.z_time_slice_size
                0x0000311c       0x40 zephyr/kernel/libkernel.a(timeslicing.c.obj)
 .text.slice_timeout
                0x0000315c       0x20 zephyr/kernel/libkernel.a(timeslicing.c.obj)
 .text.slice_reset
                0x0000317c       0x40 zephyr/kernel/libkernel.a(timeslicing.c.obj)
 .text.z_time_slice
                0x000031bc       0x68 zephyr/kernel/libkernel.a(timeslicing.c.obj)
                0x000031bc                z_time_slice
 .text.z_timeout_q_first
                0x00003224       0x10 zephyr/kernel/libkernel.a(timeout.c.obj)
 .text.next_timeout
                0x00003234       0x4c zephyr/kernel/libkernel.a(timeout.c.obj)
 .text.elapsed  0x00003280       0x10 zephyr/kernel/libkernel.a(timeout.c.obj)
 .text.z_add_timeout
                0x00003290      0x120 zephyr/kernel/libkernel.a(timeout.c.obj)
                0x00003290                z_add_timeout
 .text.z_try_abort_timeout
                0x000033b0       0x84 zephyr/kernel/libkernel.a(timeout.c.obj)
                0x000033b0                z_try_abort_timeout
 .text.z_timeout_inflight_superseded
                0x00003434       0x2c zephyr/kernel/libkernel.a(timeout.c.obj)
                0x00003434                z_timeout_inflight_superseded
 .text.sys_clock_announce_locked
                0x00003460       0xe8 zephyr/kernel/libkernel.a(timeout.c.obj)
                0x00003460                sys_clock_announce_locked
 .text.sys_clock_tick_get
                0x00003548       0x30 zephyr/kernel/libkernel.a(timeout.c.obj)
                0x00003548                sys_clock_tick_get
 .text.__l_vfprintf
                0x00003578      0x488 /home/i4why/workspace/zephyrproject/zephyr-sdk-1.0.1/gnu/arm-zephyr-eabi/bin/../lib/gcc/arm-zephyr-eabi/14.3.0/../../../../arm-zephyr-eabi/lib/thumb/v7e-m/nofp/space/libc.a(libc_tinystdio_vflprintf.c.o)
                0x00003578                __l_vfprintf
 .text._OffsetAbsSyms
                0x00003a00        0x2 zephyr/CMakeFiles/offsets.dir/./arch/arm/core/offsets/offsets.c.obj
                0x00003a00                _OffsetAbsSyms
 .text.ssd1306_cmds.isra.0
                0x00003a02       0x30 app/libapp.a(ssd1306.c.obj)
 .text.ssd1306_cmd.isra.0
                0x00003a32       0x1a app/libapp.a(ssd1306.c.obj)
 .text.ssd1306_flush
                0x00003a4c       0x44 app/libapp.a(ssd1306.c.obj)
                0x00003a4c                ssd1306_flush
 .text.gfx_draw_pixel
                0x00003a90       0x22 app/libapp.a(gfx.c.obj)
                0x00003a90                gfx_draw_pixel
 .text.gfx_draw_line
                0x00003ab2       0xa2 app/libapp.a(gfx.c.obj)
                0x00003ab2                gfx_draw_line
 .text.chunk_size
                0x00003b54        0xa zephyr/libzephyr.a(heap.c.obj)
 .text.free_list_add
                0x00003b5e       0x4e zephyr/libzephyr.a(heap.c.obj)
 .text.sys_heap_init
                0x00003bac       0x82 zephyr/libzephyr.a(heap.c.obj)
                0x00003bac                sys_heap_init
 .text.arch_printk_char_out
                0x00003c2e        0x4 zephyr/libzephyr.a(printk.c.obj)
                0x00003c2e                arch_printk_char_out
 .text.printk   0x00003c32       0x1a zephyr/libzephyr.a(printk.c.obj)
                0x00003c32                printk
 .text.process_recheck
                0x00003c4c       0x38 zephyr/libzephyr.a(onoff.c.obj)
 .text.validate_args
                0x00003c84       0x20 zephyr/libzephyr.a(onoff.c.obj)
 .text.notify_one
                0x00003ca4       0x2c zephyr/libzephyr.a(onoff.c.obj)
 .text.transition_complete
                0x00003cd0       0x1a zephyr/libzephyr.a(onoff.c.obj)
 .text.onoff_manager_init
                0x00003cea       0x26 zephyr/libzephyr.a(onoff.c.obj)
                0x00003cea                onoff_manager_init
 .text.onoff_request
                0x00003d10       0x96 zephyr/libzephyr.a(onoff.c.obj)
                0x00003d10                onoff_request
 .text.sys_notify_validate
                0x00003da6       0x22 zephyr/libzephyr.a(notify.c.obj)
                0x00003da6                sys_notify_validate
 .text.sys_notify_finalize
                0x00003dc8       0x1a zephyr/libzephyr.a(notify.c.obj)
                0x00003dc8                sys_notify_finalize
 .text._ConfigAbsSyms
                0x00003de2        0x2 zephyr/libzephyr.a(configs.c.obj)
                0x00003de2                _ConfigAbsSyms
 .text.arch_early_memset
                0x00003de4        0x4 zephyr/arch/common/libarch__common.a(init.c.obj)
                0x00003de4                arch_early_memset
 .text.arch_early_memcpy
                0x00003de8        0x4 zephyr/arch/common/libarch__common.a(init.c.obj)
                0x00003de8                arch_early_memcpy
 .text.z_do_kernel_oops
                0x00003dec        0x8 zephyr/arch/arch/arm/core/libarch__arm__core.a(fatal.c.obj)
                0x00003dec                z_do_kernel_oops
 .text.z_arm_nmi
                0x00003df4        0xe zephyr/arch/arch/arm/core/libarch__arm__core.a(nmi.c.obj)
                0x00003df4                z_arm_nmi
 .text.z_irq_spurious
                0x00003e02        0x8 zephyr/arch/arch/arm/core/cortex_m/libarch__arm__core__cortex_m.a(irq_manage.c.obj)
                0x00003e02                z_irq_spurious
 .text.arch_coprocessors_disable
                0x00003e0a        0x6 zephyr/arch/arch/arm/core/cortex_m/libarch__arm__core__cortex_m.a(thread.c.obj)
                0x00003e0a                arch_coprocessors_disable
 .text.arch_irq_unlock_outlined
                0x00003e10        0xe zephyr/arch/arch/arm/core/cortex_m/libarch__arm__core__cortex_m.a(thread.c.obj)
                0x00003e10                arch_irq_unlock_outlined
 .text.arch_cpu_idle
                0x00003e1e       0x1a zephyr/arch/arch/arm/core/cortex_m/libarch__arm__core__cortex_m.a(cpu_idle.c.obj)
                0x00003e1e                arch_cpu_idle
 .text.size_to_mpu_rasr_size
                0x00003e38       0x20 zephyr/arch/arch/arm/core/mpu/libarch__arm__core__mpu.a(arm_mpu.c.obj)
 .text.picolibc_put
                0x00003e58        0xa zephyr/lib/libc/picolibc/liblib__libc__picolibc.a(stdio.c.obj)
 .text.get_status
                0x00003e62       0x12 zephyr/drivers/clock_control/libdrivers__clock_control.a(clock_control_nrf.c.obj)
 .text.stop     0x00003e74       0x50 zephyr/drivers/clock_control/libdrivers__clock_control.a(clock_control_nrf.c.obj)
 .text.api_stop
                0x00003ec4        0x6 zephyr/drivers/clock_control/libdrivers__clock_control.a(clock_control_nrf.c.obj)
 .text.async_start
                0x00003eca       0x60 zephyr/drivers/clock_control/libdrivers__clock_control.a(clock_control_nrf.c.obj)
 .text.api_start
                0x00003f2a        0xe zephyr/drivers/clock_control/libdrivers__clock_control.a(clock_control_nrf.c.obj)
 .text.onoff_started_callback
                0x00003f38       0x12 zephyr/drivers/clock_control/libdrivers__clock_control.a(clock_control_nrf.c.obj)
 .text.blocking_start_callback
                0x00003f4a        0x6 zephyr/drivers/clock_control/libdrivers__clock_control.a(clock_control_nrf.c.obj)
 .text.lfclk_stop
                0x00003f50        0x4 zephyr/drivers/clock_control/libdrivers__clock_control.a(clock_control_nrf.c.obj)
 .text.lfclk_start
                0x00003f54        0x4 zephyr/drivers/clock_control/libdrivers__clock_control.a(clock_control_nrf.c.obj)
 .text.gpio_nrfx_port_get_raw
                0x00003f58        0xe zephyr/drivers/gpio/libdrivers__gpio.a(gpio_nrfx.c.obj)
 .text.gpio_nrfx_port_set_masked_raw
                0x00003f66       0x18 zephyr/drivers/gpio/libdrivers__gpio.a(gpio_nrfx.c.obj)
 .text.gpio_nrfx_port_set_bits_raw
                0x00003f7e        0xc zephyr/drivers/gpio/libdrivers__gpio.a(gpio_nrfx.c.obj)
 .text.gpio_nrfx_port_clear_bits_raw
                0x00003f8a        0xc zephyr/drivers/gpio/libdrivers__gpio.a(gpio_nrfx.c.obj)
 .text.gpio_nrfx_port_toggle_bits
                0x00003f96       0x1a zephyr/drivers/gpio/libdrivers__gpio.a(gpio_nrfx.c.obj)
 .text.gpio_nrfx_manage_callback
                0x00003fb0       0x54 zephyr/drivers/gpio/libdrivers__gpio.a(gpio_nrfx.c.obj)
 .text.gpio_nrfx_gpiote_irq_handler
                0x00004004        0x4 zephyr/drivers/gpio/libdrivers__gpio.a(gpio_nrfx.c.obj)
                0x00004004                gpio_nrfx_gpiote_irq_handler
 .text.twi_0_init
                0x00004008       0x40 zephyr/drivers/i2c/libdrivers__i2c.a(i2c_nrfx_twi.c.obj)
 .text.event_handler
                0x00004048       0x2a zephyr/drivers/i2c/libdrivers__i2c.a(i2c_nrfx_twi.c.obj)
 .text.i2c_nrfx_twi_transfer
                0x00004072       0xb4 zephyr/drivers/i2c/libdrivers__i2c.a(i2c_nrfx_twi.c.obj)
 .text.i2c_nrfx_twi_init
                0x00004126        0xc zephyr/drivers/i2c/libdrivers__i2c.a(i2c_nrfx_twi_common.c.obj)
                0x00004126                i2c_nrfx_twi_init
 .text.i2c_nrfx_twi_configure
                0x00004132       0x30 zephyr/drivers/i2c/libdrivers__i2c.a(i2c_nrfx_twi_common.c.obj)
                0x00004132                i2c_nrfx_twi_configure
 .text.i2c_nrfx_twi_recover_bus
                0x00004162       0x48 zephyr/drivers/i2c/libdrivers__i2c.a(i2c_nrfx_twi_common.c.obj)
                0x00004162                i2c_nrfx_twi_recover_bus
 .text.i2c_nrfx_twi_msg_transfer
                0x000041aa       0x5e zephyr/drivers/i2c/libdrivers__i2c.a(i2c_nrfx_twi_common.c.obj)
                0x000041aa                i2c_nrfx_twi_msg_transfer
 .text.pinctrl_lookup_state
                0x00004208       0x26 zephyr/drivers/pinctrl/libdrivers__pinctrl.a(common.c.obj)
                0x00004208                pinctrl_lookup_state
 .text.uarte_nrfx_err_check
                0x0000422e        0xe zephyr/drivers/serial/libdrivers__serial.a(uart_nrfx_uarte.c.obj)
 .text.uarte_nrfx_poll_in
                0x0000423c       0x26 zephyr/drivers/serial/libdrivers__serial.a(uart_nrfx_uarte.c.obj)
 .text.is_tx_ready.isra.0
                0x00004262       0x20 zephyr/drivers/serial/libdrivers__serial.a(uart_nrfx_uarte.c.obj)
 .text.uarte_nrfx_isr_int
                0x00004282       0x42 zephyr/drivers/serial/libdrivers__serial.a(uart_nrfx_uarte.c.obj)
 .text.pinctrl_apply_state.isra.0
                0x000042c4       0x1e zephyr/drivers/serial/libdrivers__serial.a(uart_nrfx_uarte.c.obj)
 .text.uarte_0_init
                0x000042e2       0xd0 zephyr/drivers/serial/libdrivers__serial.a(uart_nrfx_uarte.c.obj)
 .text.event_clear
                0x000043b2       0x18 zephyr/drivers/timer/libdrivers__timer.a(nrf_rtc_timer.c.obj)
 .text.nrf52_errata_98
                0x000043ca       0x1a modules/hal_nordic/nrfx/libnrfx.a(system_nrf52840.c.obj)
 .text.nrfx_isr
                0x000043e4        0x6 modules/hal_nordic/nrfx/libnrfx.a(nrfx_glue.c.obj)
                0x000043e4                nrfx_isr
 .text.nrfx_busy_wait
                0x000043ea        0x4 modules/hal_nordic/nrfx/libnrfx.a(nrfx_glue.c.obj)
                0x000043ea                nrfx_busy_wait
 .text.nrfx_flag32_alloc
                0x000043ee       0x3c modules/hal_nordic/nrfx/libnrfx.a(nrfx_flag32_allocator.c.obj)
                0x000043ee                nrfx_flag32_alloc
 .text.nrfx_flag32_free
                0x0000442a       0x3a modules/hal_nordic/nrfx/libnrfx.a(nrfx_flag32_allocator.c.obj)
                0x0000442a                nrfx_flag32_free
 .text.nrfx_gppi_conn_alloc
                0x00004464       0x28 modules/hal_nordic/nrfx/libnrfx.a(nrfx_gppi_ppi.c.obj)
                0x00004464                nrfx_gppi_conn_alloc
 .text.nrfx_clock_start
                0x0000448c       0x10 modules/hal_nordic/nrfx/libnrfx.a(nrfx_clock.c.obj)
                0x0000448c                nrfx_clock_start
 .text.nrfx_clock_stop
                0x0000449c       0x10 modules/hal_nordic/nrfx/libnrfx.a(nrfx_clock.c.obj)
                0x0000449c                nrfx_clock_stop
 .text.nrfx_power_clock_irq_handler
                0x000044ac        0xe modules/hal_nordic/nrfx/libnrfx.a(nrfx_clock.c.obj)
                0x000044ac                nrfx_power_clock_irq_handler
 .text.nrf52_errata_201
                0x000044ba       0x1e modules/hal_nordic/nrfx/libnrfx.a(nrfx_clock_hfclk.c.obj)
 .text.nrfx_clock_hfclk_stop
                0x000044d8        0x4 modules/hal_nordic/nrfx/libnrfx.a(nrfx_clock_hfclk.c.obj)
                0x000044d8                nrfx_clock_hfclk_stop
 .text.clock_stop
                0x000044dc       0x32 modules/hal_nordic/nrfx/libnrfx.a(nrfx_clock_lfclk.c.obj)
 .text.nrfx_clock_lfclk_stop
                0x0000450e        0x4 modules/hal_nordic/nrfx/libnrfx.a(nrfx_clock_lfclk.c.obj)
                0x0000450e                nrfx_clock_lfclk_stop
 .text.nrf_gpio_reconfigure
                0x00004512       0x92 modules/hal_nordic/nrfx/libnrfx.a(nrfx_gpiote.c.obj)
 .text.nrf_gpio_cfg_sense_set
                0x000045a4       0x1e modules/hal_nordic/nrfx/libnrfx.a(nrfx_gpiote.c.obj)
 .text.pin_in_use_by_te
                0x000045c2       0x16 modules/hal_nordic/nrfx/libnrfx.a(nrfx_gpiote.c.obj)
 .text.pin_is_output
                0x000045d8       0x16 modules/hal_nordic/nrfx/libnrfx.a(nrfx_gpiote.c.obj)
 .text.pin_te_get
                0x000045ee       0x14 modules/hal_nordic/nrfx/libnrfx.a(nrfx_gpiote.c.obj)
 .text.call_handler
                0x00004602       0x3e modules/hal_nordic/nrfx/libnrfx.a(nrfx_gpiote.c.obj)
 .text.release_handler
                0x00004640       0x52 modules/hal_nordic/nrfx/libnrfx.a(nrfx_gpiote.c.obj)
 .text.__nrfy_internal_gpiote_events_process
                0x00004692       0x50 modules/hal_nordic/nrfx/libnrfx.a(nrfx_gpiote.c.obj)
 .text.pin_trigger_disable
                0x000046e2       0x44 modules/hal_nordic/nrfx/libnrfx.a(nrfx_gpiote.c.obj)
 .text.nrfx_gpiote_input_configure
                0x00004726      0x166 modules/hal_nordic/nrfx/libnrfx.a(nrfx_gpiote.c.obj)
                0x00004726                nrfx_gpiote_input_configure
 .text.nrfx_gpiote_output_configure
                0x0000488c       0xea modules/hal_nordic/nrfx/libnrfx.a(nrfx_gpiote.c.obj)
                0x0000488c                nrfx_gpiote_output_configure
 .text.nrfx_gpiote_global_callback_set
                0x00004976        0x6 modules/hal_nordic/nrfx/libnrfx.a(nrfx_gpiote.c.obj)
                0x00004976                nrfx_gpiote_global_callback_set
 .text.nrfx_gpiote_channel_get
                0x0000497c       0x26 modules/hal_nordic/nrfx/libnrfx.a(nrfx_gpiote.c.obj)
                0x0000497c                nrfx_gpiote_channel_get
 .text.nrfx_gpiote_init
                0x000049a2       0x38 modules/hal_nordic/nrfx/libnrfx.a(nrfx_gpiote.c.obj)
                0x000049a2                nrfx_gpiote_init
 .text.nrfx_gpiote_init_check
                0x000049da        0xc modules/hal_nordic/nrfx/libnrfx.a(nrfx_gpiote.c.obj)
                0x000049da                nrfx_gpiote_init_check
 .text.nrfx_gpiote_pin_uninit
                0x000049e6        0x4 modules/hal_nordic/nrfx/libnrfx.a(nrfx_gpiote.c.obj)
                0x000049e6                nrfx_gpiote_pin_uninit
 .text.nrfx_gpiote_trigger_enable
                0x000049ea       0xa2 modules/hal_nordic/nrfx/libnrfx.a(nrfx_gpiote.c.obj)
                0x000049ea                nrfx_gpiote_trigger_enable
 .text.nrfx_gpiote_trigger_disable
                0x00004a8c        0x4 modules/hal_nordic/nrfx/libnrfx.a(nrfx_gpiote.c.obj)
                0x00004a8c                nrfx_gpiote_trigger_disable
 .text.twi_transfer
                0x00004a90      0x130 modules/hal_nordic/nrfx/libnrfx.a(nrfx_twi.c.obj)
 .text.twi_configure
                0x00004bc0       0x30 modules/hal_nordic/nrfx/libnrfx.a(nrfx_twi.c.obj)
 .text.nrfx_twi_enable
                0x00004bf0       0x10 modules/hal_nordic/nrfx/libnrfx.a(nrfx_twi.c.obj)
                0x00004bf0                nrfx_twi_enable
 .text.nrfx_twi_irq_handler
                0x00004c00       0xb6 modules/hal_nordic/nrfx/libnrfx.a(nrfx_twi.c.obj)
                0x00004c00                nrfx_twi_irq_handler
 .text.nrf_gpio_pin_set
                0x00004cb6       0x1a modules/hal_nordic/nrfx/libnrfx.a(nrfx_twi_twim.c.obj)
 .text.z_impl_k_busy_wait
                0x00004cd0        0x8 zephyr/kernel/libkernel.a(busy_wait.c.obj)
                0x00004cd0                z_impl_k_busy_wait
 .text.do_device_init
                0x00004cd8       0x30 zephyr/kernel/libkernel.a(device.c.obj)
                0x00004cd8                do_device_init
 .text.z_impl_device_is_ready
                0x00004d08       0x16 zephyr/kernel/libkernel.a(device.c.obj)
                0x00004d08                z_impl_device_is_ready
 .text.arch_system_halt
                0x00004d1e       0x10 zephyr/kernel/libkernel.a(fatal.c.obj)
                0x00004d1e                arch_system_halt
 .text.k_sys_fatal_error_handler
                0x00004d2e        0x6 zephyr/kernel/libkernel.a(fatal.c.obj)
                0x00004d2e                k_sys_fatal_error_handler
 .text.idle     0x00004d34       0x16 zephyr/kernel/libkernel.a(idle.c.obj)
                0x00004d34                idle
 .text.k_is_in_isr
                0x00004d4a        0xc zephyr/kernel/libkernel.a(thread.c.obj)
                0x00004d4a                k_is_in_isr
 .text.z_thread_abort
                0x00004d56       0x3e zephyr/kernel/libkernel.a(thread.c.obj)
                0x00004d56                z_thread_abort
 .text.z_impl_k_yield
                0x00004d94        0x4 zephyr/kernel/libkernel.a(thread.c.obj)
                0x00004d94                z_impl_k_yield
 .text.sys_dlist_remove
                0x00004d98       0x10 zephyr/kernel/libkernel.a(sched.c.obj)
 .text.unpend_thread_no_timeout
                0x00004da8       0x14 zephyr/kernel/libkernel.a(sched.c.obj)
 .text.add_to_waitq_locked
                0x00004dbc       0x4c zephyr/kernel/libkernel.a(sched.c.obj)
 .text.z_ready_thread
                0x00004e08       0x1e zephyr/kernel/libkernel.a(sched.c.obj)
                0x00004e08                z_ready_thread
 .text.z_sched_ready_locked
                0x00004e26        0x4 zephyr/kernel/libkernel.a(sched.c.obj)
                0x00004e26                z_sched_ready_locked
 .text.z_sched_unready_locked
                0x00004e2a        0x4 zephyr/kernel/libkernel.a(sched.c.obj)
                0x00004e2a                z_sched_unready_locked
 .text.z_sched_wake_thread_locked
                0x00004e2e       0x28 zephyr/kernel/libkernel.a(sched.c.obj)
                0x00004e2e                z_sched_wake_thread_locked
 .text.z_thread_timeout
                0x00004e56       0x2a zephyr/kernel/libkernel.a(sched.c.obj)
                0x00004e56                z_thread_timeout
 .text.z_reschedule
                0x00004e80        0x6 zephyr/kernel/libkernel.a(sched.c.obj)
                0x00004e80                z_reschedule
 .text.z_impl_k_sleep
                0x00004e86       0x32 zephyr/kernel/libkernel.a(sleep.c.obj)
                0x00004e86                z_impl_k_sleep
 .text.z_time_slice_reset
                0x00004eb8        0xe zephyr/kernel/libkernel.a(timeslicing.c.obj)
                0x00004eb8                z_time_slice_reset
 .text.sys_clock_tick_get_32
                0x00004ec6        0x8 zephyr/kernel/libkernel.a(timeout.c.obj)
                0x00004ec6                sys_clock_tick_get_32
 .text.memcpy   0x00004ece       0x1c /home/i4why/workspace/zephyrproject/zephyr-sdk-1.0.1/gnu/arm-zephyr-eabi/bin/../lib/gcc/arm-zephyr-eabi/14.3.0/../../../../arm-zephyr-eabi/lib/thumb/v7e-m/nofp/space/libc.a(memcpy.c.o)
                0x00004ece                memcpy
                0x00004ece                __aeabi_memcpy
                0x00004ece                __aeabi_memcpy4
                0x00004ece                __aeabi_memcpy8
 .text.memset   0x00004eea       0x10 /home/i4why/workspace/zephyrproject/zephyr-sdk-1.0.1/gnu/arm-zephyr-eabi/bin/../lib/gcc/arm-zephyr-eabi/14.3.0/../../../../arm-zephyr-eabi/lib/thumb/v7e-m/nofp/space/libc.a(memset.c.o)
                0x00004eea                memset
 .text.strnlen  0x00004efa       0x18 /home/i4why/workspace/zephyrproject/zephyr-sdk-1.0.1/gnu/arm-zephyr-eabi/bin/../lib/gcc/arm-zephyr-eabi/14.3.0/../../../../arm-zephyr-eabi/lib/thumb/v7e-m/nofp/space/libc.a(libc_string_strnlen.c.o)
                0x00004efa                strnlen
 .text.__ultoa_invert
                0x00004f12       0xae /home/i4why/workspace/zephyrproject/zephyr-sdk-1.0.1/gnu/arm-zephyr-eabi/bin/../lib/gcc/arm-zephyr-eabi/14.3.0/../../../../arm-zephyr-eabi/lib/thumb/v7e-m/nofp/space/libc.a(libc_tinystdio_vflprintf.c.o)
 *(SORT_BY_ALIGNMENT(.gnu.linkonce.t.*))
 *(SORT_BY_ALIGNMENT(.glue_7t))
 .glue_7t       0x00004fc0        0x0 linker stubs
 *(SORT_BY_ALIGNMENT(.glue_7))
 .glue_7        0x00004fc0        0x0 linker stubs
 *(SORT_BY_ALIGNMENT(.vfp11_veneer))
 .vfp11_veneer  0x00004fc0        0x0 linker stubs
 *(SORT_BY_ALIGNMENT(.v4_bx))
 .v4_bx         0x00004fc0        0x0 linker stubs
                0x00004fc0                        . = ALIGN (0x4)
                0x00004fc0                        __text_region_end = .

.ARM.exidx      0x00004fc0        0x0
                0x00004fc0                        __exidx_start = .
 *(SORT_BY_ALIGNMENT(.ARM.exidx*) SORT_BY_ALIGNMENT(gnu.linkonce.armexidx.*))
                0x00004fc0                        __exidx_end = .
                0x00004fc0                        __rodata_region_start = .

initlevel       0x00004fc0       0x50
                0x00004fc0                        __init_start = .
                0x00004fc0                        __init_EARLY_start = .
 *(SORT_BY_NAME(SORT_BY_ALIGNMENT(.z_init_EARLY_P_?_*)))
 .z_init_EARLY_P_0_SUB_0_
                0x00004fc0        0x8 zephyr/soc/soc/nrf52840/libsoc__nordic.a(gppi_init.c.obj)
 *(SORT_BY_NAME(SORT_BY_ALIGNMENT(.z_init_EARLY_P_??_*)))
 *(SORT_BY_NAME(SORT_BY_ALIGNMENT(.z_init_EARLY_P_???_*)))
                0x00004fc8                        __init_PRE_KERNEL_1_start = .
 *(SORT_BY_NAME(SORT_BY_ALIGNMENT(.z_init_PRE_KERNEL_1_P_?_*)))
 *(SORT_BY_NAME(SORT_BY_ALIGNMENT(.z_init_PRE_KERNEL_1_P_??_*)))
 .z_init_PRE_KERNEL_1_P_30_SUB_00078_
                0x00004fc8        0x8 zephyr/drivers/clock_control/libdrivers__clock_control.a(clock_control_nrf.c.obj)
 .z_init_PRE_KERNEL_1_P_40_SUB_00011_
                0x00004fd0        0x8 zephyr/drivers/gpio/libdrivers__gpio.a(gpio_nrfx.c.obj)
 .z_init_PRE_KERNEL_1_P_40_SUB_00107_
                0x00004fd8        0x8 zephyr/drivers/gpio/libdrivers__gpio.a(gpio_nrfx.c.obj)
 .z_init_PRE_KERNEL_1_P_50_SUB_00115_
                0x00004fe0        0x8 zephyr/drivers/serial/libdrivers__serial.a(uart_nrfx_uarte.c.obj)
 .z_init_PRE_KERNEL_1_P_60_SUB_0_
                0x00004fe8        0x8 zephyr/drivers/console/libdrivers__console.a(uart_console.c.obj)
 *(SORT_BY_NAME(SORT_BY_ALIGNMENT(.z_init_PRE_KERNEL_1_P_???_*)))
                0x00004ff0                        __init_PRE_KERNEL_2_start = .
 *(SORT_BY_NAME(SORT_BY_ALIGNMENT(.z_init_PRE_KERNEL_2_P_?_*)))
 .z_init_PRE_KERNEL_2_P_0_SUB_0_
                0x00004ff0        0x8 zephyr/drivers/timer/libdrivers__timer.a(nrf_rtc_timer.c.obj)
 *(SORT_BY_NAME(SORT_BY_ALIGNMENT(.z_init_PRE_KERNEL_2_P_??_*)))
 *(SORT_BY_NAME(SORT_BY_ALIGNMENT(.z_init_PRE_KERNEL_2_P_???_*)))
                0x00004ff8                        __init_POST_KERNEL_start = .
 *(SORT_BY_NAME(SORT_BY_ALIGNMENT(.z_init_POST_KERNEL_P_?_*)))
 *(SORT_BY_NAME(SORT_BY_ALIGNMENT(.z_init_POST_KERNEL_P_??_*)))
 .z_init_POST_KERNEL_P_35_SUB_0_
                0x00004ff8        0x8 zephyr/lib/libc/common/liblib__libc__common.a(malloc.c.obj)
 .z_init_POST_KERNEL_P_50_SUB_00127_
                0x00005000        0x8 zephyr/drivers/i2c/libdrivers__i2c.a(i2c_nrfx_twi.c.obj)
 *(SORT_BY_NAME(SORT_BY_ALIGNMENT(.z_init_POST_KERNEL_P_???_*)))
                0x00005008                        __init_APPLICATION_start = .
 *(SORT_BY_NAME(SORT_BY_ALIGNMENT(.z_init_APPLICATION_P_?_*)))
 .z_init_APPLICATION_P_0_SUB_0_
                0x00005008        0x8 zephyr/libzephyr.a(boot_banner.c.obj)
 *(SORT_BY_NAME(SORT_BY_ALIGNMENT(.z_init_APPLICATION_P_??_*)))
 *(SORT_BY_NAME(SORT_BY_ALIGNMENT(.z_init_APPLICATION_P_???_*)))
                0x00005010                        __init_SMP_start = .
 *(SORT_BY_NAME(SORT_BY_ALIGNMENT(.z_init_SMP_P_?_*)))
 *(SORT_BY_NAME(SORT_BY_ALIGNMENT(.z_init_SMP_P_??_*)))
 *(SORT_BY_NAME(SORT_BY_ALIGNMENT(.z_init_SMP_P_???_*)))
                0x00005010                        __init_end = .

device_area     0x00005010       0x8c
                0x00005010                        _device_list_start = .
 *(SORT_BY_NAME(SORT_BY_ALIGNMENT(._device.static.*_?_*)))
 *(SORT_BY_NAME(SORT_BY_ALIGNMENT(._device.static.*_??_*)))
 ._device.static.1_30_
                0x00005010       0x1c zephyr/drivers/clock_control/libdrivers__clock_control.a(clock_control_nrf.c.obj)
                0x00005010                __device_dts_ord_78
 ._device.static.1_40_
                0x0000502c       0x38 zephyr/drivers/gpio/libdrivers__gpio.a(gpio_nrfx.c.obj)
                0x0000502c                __device_dts_ord_107
                0x00005048                __device_dts_ord_11
 ._device.static.1_50_
                0x00005064       0x1c zephyr/drivers/serial/libdrivers__serial.a(uart_nrfx_uarte.c.obj)
                0x00005064                __device_dts_ord_115
 ._device.static.3_50_
                0x00005080       0x1c zephyr/drivers/i2c/libdrivers__i2c.a(i2c_nrfx_twi.c.obj)
                0x00005080                __device_dts_ord_127
 *(SORT_BY_NAME(SORT_BY_ALIGNMENT(._device.static.*_???_*)))
 *(SORT_BY_NAME(SORT_BY_ALIGNMENT(._device.static.*_????_*)))
 *(SORT_BY_NAME(SORT_BY_ALIGNMENT(._device.static.*_?????_*)))
                0x0000509c                        _device_list_end = .

sw_isr_table    0x0000509c      0x180
                0x0000509c                        . = ALIGN (0x4)
 *(SORT_BY_ALIGNMENT(.gnu.linkonce.sw_isr_table*))
 .gnu.linkonce.sw_isr_table
                0x0000509c      0x180 zephyr/arch/common/libisr_tables.a(isr_tables.c.obj)
                0x0000509c                _sw_isr_table

initlevel_error
 *(SORT_BY_NAME(SORT_BY_ALIGNMENT(.z_init_*)))
                0x00000001                        ASSERT ((SIZEOF (initlevel_error) == 0x0), Undefined initialization levels used.)

app_shmem_regions
                0x0000521c        0x0
                0x0000521c                        __app_shmem_regions_start = .
 *(SORT_BY_NAME(SORT_BY_ALIGNMENT(.app_regions.*)))
                0x0000521c                        __app_shmem_regions_end = .

k_p4wq_initparam_area
                0x0000521c        0x0
                0x0000521c                        _k_p4wq_initparam_list_start = .
 *(SORT_BY_NAME(SORT_BY_ALIGNMENT(._k_p4wq_initparam.static.*)))
                0x0000521c                        _k_p4wq_initparam_list_end = .

k_kernel_init_pre_entry_area
                0x0000521c        0x0
                0x0000521c                        _k_kernel_init_pre_entry_list_start = .
 *(SORT_BY_NAME(SORT_BY_ALIGNMENT(._k_kernel_init_pre_entry.static.*)))
                0x0000521c                        _k_kernel_init_pre_entry_list_end = .

k_kernel_init_post_entry_area
                0x0000521c        0x0
                0x0000521c                        _k_kernel_init_post_entry_list_start = .
 *(SORT_BY_NAME(SORT_BY_ALIGNMENT(._k_kernel_init_post_entry.static.*)))
                0x0000521c                        _k_kernel_init_post_entry_list_end = .

_static_thread_data_area
                0x0000521c        0x0
                0x0000521c                        __static_thread_data_list_start = .
 *(SORT_BY_NAME(SORT_BY_ALIGNMENT(.__static_thread_data.static.*)))
                0x0000521c                        __static_thread_data_list_end = .

device_deps     0x0000521c        0x0
                0x0000521c                        __device_deps_start = .
 *(SORT_BY_NAME(SORT_BY_ALIGNMENT(.__device_deps_pass2*)))
                0x0000521c                        __device_deps_end = .

device_api_area
                0x0000521c       0x64
                0x0000521c                        _counter_driver_api_list_start = .
 *(SORT_BY_NAME(SORT_BY_ALIGNMENT(._counter_driver_api.static.*)))
                0x0000521c                        _counter_driver_api_list_end = .
                0x0000521c                        _counter_driver_api_ext_end = .
                0x0000521c                        _gpio_driver_api_list_start = .
 *(SORT_BY_NAME(SORT_BY_ALIGNMENT(._gpio_driver_api.static.*)))
 ._gpio_driver_api.static.gpio_nrfx_drv_api_funcs_
                0x0000521c       0x24 zephyr/drivers/gpio/libdrivers__gpio.a(gpio_nrfx.c.obj)
                0x00005240                        _gpio_driver_api_list_end = .
                0x00005240                        _gpio_driver_api_ext_end = .
                0x00005240                        _i2c_driver_api_list_start = .
 *(SORT_BY_NAME(SORT_BY_ALIGNMENT(._i2c_driver_api.static.*)))
 ._i2c_driver_api.static.i2c_nrfx_twi_driver_api_
                0x00005240       0x18 zephyr/drivers/i2c/libdrivers__i2c.a(i2c_nrfx_twi.c.obj)
                0x00005258                        _i2c_driver_api_list_end = .
                0x00005258                        _i3c_driver_api_list_start = .
 *(SORT_BY_NAME(SORT_BY_ALIGNMENT(._i3c_driver_api.static.*)))
                0x00005258                        _i3c_driver_api_list_end = .
                0x00005258                        _i3c_driver_api_ext_end = .
                0x00005258                        _i2c_driver_api_ext_end = .
                0x00005258                        _i2c_target_driver_api_list_start = .
 *(SORT_BY_NAME(SORT_BY_ALIGNMENT(._i2c_target_driver_api.static.*)))
                0x00005258                        _i2c_target_driver_api_list_end = .
                0x00005258                        _i2c_target_driver_api_ext_end = .
                0x00005258                        _shared_irq_driver_api_list_start = .
 *(SORT_BY_NAME(SORT_BY_ALIGNMENT(._shared_irq_driver_api.static.*)))
                0x00005258                        _shared_irq_driver_api_list_end = .
                0x00005258                        _shared_irq_driver_api_ext_end = .
                0x00005258                        _audio_codec_driver_api_list_start = .
 *(SORT_BY_NAME(SORT_BY_ALIGNMENT(._audio_codec_driver_api.static.*)))
                0x00005258                        _audio_codec_driver_api_list_end = .
                0x00005258                        _audio_codec_driver_api_ext_end = .
                0x00005258                        _dmic_driver_api_list_start = .
 *(SORT_BY_NAME(SORT_BY_ALIGNMENT(._dmic_driver_api.static.*)))
                0x00005258                        _dmic_driver_api_list_end = .
                0x00005258                        _dmic_driver_api_ext_end = .
                0x00005258                        _crypto_driver_api_list_start = .
 *(SORT_BY_NAME(SORT_BY_ALIGNMENT(._crypto_driver_api.static.*)))
                0x00005258                        _crypto_driver_api_list_end = .
                0x00005258                        _crypto_driver_api_ext_end = .
                0x00005258                        _adc_driver_api_list_start = .
 *(SORT_BY_NAME(SORT_BY_ALIGNMENT(._adc_driver_api.static.*)))
                0x00005258                        _adc_driver_api_list_end = .
                0x00005258                        _adc_driver_api_ext_end = .
                0x00005258                        _auxdisplay_driver_api_list_start = .
 *(SORT_BY_NAME(SORT_BY_ALIGNMENT(._auxdisplay_driver_api.static.*)))
                0x00005258                        _auxdisplay_driver_api_list_end = .
                0x00005258                        _auxdisplay_driver_api_ext_end = .
                0x00005258                        _bbram_driver_api_list_start = .
 *(SORT_BY_NAME(SORT_BY_ALIGNMENT(._bbram_driver_api.static.*)))
                0x00005258                        _bbram_driver_api_list_end = .
                0x00005258                        _bbram_driver_api_ext_end = .
                0x00005258                        _biometric_driver_api_list_start = .
 *(SORT_BY_NAME(SORT_BY_ALIGNMENT(._biometric_driver_api.static.*)))
                0x00005258                        _biometric_driver_api_list_end = .
                0x00005258                        _biometric_driver_api_ext_end = .
                0x00005258                        _bt_hci_driver_api_list_start = .
 *(SORT_BY_NAME(SORT_BY_ALIGNMENT(._bt_hci_driver_api.static.*)))
                0x00005258                        _bt_hci_driver_api_list_end = .
                0x00005258                        _bt_hci_driver_api_ext_end = .
                0x00005258                        _buzzer_driver_api_list_start = .
 *(SORT_BY_NAME(SORT_BY_ALIGNMENT(._buzzer_driver_api.static.*)))
                0x00005258                        _buzzer_driver_api_list_end = .
                0x00005258                        _buzzer_driver_api_ext_end = .
                0x00005258                        _can_driver_api_list_start = .
 *(SORT_BY_NAME(SORT_BY_ALIGNMENT(._can_driver_api.static.*)))
                0x00005258                        _can_driver_api_list_end = .
                0x00005258                        _can_driver_api_ext_end = .
                0x00005258                        _cellular_driver_api_list_start = .
 *(SORT_BY_NAME(SORT_BY_ALIGNMENT(._cellular_driver_api.static.*)))
                0x00005258                        _cellular_driver_api_list_end = .
                0x00005258                        _cellular_driver_api_ext_end = .
                0x00005258                        _charger_driver_api_list_start = .
 *(SORT_BY_NAME(SORT_BY_ALIGNMENT(._charger_driver_api.static.*)))
                0x00005258                        _charger_driver_api_list_end = .
                0x00005258                        _charger_driver_api_ext_end = .
                0x00005258                        _clock_control_driver_api_list_start = .
 *(SORT_BY_NAME(SORT_BY_ALIGNMENT(._clock_control_driver_api.static.*)))
 ._clock_control_driver_api.static.clock_control_api_
                0x00005258       0x1c zephyr/drivers/clock_control/libdrivers__clock_control.a(clock_control_nrf.c.obj)
                0x00005274                        _clock_control_driver_api_list_end = .
                0x00005274                        _nrf_clock_control_driver_api_list_start = .
 *(SORT_BY_NAME(SORT_BY_ALIGNMENT(._nrf_clock_control_driver_api.static.*)))
                0x00005274                        _nrf_clock_control_driver_api_list_end = .
                0x00005274                        _nrf_clock_control_driver_api_ext_end = .
                0x00005274                        _clock_control_driver_api_ext_end = .
                0x00005274                        _clock_monitor_driver_api_list_start = .
 *(SORT_BY_NAME(SORT_BY_ALIGNMENT(._clock_monitor_driver_api.static.*)))
                0x00005274                        _clock_monitor_driver_api_list_end = .
                0x00005274                        _clock_monitor_driver_api_ext_end = .
                0x00005274                        _comparator_driver_api_list_start = .
 *(SORT_BY_NAME(SORT_BY_ALIGNMENT(._comparator_driver_api.static.*)))
                0x00005274                        _comparator_driver_api_list_end = .
                0x00005274                        _comparator_driver_api_ext_end = .
                0x00005274                        _coredump_driver_api_list_start = .
 *(SORT_BY_NAME(SORT_BY_ALIGNMENT(._coredump_driver_api.static.*)))
                0x00005274                        _coredump_driver_api_list_end = .
                0x00005274                        _coredump_driver_api_ext_end = .
                0x00005274                        _crc_driver_api_list_start = .
 *(SORT_BY_NAME(SORT_BY_ALIGNMENT(._crc_driver_api.static.*)))
                0x00005274                        _crc_driver_api_list_end = .
                0x00005274                        _crc_driver_api_ext_end = .
                0x00005274                        _dac_driver_api_list_start = .
 *(SORT_BY_NAME(SORT_BY_ALIGNMENT(._dac_driver_api.static.*)))
                0x00005274                        _dac_driver_api_list_end = .
                0x00005274                        _dac_driver_api_ext_end = .
                0x00005274                        _dai_driver_api_list_start = .
 *(SORT_BY_NAME(SORT_BY_ALIGNMENT(._dai_driver_api.static.*)))
                0x00005274                        _dai_driver_api_list_end = .
                0x00005274                        _dai_driver_api_ext_end = .
                0x00005274                        _dali_driver_api_list_start = .
 *(SORT_BY_NAME(SORT_BY_ALIGNMENT(._dali_driver_api.static.*)))
                0x00005274                        _dali_driver_api_list_end = .
                0x00005274                        _dali_driver_api_ext_end = .
                0x00005274                        _display_driver_api_list_start = .
 *(SORT_BY_NAME(SORT_BY_ALIGNMENT(._display_driver_api.static.*)))
                0x00005274                        _display_driver_api_list_end = .
                0x00005274                        _display_driver_api_ext_end = .
                0x00005274                        _dma_driver_api_list_start = .
 *(SORT_BY_NAME(SORT_BY_ALIGNMENT(._dma_driver_api.static.*)))
                0x00005274                        _dma_driver_api_list_end = .
                0x00005274                        _dma_driver_api_ext_end = .
                0x00005274                        _edac_driver_api_list_start = .
 *(SORT_BY_NAME(SORT_BY_ALIGNMENT(._edac_driver_api.static.*)))
                0x00005274                        _edac_driver_api_list_end = .
                0x00005274                        _edac_driver_api_ext_end = .
                0x00005274                        _eeprom_driver_api_list_start = .
 *(SORT_BY_NAME(SORT_BY_ALIGNMENT(._eeprom_driver_api.static.*)))
                0x00005274                        _eeprom_driver_api_list_end = .
                0x00005274                        _eeprom_driver_api_ext_end = .
                0x00005274                        _emul_bbram_driver_api_list_start = .
 *(SORT_BY_NAME(SORT_BY_ALIGNMENT(._emul_bbram_driver_api.static.*)))
                0x00005274                        _emul_bbram_driver_api_list_end = .
                0x00005274                        _emul_bbram_driver_api_ext_end = .
                0x00005274                        _fuel_gauge_emul_driver_api_list_start = .
 *(SORT_BY_NAME(SORT_BY_ALIGNMENT(._fuel_gauge_emul_driver_api.static.*)))
                0x00005274                        _fuel_gauge_emul_driver_api_list_end = .
                0x00005274                        _fuel_gauge_emul_driver_api_ext_end = .
                0x00005274                        _emul_sensor_driver_api_list_start = .
 *(SORT_BY_NAME(SORT_BY_ALIGNMENT(._emul_sensor_driver_api.static.*)))
                0x00005274                        _emul_sensor_driver_api_list_end = .
                0x00005274                        _emul_sensor_driver_api_ext_end = .
                0x00005274                        _entropy_driver_api_list_start = .
 *(SORT_BY_NAME(SORT_BY_ALIGNMENT(._entropy_driver_api.static.*)))
                0x00005274                        _entropy_driver_api_list_end = .
                0x00005274                        _entropy_driver_api_ext_end = .
                0x00005274                        _espi_driver_api_list_start = .
 *(SORT_BY_NAME(SORT_BY_ALIGNMENT(._espi_driver_api.static.*)))
                0x00005274                        _espi_driver_api_list_end = .
                0x00005274                        _emul_espi_driver_api_list_start = .
 *(SORT_BY_NAME(SORT_BY_ALIGNMENT(._emul_espi_driver_api.static.*)))
                0x00005274                        _emul_espi_driver_api_list_end = .
                0x00005274                        _emul_espi_driver_api_ext_end = .
                0x00005274                        _espi_driver_api_ext_end = .
                0x00005274                        _espi_saf_driver_api_list_start = .
 *(SORT_BY_NAME(SORT_BY_ALIGNMENT(._espi_saf_driver_api.static.*)))
                0x00005274                        _espi_saf_driver_api_list_end = .
                0x00005274                        _espi_saf_driver_api_ext_end = .
                0x00005274                        _flash_driver_api_list_start = .
 *(SORT_BY_NAME(SORT_BY_ALIGNMENT(._flash_driver_api.static.*)))
                0x00005274                        _flash_driver_api_list_end = .
                0x00005274                        _flash_driver_api_ext_end = .
                0x00005274                        _fpga_driver_api_list_start = .
 *(SORT_BY_NAME(SORT_BY_ALIGNMENT(._fpga_driver_api.static.*)))
                0x00005274                        _fpga_driver_api_list_end = .
                0x00005274                        _fpga_driver_api_ext_end = .
                0x00005274                        _fuel_gauge_driver_api_list_start = .
 *(SORT_BY_NAME(SORT_BY_ALIGNMENT(._fuel_gauge_driver_api.static.*)))
                0x00005274                        _fuel_gauge_driver_api_list_end = .
                0x00005274                        _fuel_gauge_driver_api_ext_end = .
                0x00005274                        _gnss_driver_api_list_start = .
 *(SORT_BY_NAME(SORT_BY_ALIGNMENT(._gnss_driver_api.static.*)))
                0x00005274                        _gnss_driver_api_list_end = .
                0x00005274                        _gnss_driver_api_ext_end = .
                0x00005274                        _haptics_driver_api_list_start = .
 *(SORT_BY_NAME(SORT_BY_ALIGNMENT(._haptics_driver_api.static.*)))
                0x00005274                        _haptics_driver_api_list_end = .
                0x00005274                        _haptics_driver_api_ext_end = .
                0x00005274                        _hwspinlock_driver_api_list_start = .
 *(SORT_BY_NAME(SORT_BY_ALIGNMENT(._hwspinlock_driver_api.static.*)))
                0x00005274                        _hwspinlock_driver_api_list_end = .
                0x00005274                        _hwspinlock_driver_api_ext_end = .
                0x00005274                        _i2s_driver_api_list_start = .
 *(SORT_BY_NAME(SORT_BY_ALIGNMENT(._i2s_driver_api.static.*)))
                0x00005274                        _i2s_driver_api_list_end = .
                0x00005274                        _i2s_driver_api_ext_end = .
                0x00005274                        _ipm_driver_api_list_start = .
 *(SORT_BY_NAME(SORT_BY_ALIGNMENT(._ipm_driver_api.static.*)))
                0x00005274                        _ipm_driver_api_list_end = .
                0x00005274                        _ipm_driver_api_ext_end = .
                0x00005274                        _led_driver_api_list_start = .
 *(SORT_BY_NAME(SORT_BY_ALIGNMENT(._led_driver_api.static.*)))
                0x00005274                        _led_driver_api_list_end = .
                0x00005274                        _led_driver_api_ext_end = .
                0x00005274                        _led_strip_driver_api_list_start = .
 *(SORT_BY_NAME(SORT_BY_ALIGNMENT(._led_strip_driver_api.static.*)))
                0x00005274                        _led_strip_driver_api_list_end = .
                0x00005274                        _led_strip_driver_api_ext_end = .
                0x00005274                        _lora_driver_api_list_start = .
 *(SORT_BY_NAME(SORT_BY_ALIGNMENT(._lora_driver_api.static.*)))
                0x00005274                        _lora_driver_api_list_end = .
                0x00005274                        _lora_driver_api_ext_end = .
                0x00005274                        _mbox_driver_api_list_start = .
 *(SORT_BY_NAME(SORT_BY_ALIGNMENT(._mbox_driver_api.static.*)))
                0x00005274                        _mbox_driver_api_list_end = .
                0x00005274                        _mbox_driver_api_ext_end = .
                0x00005274                        _mdio_driver_api_list_start = .
 *(SORT_BY_NAME(SORT_BY_ALIGNMENT(._mdio_driver_api.static.*)))
                0x00005274                        _mdio_driver_api_list_end = .
                0x00005274                        _mdio_driver_api_ext_end = .
                0x00005274                        _memc_driver_api_list_start = .
 *(SORT_BY_NAME(SORT_BY_ALIGNMENT(._memc_driver_api.static.*)))
                0x00005274                        _memc_driver_api_list_end = .
                0x00005274                        _memc_driver_api_ext_end = .
                0x00005274                        _mipi_dbi_driver_api_list_start = .
 *(SORT_BY_NAME(SORT_BY_ALIGNMENT(._mipi_dbi_driver_api.static.*)))
                0x00005274                        _mipi_dbi_driver_api_list_end = .
                0x00005274                        _mipi_dbi_driver_api_ext_end = .
                0x00005274                        _mipi_dsi_driver_api_list_start = .
 *(SORT_BY_NAME(SORT_BY_ALIGNMENT(._mipi_dsi_driver_api.static.*)))
                0x00005274                        _mipi_dsi_driver_api_list_end = .
                0x00005274                        _mipi_dsi_driver_api_ext_end = .
                0x00005274                        _mspi_driver_api_list_start = .
 *(SORT_BY_NAME(SORT_BY_ALIGNMENT(._mspi_driver_api.static.*)))
                0x00005274                        _mspi_driver_api_list_end = .
                0x00005274                        _emul_mspi_driver_api_list_start = .
 *(SORT_BY_NAME(SORT_BY_ALIGNMENT(._emul_mspi_driver_api.static.*)))
                0x00005274                        _emul_mspi_driver_api_list_end = .
                0x00005274                        _emul_mspi_driver_api_ext_end = .
                0x00005274                        _mspi_driver_api_ext_end = .
                0x00005274                        _opamp_driver_api_list_start = .
 *(SORT_BY_NAME(SORT_BY_ALIGNMENT(._opamp_driver_api.static.*)))
                0x00005274                        _opamp_driver_api_list_end = .
                0x00005274                        _opamp_driver_api_ext_end = .
                0x00005274                        _otp_driver_api_list_start = .
 *(SORT_BY_NAME(SORT_BY_ALIGNMENT(._otp_driver_api.static.*)))
                0x00005274                        _otp_driver_api_list_end = .
                0x00005274                        _otp_driver_api_ext_end = .
                0x00005274                        _peci_driver_api_list_start = .
 *(SORT_BY_NAME(SORT_BY_ALIGNMENT(._peci_driver_api.static.*)))
                0x00005274                        _peci_driver_api_list_end = .
                0x00005274                        _peci_driver_api_ext_end = .
                0x00005274                        _ps2_driver_api_list_start = .
 *(SORT_BY_NAME(SORT_BY_ALIGNMENT(._ps2_driver_api.static.*)))
                0x00005274                        _ps2_driver_api_list_end = .
                0x00005274                        _ps2_driver_api_ext_end = .
                0x00005274                        _ptp_clock_driver_api_list_start = .
 *(SORT_BY_NAME(SORT_BY_ALIGNMENT(._ptp_clock_driver_api.static.*)))
                0x00005274                        _ptp_clock_driver_api_list_end = .
                0x00005274                        _ptp_clock_driver_api_ext_end = .
                0x00005274                        _pwm_driver_api_list_start = .
 *(SORT_BY_NAME(SORT_BY_ALIGNMENT(._pwm_driver_api.static.*)))
                0x00005274                        _pwm_driver_api_list_end = .
                0x00005274                        _pwm_driver_api_ext_end = .
                0x00005274                        _regulator_parent_driver_api_list_start = .
 *(SORT_BY_NAME(SORT_BY_ALIGNMENT(._regulator_parent_driver_api.static.*)))
                0x00005274                        _regulator_parent_driver_api_list_end = .
                0x00005274                        _regulator_parent_driver_api_ext_end = .
                0x00005274                        _regulator_driver_api_list_start = .
 *(SORT_BY_NAME(SORT_BY_ALIGNMENT(._regulator_driver_api.static.*)))
                0x00005274                        _regulator_driver_api_list_end = .
                0x00005274                        _regulator_driver_api_ext_end = .
                0x00005274                        _reset_driver_api_list_start = .
 *(SORT_BY_NAME(SORT_BY_ALIGNMENT(._reset_driver_api.static.*)))
                0x00005274                        _reset_driver_api_list_end = .
                0x00005274                        _reset_driver_api_ext_end = .
                0x00005274                        _retained_mem_driver_api_list_start = .
 *(SORT_BY_NAME(SORT_BY_ALIGNMENT(._retained_mem_driver_api.static.*)))
                0x00005274                        _retained_mem_driver_api_list_end = .
                0x00005274                        _retained_mem_driver_api_ext_end = .
                0x00005274                        _rtc_driver_api_list_start = .
 *(SORT_BY_NAME(SORT_BY_ALIGNMENT(._rtc_driver_api.static.*)))
                0x00005274                        _rtc_driver_api_list_end = .
                0x00005274                        _rtc_driver_api_ext_end = .
                0x00005274                        _sdhc_driver_api_list_start = .
 *(SORT_BY_NAME(SORT_BY_ALIGNMENT(._sdhc_driver_api.static.*)))
                0x00005274                        _sdhc_driver_api_list_end = .
                0x00005274                        _sdhc_driver_api_ext_end = .
                0x00005274                        _sensor_driver_api_list_start = .
 *(SORT_BY_NAME(SORT_BY_ALIGNMENT(._sensor_driver_api.static.*)))
                0x00005274                        _sensor_driver_api_list_end = .
                0x00005274                        _sensor_driver_api_ext_end = .
                0x00005274                        _smbus_driver_api_list_start = .
 *(SORT_BY_NAME(SORT_BY_ALIGNMENT(._smbus_driver_api.static.*)))
                0x00005274                        _smbus_driver_api_list_end = .
                0x00005274                        _smbus_driver_api_ext_end = .
                0x00005274                        _spi_driver_api_list_start = .
 *(SORT_BY_NAME(SORT_BY_ALIGNMENT(._spi_driver_api.static.*)))
                0x00005274                        _spi_driver_api_list_end = .
                0x00005274                        _spi_driver_api_ext_end = .
                0x00005274                        _syscon_driver_api_list_start = .
 *(SORT_BY_NAME(SORT_BY_ALIGNMENT(._syscon_driver_api.static.*)))
                0x00005274                        _syscon_driver_api_list_end = .
                0x00005274                        _syscon_driver_api_ext_end = .
                0x00005274                        _tee_driver_api_list_start = .
 *(SORT_BY_NAME(SORT_BY_ALIGNMENT(._tee_driver_api.static.*)))
                0x00005274                        _tee_driver_api_list_end = .
                0x00005274                        _tee_driver_api_ext_end = .
                0x00005274                        _tgpio_driver_api_list_start = .
 *(SORT_BY_NAME(SORT_BY_ALIGNMENT(._tgpio_driver_api.static.*)))
                0x00005274                        _tgpio_driver_api_list_end = .
                0x00005274                        _tgpio_driver_api_ext_end = .
                0x00005274                        _uaol_driver_api_list_start = .
 *(SORT_BY_NAME(SORT_BY_ALIGNMENT(._uaol_driver_api.static.*)))
                0x00005274                        _uaol_driver_api_list_end = .
                0x00005274                        _uaol_driver_api_ext_end = .
                0x00005274                        _video_driver_api_list_start = .
 *(SORT_BY_NAME(SORT_BY_ALIGNMENT(._video_driver_api.static.*)))
                0x00005274                        _video_driver_api_list_end = .
                0x00005274                        _video_driver_api_ext_end = .
                0x00005274                        _virtio_driver_api_list_start = .
 *(SORT_BY_NAME(SORT_BY_ALIGNMENT(._virtio_driver_api.static.*)))
                0x00005274                        _virtio_driver_api_list_end = .
                0x00005274                        _virtio_driver_api_ext_end = .
                0x00005274                        _w1_driver_api_list_start = .
 *(SORT_BY_NAME(SORT_BY_ALIGNMENT(._w1_driver_api.static.*)))
                0x00005274                        _w1_driver_api_list_end = .
                0x00005274                        _w1_driver_api_ext_end = .
                0x00005274                        _wdt_driver_api_list_start = .
 *(SORT_BY_NAME(SORT_BY_ALIGNMENT(._wdt_driver_api.static.*)))
                0x00005274                        _wdt_driver_api_list_end = .
                0x00005274                        _wdt_driver_api_ext_end = .
                0x00005274                        _wuc_driver_api_list_start = .
 *(SORT_BY_NAME(SORT_BY_ALIGNMENT(._wuc_driver_api.static.*)))
                0x00005274                        _wuc_driver_api_list_end = .
                0x00005274                        _wuc_driver_api_ext_end = .
                0x00005274                        _can_transceiver_driver_api_list_start = .
 *(SORT_BY_NAME(SORT_BY_ALIGNMENT(._can_transceiver_driver_api.static.*)))
                0x00005274                        _can_transceiver_driver_api_list_end = .
                0x00005274                        _can_transceiver_driver_api_ext_end = .
                0x00005274                        _i3c_target_driver_api_list_start = .
 *(SORT_BY_NAME(SORT_BY_ALIGNMENT(._i3c_target_driver_api.static.*)))
                0x00005274                        _i3c_target_driver_api_list_end = .
                0x00005274                        _i3c_target_driver_api_ext_end = .
                0x00005274                        _its_driver_api_list_start = .
 *(SORT_BY_NAME(SORT_BY_ALIGNMENT(._its_driver_api.static.*)))
                0x00005274                        _its_driver_api_list_end = .
                0x00005274                        _its_driver_api_ext_end = .
                0x00005274                        _vtd_driver_api_list_start = .
 *(SORT_BY_NAME(SORT_BY_ALIGNMENT(._vtd_driver_api.static.*)))
                0x00005274                        _vtd_driver_api_list_end = .
                0x00005274                        _vtd_driver_api_ext_end = .
                0x00005274                        _renesas_elc_driver_api_list_start = .
 *(SORT_BY_NAME(SORT_BY_ALIGNMENT(._renesas_elc_driver_api.static.*)))
                0x00005274                        _renesas_elc_driver_api_list_end = .
                0x00005274                        _renesas_elc_driver_api_ext_end = .
                0x00005274                        _pcie_ctrl_driver_api_list_start = .
 *(SORT_BY_NAME(SORT_BY_ALIGNMENT(._pcie_ctrl_driver_api.static.*)))
                0x00005274                        _pcie_ctrl_driver_api_list_end = .
                0x00005274                        _pcie_ctrl_driver_api_ext_end = .
                0x00005274                        _pcie_ep_driver_api_list_start = .
 *(SORT_BY_NAME(SORT_BY_ALIGNMENT(._pcie_ep_driver_api.static.*)))
                0x00005274                        _pcie_ep_driver_api_list_end = .
                0x00005274                        _pcie_ep_driver_api_ext_end = .
                0x00005274                        _psi5_driver_api_list_start = .
 *(SORT_BY_NAME(SORT_BY_ALIGNMENT(._psi5_driver_api.static.*)))
                0x00005274                        _psi5_driver_api_list_end = .
                0x00005274                        _psi5_driver_api_ext_end = .
                0x00005274                        _sent_driver_api_list_start = .
 *(SORT_BY_NAME(SORT_BY_ALIGNMENT(._sent_driver_api.static.*)))
                0x00005274                        _sent_driver_api_list_end = .
                0x00005274                        _sent_driver_api_ext_end = .
                0x00005274                        _svc_driver_api_list_start = .
 *(SORT_BY_NAME(SORT_BY_ALIGNMENT(._svc_driver_api.static.*)))
                0x00005274                        _svc_driver_api_list_end = .
                0x00005274                        _svc_driver_api_ext_end = .
                0x00005274                        _stepper_driver_api_list_start = .
 *(SORT_BY_NAME(SORT_BY_ALIGNMENT(._stepper_driver_api.static.*)))
                0x00005274                        _stepper_driver_api_list_end = .
                0x00005274                        _stepper_driver_api_ext_end = .
                0x00005274                        _stepper_ctrl_driver_api_list_start = .
 *(SORT_BY_NAME(SORT_BY_ALIGNMENT(._stepper_ctrl_driver_api.static.*)))
                0x00005274                        _stepper_ctrl_driver_api_list_end = .
                0x00005274                        _stepper_ctrl_driver_api_ext_end = .
                0x00005274                        _uart_driver_api_list_start = .
 *(SORT_BY_NAME(SORT_BY_ALIGNMENT(._uart_driver_api.static.*)))
 ._uart_driver_api.static.uart_nrfx_uarte_driver_api_
                0x00005274        0xc zephyr/drivers/serial/libdrivers__serial.a(uart_nrfx_uarte.c.obj)
                0x00005280                        _uart_driver_api_list_end = .
                0x00005280                        _uart_driver_api_ext_end = .
                0x00005280                        _bc12_emul_driver_api_list_start = .
 *(SORT_BY_NAME(SORT_BY_ALIGNMENT(._bc12_emul_driver_api.static.*)))
                0x00005280                        _bc12_emul_driver_api_list_end = .
                0x00005280                        _bc12_emul_driver_api_ext_end = .
                0x00005280                        _uhc_driver_api_list_start = .
 *(SORT_BY_NAME(SORT_BY_ALIGNMENT(._uhc_driver_api.static.*)))
                0x00005280                        _uhc_driver_api_list_end = .
                0x00005280                        _uhc_driver_api_ext_end = .
                0x00005280                        _bc12_driver_api_list_start = .
 *(SORT_BY_NAME(SORT_BY_ALIGNMENT(._bc12_driver_api.static.*)))
                0x00005280                        _bc12_driver_api_list_end = .
                0x00005280                        _bc12_driver_api_ext_end = .
                0x00005280                        _usbc_ppc_driver_api_list_start = .
 *(SORT_BY_NAME(SORT_BY_ALIGNMENT(._usbc_ppc_driver_api.static.*)))
                0x00005280                        _usbc_ppc_driver_api_list_end = .
                0x00005280                        _usbc_ppc_driver_api_ext_end = .
                0x00005280                        _tcpc_driver_api_list_start = .
 *(SORT_BY_NAME(SORT_BY_ALIGNMENT(._tcpc_driver_api.static.*)))
                0x00005280                        _tcpc_driver_api_list_end = .
                0x00005280                        _tcpc_driver_api_ext_end = .
                0x00005280                        _usbc_vbus_driver_api_list_start = .
 *(SORT_BY_NAME(SORT_BY_ALIGNMENT(._usbc_vbus_driver_api.static.*)))
                0x00005280                        _usbc_vbus_driver_api_list_end = .
                0x00005280                        _usbc_vbus_driver_api_ext_end = .
                0x00005280                        _ivshmem_driver_api_list_start = .
 *(SORT_BY_NAME(SORT_BY_ALIGNMENT(._ivshmem_driver_api.static.*)))
                0x00005280                        _ivshmem_driver_api_list_end = .
                0x00005280                        _ivshmem_driver_api_ext_end = .
                0x00005280                        _ethphy_driver_api_list_start = .
 *(SORT_BY_NAME(SORT_BY_ALIGNMENT(._ethphy_driver_api.static.*)))
                0x00005280                        _ethphy_driver_api_list_end = .
                0x00005280                        _ethphy_driver_api_ext_end = .

ztest           0x00005280        0x0
                0x00005280                        _ztest_expected_result_entry_list_start = .
 *(SORT_BY_NAME(SORT_BY_ALIGNMENT(._ztest_expected_result_entry.static.*)))
                0x00005280                        _ztest_expected_result_entry_list_end = .
                0x00005280                        _ztest_suite_node_list_start = .
 *(SORT_BY_NAME(SORT_BY_ALIGNMENT(._ztest_suite_node.static.*)))
                0x00005280                        _ztest_suite_node_list_end = .
                0x00005280                        _ztest_unit_test_list_start = .
 *(SORT_BY_NAME(SORT_BY_ALIGNMENT(._ztest_unit_test.static.*)))
                0x00005280                        _ztest_unit_test_list_end = .
                0x00005280                        _ztest_param_inst_list_start = .
 *(SORT_BY_NAME(SORT_BY_ALIGNMENT(._ztest_param_inst.static.*)))
                0x00005280                        _ztest_param_inst_list_end = .
                0x00005280                        _ztest_test_rule_list_start = .
 *(SORT_BY_NAME(SORT_BY_ALIGNMENT(._ztest_test_rule.static.*)))
                0x00005280                        _ztest_test_rule_list_end = .

init_array      0x00005280        0x0
                0x00005280                        __zephyr_init_array_start = .
 *(SORT_BY_INIT_PRIORITY(.init_array.*) SORT_BY_INIT_PRIORITY(.ctors.*))
 *(SORT_BY_ALIGNMENT(.init_array) SORT_BY_ALIGNMENT(.ctors))
                0x00005280                        __zephyr_init_array_end = .
                0x00000001                        ASSERT ((__zephyr_init_array_start == __zephyr_init_array_end), GNU-style constructors required but STATIC_INIT_GNU not enabled)

bt_l2cap_fixed_chan_area
                0x00005280        0x0
                0x00005280                        _bt_l2cap_fixed_chan_list_start = .
 *(SORT_BY_NAME(SORT_BY_ALIGNMENT(._bt_l2cap_fixed_chan.static.*)))
                0x00005280                        _bt_l2cap_fixed_chan_list_end = .

bt_gatt_service_static_area
                0x00005280        0x0
                0x00005280                        _bt_gatt_service_static_list_start = .
 *(SORT_BY_NAME(SORT_BY_ALIGNMENT(._bt_gatt_service_static.static.*)))
                0x00005280                        _bt_gatt_service_static_list_end = .

log_strings_area
                0x00005280        0x0
                0x00005280                        _log_strings_list_start = .
 *(SORT_BY_NAME(SORT_BY_ALIGNMENT(._log_strings.static.*)))
                0x00005280                        _log_strings_list_end = .

log_stmesp_ptr_area
                0x00005280        0x0
                0x00005280                        _log_stmesp_ptr_list_start = .
 *(SORT_BY_NAME(SORT_BY_ALIGNMENT(._log_stmesp_ptr.static.*)))
                0x00005280                        _log_stmesp_ptr_list_end = .

log_stmesp_str_area
                0x00005280        0x0
                0x00005280                        _log_stmesp_str_list_start = .
 *(SORT_BY_NAME(SORT_BY_ALIGNMENT(._log_stmesp_str.static.*)))
                0x00005280                        _log_stmesp_str_list_end = .

log_const_area  0x00005280        0x0
                0x00005280                        _log_const_list_start = .
 *(SORT_BY_NAME(SORT_BY_ALIGNMENT(._log_const.static.*)))
                0x00005280                        _log_const_list_end = .

log_backend_area
                0x00005280        0x0
                0x00005280                        _log_backend_list_start = .
 *(SORT_BY_NAME(SORT_BY_ALIGNMENT(._log_backend.static.*)))
                0x00005280                        _log_backend_list_end = .

log_link_area   0x00005280        0x0
                0x00005280                        _log_link_list_start = .
 *(SORT_BY_NAME(SORT_BY_ALIGNMENT(._log_link.static.*)))
                0x00005280                        _log_link_list_end = .

tracing_backend_area
                0x00005280        0x0
                0x00005280                        _tracing_backend_list_start = .
 *(SORT_BY_NAME(SORT_BY_ALIGNMENT(._tracing_backend.static.*)))
                0x00005280                        _tracing_backend_list_end = .

zephyr_dbg_info
 *(SORT_BY_ALIGNMENT(.dbg_thread_info))

intc_table_area
                0x00005280        0x0
                0x00005280                        _intc_table_list_start = .
 *(SORT_BY_NAME(SORT_BY_ALIGNMENT(._intc_table.static.*)))
                0x00005280                        _intc_table_list_end = .

symbol_to_keep  0x00005280        0x0
                0x00005280                        __symbol_to_keep_start = .
 *(SORT_BY_NAME(SORT_BY_ALIGNMENT(.symbol_to_keep*)))
                0x00005280                        __symbol_to_keep_end = .

shell_area      0x00005280        0x0
                0x00005280                        _shell_list_start = .
 *(SORT_BY_NAME(SORT_BY_ALIGNMENT(._shell.static.*)))
                0x00005280                        _shell_list_end = .

shell_root_cmds_area
                0x00005280        0x0
                0x00005280                        _shell_root_cmds_list_start = .
 *(SORT_BY_NAME(SORT_BY_ALIGNMENT(._shell_root_cmds.static.*)))
                0x00005280                        _shell_root_cmds_list_end = .

shell_subcmds_area
                0x00005280        0x0
                0x00005280                        _shell_subcmds_list_start = .
 *(SORT_BY_NAME(SORT_BY_ALIGNMENT(._shell_subcmds.static.*)))
                0x00005280                        _shell_subcmds_list_end = .

shell_dynamic_subcmds_area
                0x00005280        0x0
                0x00005280                        _shell_dynamic_subcmds_list_start = .
 *(SORT_BY_NAME(SORT_BY_ALIGNMENT(._shell_dynamic_subcmds.static.*)))
                0x00005280                        _shell_dynamic_subcmds_list_end = .

shell_remote_area
                0x00005280        0x0
                0x00005280                        _shell_remote_list_start = .
 *(SORT_BY_NAME(SORT_BY_ALIGNMENT(._shell_remote.static.*)))
                0x00005280                        _shell_remote_list_end = .

cfb_font_area   0x00005280        0x0
                0x00005280                        _cfb_font_list_start = .
 *(SORT_BY_NAME(SORT_BY_ALIGNMENT(._cfb_font.static.*)))
                0x00005280                        _cfb_font_list_end = .

tdata           0x00005280        0x0
 *(SORT_BY_ALIGNMENT(.tdata) SORT_BY_ALIGNMENT(.tdata.*) SORT_BY_ALIGNMENT(.gnu.linkonce.td.*))

tbss            0x00005280        0x4
 *(SORT_BY_ALIGNMENT(.tbss) SORT_BY_ALIGNMENT(.tbss.*) SORT_BY_ALIGNMENT(.gnu.linkonce.tb.*) SORT_BY_ALIGNMENT(.tcommon))
 .tbss.z_tls_current
                0x00005280        0x4 zephyr/libzephyr.a(thread_entry.c.obj)
                0x00005280                z_tls_current
                0x00005280                        PROVIDE (__tdata_start = LOADADDR (tdata))
                0x00000001                        PROVIDE (__tdata_align = ALIGNOF (tdata))
                0x00000000                        PROVIDE (__tdata_size = (((SIZEOF (tdata) + __tdata_align) - 0x1) & ~ ((__tdata_align - 0x1))))
                [!provide]                        PROVIDE (__tdata_end = (__tdata_start + __tdata_size))
                0x00000004                        PROVIDE (__tbss_align = ALIGNOF (tbss))
                [!provide]                        PROVIDE (__tbss_start = ADDR (tbss))
                0x00000004                        PROVIDE (__tbss_size = (((SIZEOF (tbss) + __tbss_align) - 0x1) & ~ ((__tbss_align - 0x1))))
                [!provide]                        PROVIDE (__tbss_end = (__tbss_start + __tbss_size))
                [!provide]                        PROVIDE (__tls_start = __tdata_start)
                [!provide]                        PROVIDE (__tls_size = (__tbss_end - __tdata_start))
                [!provide]                        PROVIDE (__tls_end = __tbss_end)
